###############################################################################
#
# IAR ELF Linker V3.11.1.207 for STM8                     23/Jan/2021  19:25:03
# Copyright 2010-2019 IAR Systems AB.
#
#    Output file  =  
#        C:\Users\scm\Desktop\TempHat\TempHat_V2.0.4\MCU\STM8\EWARM\Debug\Exe\Project.out
#    Map file     =  
#        C:\Users\scm\Desktop\TempHat\TempHat_V2.0.4\MCU\STM8\EWARM\Debug\List\Project.map
#    Command line =  
#        -f C:\Users\scm\AppData\Local\Temp\EW44E8.tmp
#        (C:\Users\scm\Desktop\TempHat\TempHat_V2.0.4\MCU\STM8\EWARM\Debug\Obj\analog.o
#        C:\Users\scm\Desktop\TempHat\TempHat_V2.0.4\MCU\STM8\EWARM\Debug\Obj\configure.o
#        C:\Users\scm\Desktop\TempHat\TempHat_V2.0.4\MCU\STM8\EWARM\Debug\Obj\digitron.o
#        C:\Users\scm\Desktop\TempHat\TempHat_V2.0.4\MCU\STM8\EWARM\Debug\Obj\fan.o
#        C:\Users\scm\Desktop\TempHat\TempHat_V2.0.4\MCU\STM8\EWARM\Debug\Obj\filter.o
#        C:\Users\scm\Desktop\TempHat\TempHat_V2.0.4\MCU\STM8\EWARM\Debug\Obj\iic.o
#        C:\Users\scm\Desktop\TempHat\TempHat_V2.0.4\MCU\STM8\EWARM\Debug\Obj\iwdg.o
#        C:\Users\scm\Desktop\TempHat\TempHat_V2.0.4\MCU\STM8\EWARM\Debug\Obj\key.o
#        C:\Users\scm\Desktop\TempHat\TempHat_V2.0.4\MCU\STM8\EWARM\Debug\Obj\led.o
#        C:\Users\scm\Desktop\TempHat\TempHat_V2.0.4\MCU\STM8\EWARM\Debug\Obj\main.o
#        C:\Users\scm\Desktop\TempHat\TempHat_V2.0.4\MCU\STM8\EWARM\Debug\Obj\pid.o
#        C:\Users\scm\Desktop\TempHat\TempHat_V2.0.4\MCU\STM8\EWARM\Debug\Obj\power.o
#        C:\Users\scm\Desktop\TempHat\TempHat_V2.0.4\MCU\STM8\EWARM\Debug\Obj\pwm.o
#        C:\Users\scm\Desktop\TempHat\TempHat_V2.0.4\MCU\STM8\EWARM\Debug\Obj\stm8s_adc1.o
#        C:\Users\scm\Desktop\TempHat\TempHat_V2.0.4\MCU\STM8\EWARM\Debug\Obj\stm8s_clk.o
#        C:\Users\scm\Desktop\TempHat\TempHat_V2.0.4\MCU\STM8\EWARM\Debug\Obj\stm8s_exti.o
#        C:\Users\scm\Desktop\TempHat\TempHat_V2.0.4\MCU\STM8\EWARM\Debug\Obj\stm8s_flash.o
#        C:\Users\scm\Desktop\TempHat\TempHat_V2.0.4\MCU\STM8\EWARM\Debug\Obj\stm8s_gpio.o
#        C:\Users\scm\Desktop\TempHat\TempHat_V2.0.4\MCU\STM8\EWARM\Debug\Obj\stm8s_it.o
#        C:\Users\scm\Desktop\TempHat\TempHat_V2.0.4\MCU\STM8\EWARM\Debug\Obj\stm8s_iwdg.o
#        C:\Users\scm\Desktop\TempHat\TempHat_V2.0.4\MCU\STM8\EWARM\Debug\Obj\stm8s_rst.o
#        C:\Users\scm\Desktop\TempHat\TempHat_V2.0.4\MCU\STM8\EWARM\Debug\Obj\stm8s_tim1.o
#        C:\Users\scm\Desktop\TempHat\TempHat_V2.0.4\MCU\STM8\EWARM\Debug\Obj\stm8s_tim4.o
#        C:\Users\scm\Desktop\TempHat\TempHat_V2.0.4\MCU\STM8\EWARM\Debug\Obj\stm8s_wwdg.o
#        C:\Users\scm\Desktop\TempHat\TempHat_V2.0.4\MCU\STM8\EWARM\Debug\Obj\TempManage.o
#        C:\Users\scm\Desktop\TempHat\TempHat_V2.0.4\MCU\STM8\EWARM\Debug\Obj\tick.o
#        --redirect _Printf=_PrintfFullNoMb --redirect _Scanf=_ScanfFullNoMb
#        --no_out_extension -o
#        C:\Users\scm\Desktop\TempHat\TempHat_V2.0.4\MCU\STM8\EWARM\Debug\Exe\Project.out
#        --map
#        C:\Users\scm\Desktop\TempHat\TempHat_V2.0.4\MCU\STM8\EWARM\Debug\List\Project.map
#        --config "C:\Program Files (x86)\IAR Systems\Embedded Workbench
#        8.3\stm8\config\lnkstm8s003f3.icf" --config_def _CSTACK_SIZE=0x100
#        --config_def _HEAP_SIZE=0x100 --entry __iar_program_start --debug_lib)
#
###############################################################################

*******************************************************************************
*** RUNTIME MODEL ATTRIBUTES
***

__SystemLibrary            = DLib
__code_model               = small
__core                     = stm8
__data_model               = medium
__dlib_file_descriptor     = 0
__dlib_full_locale_support = 0
__rt_version               = 4


*******************************************************************************
*** PLACEMENT SUMMARY
***

"A0":  place at start of [0x000000-0x0000ff] { rw section .vregs };
"A1":  place at end of [0x000000-0x0003ff] { block CSTACK };
"P2":  place in [from 0x000000 to 0x0003ff] {
          block HEAP, rw section __DLIB_PERTHREAD, rw section .far.bss,
          rw section .far.data, rw section .far.noinit,
          rw section .far_func.textrw, rw section .huge.bss,
          rw section .huge.data, rw section .huge.noinit,
          rw section .huge_func.textrw, rw section .iar.dynexit,
          rw section .near.bss, rw section .near.data, rw section .near.noinit,
          rw section .near_func.textrw };
"A2":  place at start of [0x008000-0x009fff] { block INTVEC };
"P3":  place in [from 0x008000 to 0x009fff] {
          ro section __DLIB_PERTHREAD_init, ro section .far.data_init,
          ro section .far_func.textrw_init, ro section .huge.data_init,
          ro section .huge_func.textrw_init, ro section .iar.init_table,
          ro section .init_array, ro section .near.data_init,
          ro section .near.rodata, ro section .near_func.text,
          ro section .near_func.textrw_init, ro section .tiny.data_init,
          ro section .tiny.rodata_init };
"P4":  place in [from 0x008000 to 0x009fff] {
          ro section .far.rodata, ro section .far_func.text };
"P5":  place in [from 0x008000 to 0x009fff] {
          ro section .huge.rodata, ro section .huge_func.text };
do not initialize {
   rw section .eeprom.noinit, rw section .far.noinit, rw section .huge.noinit,
   rw section .near.noinit, rw section .tiny.noinit, rw section .vregs };
initialize by copy {
   rw section .far.bss, rw section .far.data, rw section .far_func.textrw,
   rw section .huge.bss, rw section .huge.data, rw section .huge_func.textrw,
   rw section .iar.dynexit, rw section .near.bss, rw section .near.data,
   rw section .near_func.textrw, rw section .tiny.bss, rw section .tiny.data,
   ro section .tiny.rodata };

No sections matched the following patterns:

  ro section .far.data_init          in "P3-P5"
  ro section .far.rodata             in "P3-P5"
  ro section .far_func.text          in "P3-P5"
  ro section .far_func.textrw_init   in "P3-P5"
  ro section .huge.data_init         in "P3-P5"
  ro section .huge.rodata            in "P3-P5"
  ro section .huge_func.text         in "P3-P5"
  ro section .huge_func.textrw_init  in "P3-P5"
  ro section .iar.init_table         in "P3-P5"
  ro section .init_array             in "P3-P5"
  ro section .near_func.textrw_init  in "P3-P5"
  ro section .tiny.data_init         in "P3-P5"
  ro section .tiny.rodata_init       in "P3-P5"
  ro section __DLIB_PERTHREAD_init   in "P3-P5"
  rw section .far.bss                in "P2"
  rw section .far.data               in "P2"
  rw section .far.noinit             in "P2"
  rw section .far_func.textrw        in "P2"
  rw section .huge.bss               in "P2"
  rw section .huge.data              in "P2"
  rw section .huge.noinit            in "P2"
  rw section .huge_func.textrw       in "P2"
  rw section .iar.dynexit            in "P2"
  rw section .near.noinit            in "P2"
  rw section .near_func.textrw       in "P2"
  rw section .tiny.bss               in "P1"
  rw section .tiny.data              in "P1"
  rw section .tiny.noinit            in "P1"
  rw section .tiny.rodata            in "P1"
  rw section __DLIB_PERTHREAD        in "P2"
  section .eeprom.data               in "P6-P8"
  section .eeprom.noinit             in "P6-P8"
  section .eeprom.rodata             in "P6-P8"


  Section            Kind      Address    Size  Object
  -------            ----      -------    ----  ------
"A0":                                     0x10
  .vregs             uninit   0x000000    0x10  vregs.o [4]
                            - 0x000010    0x10

"P2", part 1 of 2:                        0x2a
  P2-1                        0x000010    0x2a  <Init block>
    .near.data       inited   0x000010     0x7  key.o [1]
    .near.data       inited   0x000017     0x1  key.o [1]
    .near.data       inited   0x000018     0x1  power.o [1]
    .near.data       inited   0x000019    0x21  TempManage.o [1]
                            - 0x00003a    0x2a

"P2", part 2 of 2:                        0xdf
  .near.bss          zero     0x00003a    0x9e  analog.o [1]
  .near.bss          zero     0x0000d8     0xb  digitron.o [1]
  .near.bss          zero     0x0000e3     0x6  pwm.o [1]
  .near.bss          zero     0x0000e9     0x4  analog.o [1]
  .near.bss          zero     0x0000ed     0x4  analog.o [1]
  .near.bss          zero     0x0000f1     0x4  analog.o [1]
  .near.bss          zero     0x0000f5     0x4  digitron.o [1]
  .near.bss          zero     0x0000f9     0x4  key.o [1]
  .near.bss          zero     0x0000fd     0x4  key.o [1]
  .near.bss          zero     0x000101     0x4  key.o [1]
  .near.bss          zero     0x000105     0x4  power.o [1]
  .near.bss          zero     0x000109     0x4  power.o [1]
  .near.bss          zero     0x00010d     0x4  TempManage.o [1]
  .near.bss          zero     0x000111     0x4  TempManage.o [1]
  .near.bss          zero     0x000115     0x4  tick.o [1]
                            - 0x000119    0xdf

"A1":                                    0x100
  CSTACK                      0x000300   0x100  <Block>
    CSTACK           uninit   0x000300   0x100  <Block tail>
                            - 0x000400   0x100

"A2":                                     0x80
  INTVEC                      0x008000    0x80  <Block>
    .intvec          const    0x008000    0x80  interrupt.o [4]
                            - 0x008080    0x80

"P3-P5":                                0x1ef3
  .near_func.text    ro code  0x008080   0x469  float.o [4]
  .near_func.text    ro code  0x0084e9   0x18f  key.o [1]
  .near_func.text    ro code  0x008678   0x123  analog.o [1]
  .near.rodata       const    0x00879b   0x120  analog.o [1]
  .near_func.text    ro code  0x0088bb   0x119  TempManage.o [1]
  .near_func.text    ro code  0x0089d4   0x119  vreg_util.o [4]
  .near_func.text    ro code  0x008aed    0xfd  pid.o [1]
  .near_func.text    ro code  0x008bea    0xdb  analog.o [1]
  .near_func.text    ro code  0x008cc5    0xdb  filter.o [1]
  .near_func.text    ro code  0x008da0    0xd8  long.o [4]
  .near_func.text    ro code  0x008e78    0xb1  digitron.o [1]
  .near_func.text    ro code  0x008f29    0x99  stm8s_tim1.o [1]
  .near_func.text    ro code  0x008fc2    0x8e  stm8s_gpio.o [1]
  .near_func.text    ro code  0x009050    0x8d  digitron.o [1]
  .near_func.text    ro code  0x0090dd    0x8d  long_util.o [4]
  .near_func.text    ro code  0x00916a    0x80  analog.o [1]
  .near_func.text    ro code  0x0091ea    0x7c  pid.o [1]
  .near_func.text    ro code  0x009266    0x7a  power.o [1]
  .near_func.text    ro code  0x0092e0    0x70  stm8s_adc1.o [1]
  .near_func.text    ro code  0x009350    0x6d  stm8s_exti.o [1]
  .near_func.text    ro code  0x0093bd    0x63  iic.o [1]
  .near_func.text    ro code  0x009420    0x61  stm8s_tim1.o [1]
  .near_func.text    ro code  0x009481    0x5c  iic.o [1]
  .near_func.text    ro code  0x0094dd    0x5a  pwm.o [1]
  .near_func.text    ro code  0x009537    0x55  key.o [1]
  .near_func.text    ro code  0x00958c    0x55  stm8s_adc1.o [1]
  .near_func.text    ro code  0x0095e1    0x55  stm8s_adc1.o [1]
  .near_func.text    ro code  0x009636    0x52  stm8s_adc1.o [1]
  .near_func.text    ro code  0x009688    0x50  analog.o [1]
  .near_func.text    ro code  0x0096d8    0x47  iic.o [1]
  .near_func.text    ro code  0x00971f    0x46  power.o [1]
  .near_func.text    ro code  0x009765    0x45  short.o [4]
  .near_func.text    ro code  0x0097aa    0x44  stm8s_flash.o [1]
  .near_func.text    ro code  0x0097ee    0x42  power.o [1]
  .near_func.text    ro code  0x009830    0x41  power.o [1]
  .near_func.text    ro code  0x009871    0x40  power.o [1]
  .near_func.text    ro code  0x0098b1    0x3f  main.o [1]
  .near_func.text    ro code  0x0098f0    0x3a  iic.o [1]
  .near_func.text    ro code  0x00992a    0x33  iic.o [1]
  .near_func.text    ro code  0x00995d    0x31  stm8s_adc1.o [1]
  .near_func.text    ro code  0x00998e    0x30  led.o [1]
  .near_func.text    ro code  0x0099be    0x2f  filter.o [1]
  .near_func.text    ro code  0x0099ed    0x2f  stm8s_adc1.o [1]
  .near_func.text    ro code  0x009a1c    0x2c  stm8s_adc1.o [1]
  .near_func.text    ro code  0x009a48    0x2b  pwm.o [1]
  Initializer bytes  const    0x009a73    0x2a  <for P2-1>
  .near_func.text    ro code  0x009a9d    0x28  init_small.o [4]
  .near_func.text    ro code  0x009ac5    0x25  dc_util.o [4]
  .near_func.text    ro code  0x009aea    0x24  led.o [1]
  .near_func.text    ro code  0x009b0e    0x24  led.o [1]
  .near_func.text    ro code  0x009b32    0x24  led.o [1]
  .near_func.text    ro code  0x009b56    0x24  stm8s_tim1.o [1]
  .near_func.text    ro code  0x009b7a    0x23  iic.o [1]
  .near_func.text    ro code  0x009b9d    0x23  power.o [1]
  .near_func.text    ro code  0x009bc0    0x22  iic.o [1]
  .near_func.text    ro code  0x009be2    0x22  pid.o [1]
  .near_func.text    ro code  0x009c04    0x22  stm8s_flash.o [1]
  .near_func.text    ro code  0x009c26    0x21  iic.o [1]
  .near_func.text    ro code  0x009c47    0x21  stm8s_adc1.o [1]
  .iar.init_table    const    0x009c68    0x12  - Linker created -
  .near_func.text    ro code  0x009c7a    0x1e  stm8s_it.o [1]
  .near_func.text    ro code  0x009c98    0x1e  init_small.o [4]
  .near_func.text    ro code  0x009cb6    0x1c  iic.o [1]
  .near_func.text    ro code  0x009cd2    0x1c  tick.o [1]
  .near_func.text    ro code  0x009cee    0x1a  stm8s_tim4.o [1]
  .near_func.text    ro code  0x009d08    0x17  stm8s_flash.o [1]
  .near_func.text    ro code  0x009d1f    0x16  stm8s_flash.o [1]
  .near_func.text    ro code  0x009d35    0x16  memset.o [4]
  .near_func.text    ro code  0x009d4b    0x14  init.o [4]
  .near_func.text    ro code  0x009d5f    0x14  __dbg_xxexit.o [3]
  .near_func.text    ro code  0x009d73    0x13  stm8s_adc1.o [1]
  .near_func.text    ro code  0x009d86    0x13  stm8s_clk.o [1]
  .near_func.text    ro code  0x009d99    0x13  cstartup.o [4]
  .near_func.text    ro code  0x009dac    0x12  iic.o [1]
  .near_func.text    ro code  0x009dbe    0x11  power.o [1]
  .near_func.text    ro code  0x009dcf    0x11  power.o [1]
  .near_func.text    ro code  0x009de0     0xf  stm8s_exti.o [1]
  .near_func.text    ro code  0x009def     0xf  tick.o [1]
  .near_func.text    ro code  0x009dfe     0xd  analog.o [1]
  .near_func.text    ro code  0x009e0b     0xd  analog.o [1]
  .near_func.text    ro code  0x009e18     0xd  analog.o [1]
  .near_func.text    ro code  0x009e25     0xd  analog.o [1]
  .near_func.text    ro code  0x009e32     0xd  digitron.o [1]
  .near_func.text    ro code  0x009e3f     0xd  stm8s_adc1.o [1]
  .near_func.text    ro code  0x009e4c     0xd  stm8s_tim1.o [1]
  .near_func.text    ro code  0x009e59     0xd  stm8s_tim1.o [1]
  .near_func.text    ro code  0x009e66     0xd  stm8s_tim1.o [1]
  .near_func.text    ro code  0x009e73     0xd  stm8s_tim4.o [1]
  .near_func.text    ro code  0x009e80     0xb  configure.o [1]
  .near_func.text    ro code  0x009e8b     0xb  configure.o [1]
  .near_func.text    ro code  0x009e96     0xb  stm8s_flash.o [1]
  .near.rodata       const    0x009ea1     0xa  digitron.o [1]
  .near_func.text    ro code  0x009eab     0xa  pwm.o [1]
  .near_func.text    ro code  0x009eb5     0x9  stm8s_tim1.o [1]
  .near_func.text    ro code  0x009ebe     0x9  stm8s_tim4.o [1]
  .near_func.text    ro code  0x009ec7     0x8  fan.o [1]
  .near_func.text    ro code  0x009ecf     0x8  fan.o [1]
  .near_func.text    ro code  0x009ed7     0x8  fan.o [1]
  .near_func.text    ro code  0x009edf     0x8  key.o [1]
  .near_func.text    ro code  0x009ee7     0x8  pwm.o [1]
  .near_func.text    ro code  0x009eef     0x7  configure.o [1]
  .near_func.text    ro code  0x009ef6     0x7  stm8s_gpio.o [1]
  .near_func.text    ro code  0x009efd     0x7  stm8s_gpio.o [1]
  .near_func.text    ro code  0x009f04     0x6  analog.o [1]
  .near_func.text    ro code  0x009f0a     0x6  analog.o [1]
  .near_func.text    ro code  0x009f10     0x6  analog.o [1]
  .near_func.text    ro code  0x009f16     0x6  TempManage.o [1]
  .near_func.text    ro code  0x009f1c     0x6  tick.o [1]
  .near_func.text    ro code  0x009f22     0x6  char.o [4]
  .near_func.text    ro code  0x009f28     0x5  power.o [1]
  .near_func.text    ro code  0x009f2d     0x5  stm8s_adc1.o [1]
  .near_func.text    ro code  0x009f32     0x5  stm8s_tim4.o [1]
  .near_func.text    ro code  0x009f37     0x5  stm8s_tim4.o [1]
  .near_func.text    ro code  0x009f3c     0x5  cexit.o [4]
  .near_func.text    ro code  0x009f41     0x4  power.o [1]
  .near_func.text    ro code  0x009f45     0x4  stm8s_gpio.o [1]
  .near_func.text    ro code  0x009f49     0x3  configure.o [1]
  .near_func.text    ro code  0x009f4c     0x3  configure.o [1]
  .near_func.text    ro code  0x009f4f     0x3  configure.o [1]
  .near_func.text    ro code  0x009f52     0x3  interrupt.o [4]
  .near_func.text    ro code  0x009f55     0x3  low_level_init.o [4]
  .near_func.text    ro code  0x009f58     0x3  exit.o [4]
  .near_func.text    ro code  0x009f5b     0x3  unhandled_exception.o [4]
  .near_func.text    ro code  0x009f5e     0x1  pwm.o [1]
  .near_func.text    ro code  0x009f5f     0x1  stm8s_it.o [1]
  .near_func.text    ro code  0x009f60     0x1  stm8s_it.o [1]
  .near_func.text    ro code  0x009f61     0x1  stm8s_it.o [1]
  .near_func.text    ro code  0x009f62     0x1  stm8s_it.o [1]
  .near_func.text    ro code  0x009f63     0x1  stm8s_it.o [1]
  .near_func.text    ro code  0x009f64     0x1  stm8s_it.o [1]
  .near_func.text    ro code  0x009f65     0x1  stm8s_it.o [1]
  .near_func.text    ro code  0x009f66     0x1  stm8s_it.o [1]
  .near_func.text    ro code  0x009f67     0x1  stm8s_it.o [1]
  .near_func.text    ro code  0x009f68     0x1  stm8s_it.o [1]
  .near_func.text    ro code  0x009f69     0x1  stm8s_it.o [1]
  .near_func.text    ro code  0x009f6a     0x1  stm8s_it.o [1]
  .near_func.text    ro code  0x009f6b     0x1  stm8s_it.o [1]
  .near_func.text    ro code  0x009f6c     0x1  stm8s_it.o [1]
  .near_func.text    ro code  0x009f6d     0x1  stm8s_it.o [1]
  .near_func.text    ro code  0x009f6e     0x1  stm8s_it.o [1]
  .near_func.text    ro code  0x009f6f     0x1  stm8s_it.o [1]
  .near_func.text    ro code  0x009f70     0x1  stm8s_it.o [1]
  .near_func.text    ro code  0x009f71     0x1  stm8s_it.o [1]
  .near_func.text    ro code  0x009f72     0x1  __dbg_break.o [3]
                            - 0x009f73  0x1ef3


*******************************************************************************
*** INIT TABLE
***

          Address   Size
          -------   ----
Zero (__iar_zero_init2)
    1 destination range, total size 0xdf:
          0x00003a  0xdf

Copy (__iar_copy_init2)
    1 source range, total size 0x2a:
          0x009a73  0x2a
    1 destination range, total size 0x2a:
          0x000010  0x2a



*******************************************************************************
*** MODULE SUMMARY
***

    Module                 ro code  ro data  rw data
    ------                 -------  -------  -------
C:\Users\scm\Desktop\TempHat\TempHat_V2.0.4\MCU\STM8\EWARM\Debug\Obj: [1]
    TempManage.o               287       33       41
    analog.o                   788      288      170
    configure.o                 38
    digitron.o                 331       10       15
    fan.o                       24
    filter.o                   266
    iic.o                      519
    key.o                      492        8       20
    led.o                      156
    main.o                      63
    pid.o                      411
    power.o                    465        1        9
    pwm.o                      152                 6
    stm8s_adc1.o               574
    stm8s_clk.o                 19
    stm8s_exti.o               124
    stm8s_flash.o              158
    stm8s_gpio.o               160
    stm8s_it.o                  49
    stm8s_tim1.o               334
    stm8s_tim4.o                58
    tick.o                      49                 4
    ------------------------------------------------
    Total:                   5 517      340      265

command line: [2]
    ------------------------------------------------
    Total:

dbgstm8smd.a: [3]
    __dbg_break.o                1
    __dbg_xxexit.o              20
    ------------------------------------------------
    Total:                      21

dlstm8smn.a: [4]
    cexit.o                      5
    char.o                       6
    cstartup.o                  19
    dc_util.o                   37
    exit.o                       3
    float.o                  1 129
    init.o                      20
    init_small.o                70
    interrupt.o                  3      128
    long.o                     216
    long_util.o                141
    low_level_init.o             3
    memset.o                    22
    short.o                     69
    unhandled_exception.o        3
    vreg_util.o                281
    vregs.o                                       16
    ------------------------------------------------
    Total:                   2 027      128       16

    Linker created                       18      256
----------------------------------------------------
    Grand Total:             7 565      486      537


*******************************************************************************
*** ENTRY LIST
***

Entry                    Address   Size  Type      Object
-----                    -------   ----  ----      ------
.iar.init_table$$Base   0x009c68          --   Gb  - Linker created -
.iar.init_table$$Limit  0x009c7a          --   Gb  - Linker created -
?add32_l0_l0_0x         0x008dc5         Code  Gb  long.o [4]
?add32_l0_l0_dl         0x008dbd         Code  Gb  long.o [4]
?add32_l0_l0_l1         0x008dc2         Code  Gb  long.o [4]
?b0                     0x000000         Data  Gb  vregs.o [4]
?b1                     0x000001         Data  Gb  vregs.o [4]
?b10                    0x00000a         Data  Gb  vregs.o [4]
?b11                    0x00000b         Data  Gb  vregs.o [4]
?b12                    0x00000c         Data  Gb  vregs.o [4]
?b13                    0x00000d         Data  Gb  vregs.o [4]
?b14                    0x00000e         Data  Gb  vregs.o [4]
?b15                    0x00000f         Data  Gb  vregs.o [4]
?b2                     0x000002         Data  Gb  vregs.o [4]
?b3                     0x000003         Data  Gb  vregs.o [4]
?b4                     0x000004         Data  Gb  vregs.o [4]
?b5                     0x000005         Data  Gb  vregs.o [4]
?b6                     0x000006         Data  Gb  vregs.o [4]
?b7                     0x000007         Data  Gb  vregs.o [4]
?b8                     0x000008         Data  Gb  vregs.o [4]
?b9                     0x000009         Data  Gb  vregs.o [4]
?dc32_l0                0x009ac5         Code  Gb  dc_util.o [4]
?dc32_l1                0x009ad2         Code  Gb  dc_util.o [4]
?dc32_px                0x009adf         Code  Gb  dc_util.o [4]
?e0                     0x000001         Data  Gb  vregs.o [4]
?e1                     0x000005         Data  Gb  vregs.o [4]
?e2                     0x000009         Data  Gb  vregs.o [4]
?e3                     0x00000d         Data  Gb  vregs.o [4]
?epilogue_l2            0x008a6f         Code  Gb  vreg_util.o [4]
?epilogue_l2_l3         0x008a6c         Code  Gb  vreg_util.o [4]
?epilogue_l2_w6         0x008a73         Code  Gb  vreg_util.o [4]
?epilogue_w4            0x008a7a         Code  Gb  vreg_util.o [4]
?fadd32_l0_l0_0x        0x0080b0         Code  Gb  float.o [4]
?fadd32_l0_l0_dc32      0x0080ab         Code  Gb  float.o [4]
?fadd32_l0_l0_l1        0x0080b3         Code  Gb  float.o [4]
?fcastf32s16_l0_x       0x008346         Code  Gb  float.o [4]
?fcastf32u16_l0_x       0x00834d         Code  Gb  float.o [4]
?fcasts16f32_x_l0       0x00836b         Code  Gb  float.o [4]
?fcastu32f32_l0_l0      0x0083a0         Code  Gb  float.o [4]
?fcmpge32_c_l0_0x       0x0082e4         Code  Gb  float.o [4]
?fcmpge32_c_l0_dc32     0x0082dc         Code  Gb  float.o [4]
?fcmpge32_c_l0_l1       0x0082e1         Code  Gb  float.o [4]
?fcmplt32_c_l0_0x       0x0082f0         Code  Gb  float.o [4]
?fcmplt32_c_l0_dc32     0x0082e8         Code  Gb  float.o [4]
?fcmplt32_c_l0_l1       0x0082ed         Code  Gb  float.o [4]
?fdiv32_l0_dc32_l1      0x008224         Code  Gb  float.o [4]
?fdiv32_l0_l0_dc32      0x008229         Code  Gb  float.o [4]
?fdiv32_l0_l0_l1        0x00822e         Code  Gb  float.o [4]
?fmul32_l0_l0_0x        0x008186         Code  Gb  float.o [4]
?fmul32_l0_l0_dc32      0x008181         Code  Gb  float.o [4]
?fmul32_l0_l0_l1        0x008189         Code  Gb  float.o [4]
?fsub32_l0_dc32_l1      0x00809d         Code  Gb  float.o [4]
?fsub32_l0_l0_0x        0x0080a2         Code  Gb  float.o [4]
?fsub32_l0_l0_l1        0x0080a5         Code  Gb  float.o [4]
?inc32_0x_0x            0x008daf         Code  Gb  long.o [4]
?inc32_l0_l0            0x008da0         Code  Gb  long.o [4]
?inc32_l1_l1            0x008da5         Code  Gb  long.o [4]
?inc32_l2_l2            0x008daa         Code  Gb  long.o [4]
?l0                     0x000000         Data  Gb  vregs.o [4]
?l1                     0x000004         Data  Gb  vregs.o [4]
?l2                     0x000008         Data  Gb  vregs.o [4]
?l3                     0x00000c         Data  Gb  vregs.o [4]
?load32_0x_l0           0x009132         Code  Gb  long_util.o [4]
?load32_0x_l1           0x009140         Code  Gb  long_util.o [4]
?load32_0x_l2           0x00914e         Code  Gb  long_util.o [4]
?load32_0x_l3           0x00915c         Code  Gb  long_util.o [4]
?load32_asp_l0          0x009126         Code  Gb  long_util.o [4]
?load32_dbsp_l0         0x009121         Code  Gb  long_util.o [4]
?load32_l0_0x           0x0090ed         Code  Gb  long_util.o [4]
?load32_l0_asp          0x0090e2         Code  Gb  long_util.o [4]
?load32_l0_dbsp         0x0090dd         Code  Gb  long_util.o [4]
?load32_l0_xsp          0x0090e4         Code  Gb  long_util.o [4]
?load32_l1_0x           0x009109         Code  Gb  long_util.o [4]
?load32_l1_asp          0x0090fe         Code  Gb  long_util.o [4]
?load32_l1_dbsp         0x0090f9         Code  Gb  long_util.o [4]
?load32_l1_xsp          0x009100         Code  Gb  long_util.o [4]
?load32_l3_0x           0x009115         Code  Gb  long_util.o [4]
?load32_xsp_l0          0x009128         Code  Gb  long_util.o [4]
?mov_e0_e1              0x008a88         Code  Gb  vreg_util.o [4]
?mov_e0_e2              0x008a95         Code  Gb  vreg_util.o [4]
?mov_e0_e3              0x008aa2         Code  Gb  vreg_util.o [4]
?mov_e1_e0              0x008aaf         Code  Gb  vreg_util.o [4]
?mov_e1_e2              0x008abc         Code  Gb  vreg_util.o [4]
?mov_e1_e3              0x008ac9         Code  Gb  vreg_util.o [4]
?mov_e2_e0              0x008ad6         Code  Gb  vreg_util.o [4]
?mov_e3_e0              0x008ae3         Code  Gb  vreg_util.o [4]
?mov_l0_l1              0x008a85         Code  Gb  vreg_util.o [4]
?mov_l0_l2              0x008a92         Code  Gb  vreg_util.o [4]
?mov_l0_l3              0x008a9f         Code  Gb  vreg_util.o [4]
?mov_l1_l0              0x008aac         Code  Gb  vreg_util.o [4]
?mov_l1_l2              0x008ab9         Code  Gb  vreg_util.o [4]
?mov_l1_l3              0x008ac6         Code  Gb  vreg_util.o [4]
?mov_l2_l0              0x008ad3         Code  Gb  vreg_util.o [4]
?mov_l3_l0              0x008ae0         Code  Gb  vreg_util.o [4]
?mov_w1_w3              0x008a8b         Code  Gb  vreg_util.o [4]
?mov_w1_w5              0x008a98         Code  Gb  vreg_util.o [4]
?mov_w1_w7              0x008aa5         Code  Gb  vreg_util.o [4]
?mov_w3_w1              0x008ab2         Code  Gb  vreg_util.o [4]
?mov_w3_w5              0x008abf         Code  Gb  vreg_util.o [4]
?mov_w3_w7              0x008acc         Code  Gb  vreg_util.o [4]
?mov_w4_w0              0x008a7e         Code  Gb  vreg_util.o [4]
?mov_w5_w1              0x008ad9         Code  Gb  vreg_util.o [4]
?mov_w7_w1              0x008ae6         Code  Gb  vreg_util.o [4]
?mul16_x_x_w0           0x009765         Code  Gb  short.o [4]
?pop_l0                 0x008a38         Code  Gb  vreg_util.o [4]
?pop_l1                 0x008a43         Code  Gb  vreg_util.o [4]
?pop_l2                 0x008a4e         Code  Gb  vreg_util.o [4]
?pop_l3                 0x008a59         Code  Gb  vreg_util.o [4]
?pop_w4                 0x0089f1         Code  Gb  vreg_util.o [4]
?pop_w6                 0x0089f8         Code  Gb  vreg_util.o [4]
?push_l0                0x008a07         Code  Gb  vreg_util.o [4]
?push_l1                0x008a0c         Code  Gb  vreg_util.o [4]
?push_l2                0x008a11         Code  Gb  vreg_util.o [4]
?push_l3                0x008a16         Code  Gb  vreg_util.o [4]
?push_w4                0x0089d4         Code  Gb  vreg_util.o [4]
?push_w6                0x0089d9         Code  Gb  vreg_util.o [4]
?sll16_x_x_4            0x0097a5         Code  Gb  short.o [4]
?sll16_x_x_5            0x0097a4         Code  Gb  short.o [4]
?sll16_x_x_6            0x0097a3         Code  Gb  short.o [4]
?sll16_x_x_a            0x009793         Code  Gb  short.o [4]
?sll8_a_a_5             0x009f23         Code  Gb  char.o [4]
?sll8_a_a_6             0x009f22         Code  Gb  char.o [4]
?smod16_y_x_y           0x009783         Code  Gb  short.o [4]
?sra16_x_x_a            0x00979b         Code  Gb  short.o [4]
?sub32_l0_l0_0x         0x008de0         Code  Gb  long.o [4]
?sub32_l0_l0_l1         0x008ddd         Code  Gb  long.o [4]
?ucmp32_c_l0_l1         0x008e6d         Code  Gb  long.o [4]
?udiv32_l0_l0_dl        0x008dfd         Code  Gb  long.o [4]
?udiv32_l0_l0_l1        0x008e00         Code  Gb  long.o [4]
?umod32_l1_l0_dl        0x008df8         Code  Gb  long.o [4]
?umod32_l1_l0_l1        0x008e00         Code  Gb  long.o [4]
?w0                     0x000000         Data  Gb  vregs.o [4]
?w1                     0x000002         Data  Gb  vregs.o [4]
?w2                     0x000004         Data  Gb  vregs.o [4]
?w3                     0x000006         Data  Gb  vregs.o [4]
?w4                     0x000008         Data  Gb  vregs.o [4]
?w5                     0x00000a         Data  Gb  vregs.o [4]
?w6                     0x00000c         Data  Gb  vregs.o [4]
?w7                     0x00000e         Data  Gb  vregs.o [4]
ADC1_ClearFlag          0x009636   0x52  Code  Gb  stm8s_adc1.o [1]
ADC1_Cmd                0x009e3f    0xd  Code  Gb  stm8s_adc1.o [1]
ADC1_ConversionConfig   0x0099ed   0x2f  Code  Gb  stm8s_adc1.o [1]
ADC1_DeInit             0x00995d   0x31  Code  Gb  stm8s_adc1.o [1]
ADC1_ExternalTriggerConfig
                        0x009c47   0x21  Code  Gb  stm8s_adc1.o [1]
ADC1_GetConversionValue
                        0x00958c   0x55  Code  Gb  stm8s_adc1.o [1]
ADC1_GetFlagStatus      0x0095e1   0x55  Code  Gb  stm8s_adc1.o [1]
ADC1_IRQHandler         0x009f70    0x1  Code  Gb  stm8s_it.o [1]
ADC1_Init               0x009a1c   0x2c  Code  Gb  stm8s_adc1.o [1]
ADC1_PrescalerConfig    0x009d73   0x13  Code  Gb  stm8s_adc1.o [1]
ADC1_SchmittTriggerConfig
                        0x0092e0   0x70  Code  Gb  stm8s_adc1.o [1]
ADC1_StartConversion    0x009f2d    0x5  Code  Gb  stm8s_adc1.o [1]
AIP650_write            0x008e78   0x35  Code  Lc  digitron.o [1]
AWU_IRQHandler          0x009f61    0x1  Code  Gb  stm8s_it.o [1]
Analog                  0x00003a   0x9e  Data  Gb  analog.o [1]
CLK_HSIPrescalerConfig  0x009d86   0x13  Code  Gb  stm8s_clk.o [1]
CLK_IRQHandler          0x009f62    0x1  Code  Gb  stm8s_it.o [1]
CSTACK$$Base            0x000300          --   Gb  - Linker created -
CSTACK$$Limit           0x000400          --   Gb  - Linker created -
Digitron                0x0000d8    0xb  Data  Gb  digitron.o [1]
DigitronFont            0x009ea1    0xa  Data  Gb  digitron.o [1]
EEPROM_EEC_IRQHandler   0x009f71    0x1  Code  Gb  stm8s_it.o [1]
EXTI_PORTA_IRQHandler   0x009f63    0x1  Code  Gb  stm8s_it.o [1]
EXTI_PORTB_IRQHandler   0x009f64    0x1  Code  Gb  stm8s_it.o [1]
EXTI_PORTC_IRQHandler   0x009f65    0x1  Code  Gb  stm8s_it.o [1]
EXTI_PORTD_IRQHandler   0x009f66    0x1  Code  Gb  stm8s_it.o [1]
EXTI_PORTE_IRQHandler   0x009f67    0x1  Code  Gb  stm8s_it.o [1]
EXTI_SetExtIntSensitivity
                        0x009350   0x6d  Code  Gb  stm8s_exti.o [1]
EXTI_SetTLISensitivity  0x009de0    0xf  Code  Gb  stm8s_exti.o [1]
FLASH_Lock              0x009e96    0xb  Code  Gb  stm8s_flash.o [1]
FLASH_ProgramOptionByte
                        0x009c04   0x22  Code  Gb  stm8s_flash.o [1]
FLASH_ReadOptionByte    0x0097aa   0x44  Code  Gb  stm8s_flash.o [1]
FLASH_Unlock            0x009d1f   0x16  Code  Gb  stm8s_flash.o [1]
FLASH_WaitForLastOperation
                        0x009d08   0x17  Code  Gb  stm8s_flash.o [1]
GPIO_Init               0x008fc2   0x8e  Code  Gb  stm8s_gpio.o [1]
GPIO_ReadInputPin       0x009efd    0x7  Code  Gb  stm8s_gpio.o [1]
GPIO_WriteHigh          0x009ef6    0x7  Code  Gb  stm8s_gpio.o [1]
GPIO_WriteLow           0x009f45    0x4  Code  Gb  stm8s_gpio.o [1]
I2C_IRQHandler          0x009f6f    0x1  Code  Gb  stm8s_it.o [1]
INTVEC$$Base            0x008000          --   Gb  - Linker created -
INTVEC$$Limit           0x008080          --   Gb  - Linker created -
LowPowerMode            0x000018    0x1  Data  Gb  power.o [1]
R                       0x0000ed    0x4  Data  Gb  analog.o [1]
Region$$Table$$Base     0x009c68          --   Gb  - Linker created -
Region$$Table$$Limit    0x009c7a          --   Gb  - Linker created -
SPI_IRQHandler          0x009f68    0x1  Code  Gb  stm8s_it.o [1]
TIM1_ARRPreloadConfig   0x009e66    0xd  Code  Gb  stm8s_tim1.o [1]
TIM1_CAP_COM_IRQHandler
                        0x009f6a    0x1  Code  Gb  stm8s_it.o [1]
TIM1_Cmd                0x009e4c    0xd  Code  Gb  stm8s_tim1.o [1]
TIM1_CtrlPWMOutputs     0x009e59    0xd  Code  Gb  stm8s_tim1.o [1]
TIM1_DeInit             0x008f29   0x99  Code  Gb  stm8s_tim1.o [1]
TIM1_OC1Init            0x009420   0x61  Code  Gb  stm8s_tim1.o [1]
TIM1_SetCompare1        0x009eb5    0x9  Code  Gb  stm8s_tim1.o [1]
TIM1_TimeBaseInit       0x009b56   0x24  Code  Gb  stm8s_tim1.o [1]
TIM1_UPD_OVF_TRG_BRK_IRQHandler
                        0x009f69    0x1  Code  Gb  stm8s_it.o [1]
TIM2_CAP_COM_IRQHandler
                        0x009f6c    0x1  Code  Gb  stm8s_it.o [1]
TIM2_UPD_OVF_BRK_IRQHandler
                        0x009f6b    0x1  Code  Gb  stm8s_it.o [1]
TIM4_ClearFlag          0x009f32    0x5  Code  Gb  stm8s_tim4.o [1]
TIM4_ClearITPendingBit  0x009f37    0x5  Code  Gb  stm8s_tim4.o [1]
TIM4_Cmd                0x009e73    0xd  Code  Gb  stm8s_tim4.o [1]
TIM4_ITConfig           0x009cee   0x1a  Code  Gb  stm8s_tim4.o [1]
TIM4_TimeBaseInit       0x009ebe    0x9  Code  Gb  stm8s_tim4.o [1]
TIM4_UPD_OVF_IRQHandler
                        0x009c7a   0x1e  Code  Gb  stm8s_it.o [1]
TLI_IRQHandler          0x009f60    0x1  Code  Gb  stm8s_it.o [1]
TRAP_IRQHandler         0x009f5f    0x1  Code  Gb  stm8s_it.o [1]
TempManage              0x000019   0x21  Data  Gb  TempManage.o [1]
TempMap                 0x00879b  0x120  Data  Gb  analog.o [1]
Tick                    0x000115    0x4  Data  Gb  tick.o [1]
UART1_RX_IRQHandler     0x009f6e    0x1  Code  Gb  stm8s_it.o [1]
UART1_TX_IRQHandler     0x009f6d    0x1  Code  Gb  stm8s_it.o [1]
V                       0x0000e9    0x4  Data  Gb  analog.o [1]
_GPIO_Init_InPut        0x009e8b    0xb  Code  Gb  configure.o [1]
_GPIO_Init_OutPut       0x009e80    0xb  Code  Gb  configure.o [1]
_GPIO_ReadInputPin      0x009f4f    0x3  Code  Gb  configure.o [1]
_GPIO_Toggle            0x009eef    0x7  Code  Gb  configure.o [1]
_GPIO_WriteHigh         0x009f49    0x3  Code  Gb  configure.o [1]
_GPIO_WriteLow          0x009f4c    0x3  Code  Gb  configure.o [1]
__DebugBreak            0x009f72    0x1  Code  Gb  __dbg_break.o [3]
__exit                  0x009d5f   0x14  Code  Gb  __dbg_xxexit.o [3]
__iar_copy_init2        0x009a9d         Code  Gb  init_small.o [4]
__iar_data_init2        0x009d4b   0x14  Code  Gb  init.o [4]
__iar_program_start     0x009d99         Code  Gb  cstartup.o [4]
__iar_unhandled_exception
                        0x009f5b         Code  Gb  unhandled_exception.o [4]
__iar_zero_init2        0x009c98         Code  Gb  init_small.o [4]
__intvec                0x008000         Data  Gb  interrupt.o [4]
__low_level_init        0x009f55    0x3  Code  Gb  low_level_init.o [4]
_exit                   0x009f3c         Code  Gb  cexit.o [4]
_interrupt_1            0x009f5f         Code  Gb  stm8s_it.o [1]
_interrupt_12           0x009f68         Code  Gb  stm8s_it.o [1]
_interrupt_13           0x009f69         Code  Gb  stm8s_it.o [1]
_interrupt_14           0x009f6a         Code  Gb  stm8s_it.o [1]
_interrupt_15           0x009f6b         Code  Gb  stm8s_it.o [1]
_interrupt_16           0x009f6c         Code  Gb  stm8s_it.o [1]
_interrupt_19           0x009f6d         Code  Gb  stm8s_it.o [1]
_interrupt_2            0x009f60         Code  Gb  stm8s_it.o [1]
_interrupt_20           0x009f6e         Code  Gb  stm8s_it.o [1]
_interrupt_21           0x009f6f         Code  Gb  stm8s_it.o [1]
_interrupt_24           0x009f70         Code  Gb  stm8s_it.o [1]
_interrupt_25           0x009c7a         Code  Gb  stm8s_it.o [1]
_interrupt_26           0x009f71         Code  Gb  stm8s_it.o [1]
_interrupt_3            0x009f61         Code  Gb  stm8s_it.o [1]
_interrupt_4            0x009f62         Code  Gb  stm8s_it.o [1]
_interrupt_5            0x009f63         Code  Gb  stm8s_it.o [1]
_interrupt_6            0x009f64         Code  Gb  stm8s_it.o [1]
_interrupt_7            0x009f65         Code  Gb  stm8s_it.o [1]
_interrupt_8            0x009f66         Code  Gb  stm8s_it.o [1]
_interrupt_9            0x009f67         Code  Gb  stm8s_it.o [1]
adc_get_channel_value   0x008bea   0xdb  Code  Lc  analog.o [1]
adc_value_to_temp       0x008678  0x123  Code  Lc  analog.o [1]
analog_battery_voltage  0x009f04    0x6  Code  Gb  analog.o [1]
analog_body_temp        0x009f10    0x6  Code  Gb  analog.o [1]
analog_init             0x009688   0x50  Code  Gb  analog.o [1]
analog_semiconductor_temp
                        0x009f0a    0x6  Code  Gb  analog.o [1]
analog_task_loop        0x00916a   0x80  Code  Gb  analog.o [1]
analog_task_loop::tick  0x0000f1    0x4  Data  Lc  analog.o [1]
digitron_disable        0x008f21    0x8  Code  Gb  digitron.o [1]
digitron_enable         0x008f17    0xa  Code  Gb  digitron.o [1]
digitron_init           0x008ead   0x21  Code  Gb  digitron.o [1]
digitron_set_value      0x009e32    0xd  Code  Gb  digitron.o [1]
digitron_show_decimal_place
                        0x008ece   0x15  Code  Lc  digitron.o [1]
digitron_show_ones_place
                        0x008ee3   0x1f  Code  Lc  digitron.o [1]
digitron_show_tens_place
                        0x008f02   0x15  Code  Lc  digitron.o [1]
digitron_task_loop      0x009050   0x8d  Code  Gb  digitron.o [1]
digitron_task_loop::tick
                        0x0000f5    0x4  Data  Lc  digitron.o [1]
exit                    0x009f58    0x3  Code  Gb  exit.o [4]
fan_init                0x009ec7    0x8  Code  Gb  fan.o [1]
fan_off                 0x009ed7    0x8  Code  Gb  fan.o [1]
fan_on                  0x009ecf    0x8  Code  Gb  fan.o [1]
iic_delay_us            0x009b7a   0x23  Code  Gb  iic.o [1]
iic_init                0x0096d8   0x47  Code  Gb  iic.o [1]
iic_scl_set             0x009cb6   0x1c  Code  Lc  iic.o [1]
iic_sda_mode            0x009c26   0x21  Code  Lc  iic.o [1]
iic_sda_read            0x009dac   0x12  Code  Lc  iic.o [1]
iic_sda_set             0x009bc0   0x22  Code  Lc  iic.o [1]
iic_send_byte           0x0093bd   0x63  Code  Gb  iic.o [1]
iic_start               0x0098f0   0x3a  Code  Gb  iic.o [1]
iic_stop                0x00992a   0x33  Code  Gb  iic.o [1]
iic_wait_ack            0x009481   0x5c  Code  Gb  iic.o [1]
key                     0x000010    0x7  Data  Gb  key.o [1]
key_action              0x008659   0x1f  Code  Gb  key.o [1]
key_clear               0x0084e9    0x9  Code  Lc  key.o [1]
key_init                0x009edf    0x8  Code  Gb  key.o [1]
key_judge               0x0084f2  0x111  Code  Lc  key.o [1]
key_task_loop           0x008603   0x56  Code  Gb  key.o [1]
key_task_loop::tick     0x0000fd    0x4  Data  Lc  key.o [1]
key_task_loop::timeout  0x000101    0x4  Data  Lc  key.o [1]
key_temp_state          0x009537   0x55  Code  Lc  key.o [1]
key_temp_state::state   0x000017    0x1  Data  Lc  key.o [1]
key_temp_state::tick    0x0000f9    0x4  Data  Lc  key.o [1]
led_init                0x00998e   0x30  Code  Gb  led.o [1]
led_off                 0x009b0e   0x24  Code  Gb  led.o [1]
led_on                  0x009aea   0x24  Code  Gb  led.o [1]
led_toggle              0x009b32   0x24  Code  Gb  led.o [1]
main                    0x0098b1   0x3f  Code  Gb  main.o [1]
memset                  0x009d35   0x16  Code  Gb  memset.o [4]
pid_init                0x0091ea   0x7c  Code  Gb  pid.o [1]
pid_process             0x008aed   0xfd  Code  Gb  pid.o [1]
pid_reset               0x009be2   0x22  Code  Gb  pid.o [1]
pwm                     0x0000e3    0x6  Data  Gb  pwm.o [1]
pwm_disable             0x009ee7    0x8  Code  Gb  pwm.o [1]
pwm_enable              0x009eab    0xa  Code  Gb  pwm.o [1]
pwm_init                0x0094dd   0x5a  Code  Gb  pwm.o [1]
pwm_period_call         0x009f5e    0x1  Code  Gb  pwm.o [1]
pwm_set_duty_cycles     0x009a48   0x2b  Code  Gb  pwm.o [1]
pwr_exit_lowpower_mode  0x009f28    0x5  Code  Gb  power.o [1]
pwr_init                0x0097ee   0x42  Code  Gb  power.o [1]
pwr_is_charging         0x009dcf   0x11  Code  Gb  power.o [1]
pwr_is_fully_charged    0x009dbe   0x11  Code  Gb  power.o [1]
pwr_is_lowpower_mode    0x009f41    0x4  Code  Gb  power.o [1]
pwr_set_lowpower_mode   0x00971f   0x46  Code  Gb  power.o [1]
pwr_task_loop           0x009266   0x7a  Code  Gb  power.o [1]
pwr_task_loop::cnt      0x000109    0x4  Data  Lc  power.o [1]
pwr_task_loop::tick     0x000105    0x4  Data  Lc  power.o [1]
pwr_temp_control_cool   0x009871   0x40  Code  Gb  power.o [1]
pwr_temp_control_heat   0x009830   0x41  Code  Gb  power.o [1]
pwr_temp_control_standby
                        0x009b9d   0x23  Code  Gb  power.o [1]
smooth_filter           0x008cc5   0xdb  Code  Gb  filter.o [1]
smooth_filter_init      0x0099be   0x2f  Code  Gb  filter.o [1]
temp_manage_init        0x009f16    0x6  Code  Gb  TempManage.o [1]
temp_manage_task_loop   0x0088bb  0x119  Code  Gb  TempManage.o [1]
temp_manage_task_loop::delay2sleep
                        0x000111    0x4  Data  Lc  TempManage.o [1]
temp_manage_task_loop::tick
                        0x00010d    0x4  Data  Lc  TempManage.o [1]
tick_increase           0x009def    0xf  Code  Gb  tick.o [1]
tick_init               0x009cd2   0x1c  Code  Gb  tick.o [1]
tick_value              0x009f1c    0x6  Code  Gb  tick.o [1]
update_battery_voltage_adc_value
                        0x009e0b    0xd  Code  Lc  analog.o [1]
update_bodytemp_adc_value
                        0x009e25    0xd  Code  Lc  analog.o [1]
update_semtemp_adc_value
                        0x009e18    0xd  Code  Lc  analog.o [1]
update_vcc_adc_value    0x009dfe    0xd  Code  Lc  analog.o [1]


[1] = C:\Users\scm\Desktop\TempHat\TempHat_V2.0.4\MCU\STM8\EWARM\Debug\Obj
[2] = command line
[3] = dbgstm8smd.a
[4] = dlstm8smn.a

  7 565 bytes of readonly  code memory
    486 bytes of readonly  data memory
    537 bytes of readwrite data memory

Errors: none
Warnings: none
