Component: ARM Compiler 5.05 update 1 (build 106) Tool: armlink [4d0efa]

==============================================================================

Section Cross References

    startup_stm32f407xx.o(RESET) refers to startup_stm32f407xx.o(STACK) for __initial_sp
    startup_stm32f407xx.o(RESET) refers to startup_stm32f407xx.o(.text) for Reset_Handler
    startup_stm32f407xx.o(RESET) refers to stm32f4xx_it.o(i.NMI_Handler) for NMI_Handler
    startup_stm32f407xx.o(RESET) refers to stm32f4xx_it.o(i.HardFault_Handler) for HardFault_Handler
    startup_stm32f407xx.o(RESET) refers to stm32f4xx_it.o(i.MemManage_Handler) for MemManage_Handler
    startup_stm32f407xx.o(RESET) refers to stm32f4xx_it.o(i.BusFault_Handler) for BusFault_Handler
    startup_stm32f407xx.o(RESET) refers to stm32f4xx_it.o(i.UsageFault_Handler) for UsageFault_Handler
    startup_stm32f407xx.o(RESET) refers to stm32f4xx_it.o(i.SVC_Handler) for SVC_Handler
    startup_stm32f407xx.o(RESET) refers to stm32f4xx_it.o(i.DebugMon_Handler) for DebugMon_Handler
    startup_stm32f407xx.o(RESET) refers to stm32f4xx_it.o(i.PendSV_Handler) for PendSV_Handler
    startup_stm32f407xx.o(RESET) refers to stm32f4xx_it.o(i.SysTick_Handler) for SysTick_Handler
    startup_stm32f407xx.o(RESET) refers to stm32f4xx_it.o(i.EXTI0_IRQHandler) for EXTI0_IRQHandler
    startup_stm32f407xx.o(RESET) refers to stm32f4xx_it.o(i.USART1_IRQHandler) for USART1_IRQHandler
    startup_stm32f407xx.o(RESET) refers to stm32f4xx_it.o(i.USART2_IRQHandler) for USART2_IRQHandler
    startup_stm32f407xx.o(.text) refers to system_stm32f4xx.o(i.SystemInit) for SystemInit
    startup_stm32f407xx.o(.text) refers to entry.o(.ARM.Collect$$$$00000000) for __main
    main.o(i.SystemClock_Config) refers to stm32f4xx_hal_rcc.o(i.HAL_RCC_OscConfig) for HAL_RCC_OscConfig
    main.o(i.SystemClock_Config) refers to main.o(i._Error_Handler) for _Error_Handler
    main.o(i.SystemClock_Config) refers to stm32f4xx_hal_rcc.o(i.HAL_RCC_ClockConfig) for HAL_RCC_ClockConfig
    main.o(i.SystemClock_Config) refers to stm32f4xx_hal_rcc.o(i.HAL_RCC_GetHCLKFreq) for HAL_RCC_GetHCLKFreq
    main.o(i.SystemClock_Config) refers to stm32f4xx_hal_cortex.o(i.HAL_SYSTICK_Config) for HAL_SYSTICK_Config
    main.o(i.SystemClock_Config) refers to stm32f4xx_hal_cortex.o(i.HAL_SYSTICK_CLKSourceConfig) for HAL_SYSTICK_CLKSourceConfig
    main.o(i.SystemClock_Config) refers to stm32f4xx_hal_cortex.o(i.HAL_NVIC_SetPriority) for HAL_NVIC_SetPriority
    main.o(i.main) refers to stm32f4xx_hal.o(i.HAL_Init) for HAL_Init
    main.o(i.main) refers to main.o(i.SystemClock_Config) for SystemClock_Config
    main.o(i.main) refers to gpio.o(i.MX_GPIO_Init) for MX_GPIO_Init
    main.o(i.main) refers to usart.o(i.MX_USART2_UART_Init) for MX_USART2_UART_Init
    main.o(i.main) refers to usart.o(i.MX_USART1_UART_Init) for MX_USART1_UART_Init
    main.o(i.main) refers to spi.o(i.MX_SPI2_Init) for MX_SPI2_Init
    main.o(i.main) refers to mahonyahrs.o(i.Mahony_Init) for Mahony_Init
    main.o(i.main) refers to gps.o(i.GPS_init) for GPS_init
    main.o(i.main) refers to debug.o(i.debug_printf) for debug_printf
    main.o(i.main) refers to stm32f4xx_hal.o(i.HAL_Delay) for HAL_Delay
    main.o(i.main) refers to mpuxxxx.o(i.mpuxxxx_mpu_dmp_init) for mpuxxxx_mpu_dmp_init
    main.o(i.main) refers to mpuxxxx.o(i.mpuxxxx_mpl_init) for mpuxxxx_mpl_init
    main.o(i.main) refers to stm32f4xx_hal_gpio.o(i.HAL_GPIO_TogglePin) for HAL_GPIO_TogglePin
    main.o(i.main) refers to gps.o(i.GPS_poll) for GPS_poll
    main.o(i.main) refers to mpuxxxx.o(i.mpuxxxx_mpl_poll) for mpuxxxx_mpl_poll
    main.o(i.main) refers to mpuxxxx.o(i.mpuxxxx_mpl_get_euler) for mpuxxxx_mpl_get_euler
    main.o(i.main) refers to f2d.o(.text) for __aeabi_f2d
    main.o(i.main) refers to empl_outputs.o(i.inv_get_sensor_type_euler) for inv_get_sensor_type_euler
    main.o(i.main) refers to empl_outputs.o(i.inv_get_sensor_type_quat) for inv_get_sensor_type_quat
    main.o(i.main) refers to asin.o(i.__hardfp_asin) for __hardfp_asin
    main.o(i.main) refers to dmul.o(.text) for __aeabi_dmul
    main.o(i.main) refers to d2f.o(.text) for __aeabi_d2f
    main.o(i.main) refers to atan2.o(i.__hardfp_atan2) for __hardfp_atan2
    main.o(i.main) refers to usart.o(.bss) for huart1
    main.o(i.main) refers to main.o(.data) for result
    main.o(i.main) refers to main.o(.bss) for euler
    main.o(i.main) refers to log_stm32.o(i.eMPL_send_quat) for eMPL_send_quat
    main.o(i.main) refers to empl_outputs.o(i.inv_get_sensor_type_gyro) for inv_get_sensor_type_gyro
    main.o(i.main) refers to empl_outputs.o(i.inv_get_sensor_type_accel) for inv_get_sensor_type_accel
    main.o(.data) refers to main.o(.conststring) for .conststring
    gpio.o(i.MX_GPIO_Init) refers to stm32f4xx_hal_gpio.o(i.HAL_GPIO_WritePin) for HAL_GPIO_WritePin
    gpio.o(i.MX_GPIO_Init) refers to stm32f4xx_hal_gpio.o(i.HAL_GPIO_Init) for HAL_GPIO_Init
[...]
    inv_disable_dip_tracking                 0x08002243   Thumb Code    10  mag_disturb.o(.text)
    Mag3ofNormalizedLong                     0x0800224d   Thumb Code    60  mag_disturb.o(.text)
    inv_track_dip_angle                      0x08002289   Thumb Code   126  mag_disturb.o(.text)
    inv_check_magnetic_disturbance           0x08002307   Thumb Code   758  mag_disturb.o(.text)
    inv_magnetic_disturbance_process         0x080025fd   Thumb Code    50  mag_disturb.o(.text)
    inv_start_magnetic_disturbance           0x0800262f   Thumb Code    14  mag_disturb.o(.text)
    inv_stop_magnetic_disturbance            0x0800263d   Thumb Code     8  mag_disturb.o(.text)
    inv_enable_magnetic_disturbance          0x08002645   Thumb Code    40  mag_disturb.o(.text)
    inv_disable_magnetic_disturbance         0x0800266d   Thumb Code    22  mag_disturb.o(.text)
    inv_enable_dip_tracking                  0x08002683   Thumb Code    14  mag_disturb.o(.text)
    inv_get_magnetic_disturbance_state       0x08002691   Thumb Code     8  mag_disturb.o(.text)
    __aeabi_uldivmod                         0x080026a1   Thumb Code    98  uldiv.o(.text)
    __aeabi_ldivmod                          0x08002703   Thumb Code    98  ldiv.o(.text)
    __aeabi_llsl                             0x08002765   Thumb Code    30  llshl.o(.text)
    _ll_shift_l                              0x08002765   Thumb Code     0  llshl.o(.text)
    __aeabi_lasr                             0x08002783   Thumb Code    36  llsshr.o(.text)
    _ll_sshift_r                             0x08002783   Thumb Code     0  llsshr.o(.text)
    __rt_ctype_table                         0x080027a9   Thumb Code     4  ctype_o.o(.text)
    isspace                                  0x080027b1   Thumb Code    18  isspace_o.o(.text)
    ___aeabi_memcpy8$move                    0x080027c3   Thumb Code     0  memmovea.o(.text)
    __aeabi_memcpy                           0x080027c3   Thumb Code    64  memmovea.o(.text)
    __aeabi_memcpy4                          0x080027c3   Thumb Code     0  memmovea.o(.text)
    __aeabi_memmove                          0x080027c3   Thumb Code     0  memmovea.o(.text)
    __aeabi_memmove4                         0x080027c3   Thumb Code     0  memmovea.o(.text)
    __aeabi_memmove8                         0x080027c3   Thumb Code     0  memmovea.o(.text)
    __aeabi_memset                           0x08002803   Thumb Code    14  memseta.o(.text)
    __aeabi_memset4                          0x08002803   Thumb Code     0  memseta.o(.text)
    __aeabi_memset8                          0x08002803   Thumb Code     0  memseta.o(.text)
    __aeabi_memclr                           0x08002811   Thumb Code     4  memseta.o(.text)
    __aeabi_memclr4                          0x08002811   Thumb Code     0  memseta.o(.text)
    __aeabi_memclr8                          0x08002811   Thumb Code     0  memseta.o(.text)
    _memset$wrapper                          0x08002815   Thumb Code    18  memseta.o(.text)
    strlen                                   0x08002827   Thumb Code    14  strlen.o(.text)
    memchr                                   0x08002835   Thumb Code    20  memchr.o(.text)
    memcmp                                   0x08002849   Thumb Code    26  memcmp.o(.text)
    strncmp                                  0x08002863   Thumb Code    30  strncmp.o(.text)
    strtol                                   0x08002881   Thumb Code   112  strtol.o(.text)
    __aeabi_dadd                             0x080028f1   Thumb Code   322  dadd.o(.text)
    __aeabi_dsub                             0x08002a33   Thumb Code     6  dadd.o(.text)
    __aeabi_drsub                            0x08002a39   Thumb Code     6  dadd.o(.text)
    __aeabi_dmul                             0x08002a3f   Thumb Code   228  dmul.o(.text)
    __aeabi_ddiv                             0x08002b23   Thumb Code   222  ddiv.o(.text)
    __aeabi_l2f                              0x08002c01   Thumb Code    44  ffltl.o(.text)
    __aeabi_i2d                              0x08002c2d   Thumb Code    34  dflti.o(.text)
    __aeabi_ui2d                             0x08002c4f   Thumb Code    26  dfltui.o(.text)
    __aeabi_f2lz                             0x08002c69   Thumb Code    66  ffixl.o(.text)
    __aeabi_d2iz                             0x08002cab   Thumb Code    62  dfixi.o(.text)
    __aeabi_d2uiz                            0x08002ce9   Thumb Code    50  dfixui.o(.text)
    __aeabi_f2d                              0x08002d1b   Thumb Code    38  f2d.o(.text)
    __aeabi_cdcmpeq                          0x08002d41   Thumb Code     0  cdcmple.o(.text)
    __aeabi_cdcmple                          0x08002d41   Thumb Code    48  cdcmple.o(.text)
    __aeabi_cdrcmple                         0x08002d71   Thumb Code    48  cdrcmple.o(.text)
    __aeabi_d2f                              0x08002da1   Thumb Code    56  d2f.o(.text)
    __aeabi_uidiv                            0x08002dd9   Thumb Code     0  uidiv.o(.text)
    __aeabi_uidivmod                         0x08002dd9   Thumb Code    44  uidiv.o(.text)
    __aeabi_llsr                             0x08002e05   Thumb Code    32  llushr.o(.text)
    _ll_ushift_r                             0x08002e05   Thumb Code     0  llushr.o(.text)
    _strtoul                                 0x08002e25   Thumb Code   158  _strtoul.o(.text)
    __strtod_int                             0x08002efb   Thumb Code    88  strtod.o(.text)
    __I$use$fp                               0x08002f61   Thumb Code     0  iusefp.o(.text)
    _float_round                             0x08002f61   Thumb Code    18  fepilogue.o(.text)
    _float_epilogue                          0x08002f73   Thumb Code    92  fepilogue.o(.text)
    _double_round                            0x08002fcf   Thumb Code    30  depilogue.o(.text)
    _double_epilogue                         0x08002fed   Thumb Code   156  depilogue.o(.text)
    _dsqrt                                   0x08003089   Thumb Code   162  dsqrt.o(.text)
    __aeabi_d2ulz                            0x0800312b   Thumb Code    48  dfixul.o(.text)
    __scatterload                            0x0800315d   Thumb Code    28  init.o(.text)
    __scatterload_rt2                        0x0800315d   Thumb Code     0  init.o(.text)
    _chval                                   0x08003181   Thumb Code    28  _chval.o(.text)
    _scanf_real                              0x0800329d   Thumb Code     0  scanf_fp.o(.text)
    _scanf_really_real                       0x0800329d   Thumb Code   556  scanf_fp.o(.text)
    _sgetc                                   0x080034d5   Thumb Code    30  _sgetc.o(.text)
    _sbackspace                              0x080034f3   Thumb Code    34  _sgetc.o(.text)
    __aeabi_ul2d                             0x08003515   Thumb Code    24  dfltul.o(.text)
    BusFault_Handler                         0x0800352d   Thumb Code     4  stm32f4xx_it.o(i.BusFault_Handler)
    DebugMon_Handler                         0x08003531   Thumb Code     2  stm32f4xx_it.o(i.DebugMon_Handler)
    EXTI0_IRQHandler                         0x08003533   Thumb Code    10  stm32f4xx_it.o(i.EXTI0_IRQHandler)
    GNGGA_convert_to_GPGGA                   0x0800353d   Thumb Code    74  gps.o(i.GNGGA_convert_to_GPGGA)
    GPS_checksum                             0x08003595   Thumb Code    24  gps.o(i.GPS_checksum)
    GPS_init                                 0x080035ad   Thumb Code    16  gps.o(i.GPS_init)
    GPS_poll                                 0x080035c5   Thumb Code    42  gps.o(i.GPS_poll)
    HAL_DMA_Abort_IT                         0x08003601   Thumb Code    40  stm32f4xx_hal_dma.o(i.HAL_DMA_Abort_IT)
    HAL_Delay                                0x08003629   Thumb Code    36  stm32f4xx_hal.o(i.HAL_Delay)
    HAL_GPIO_EXTI_Callback                   0x08003651   Thumb Code     8  mpuxxxx.o(i.HAL_GPIO_EXTI_Callback)
    HAL_GPIO_EXTI_IRQHandler                 0x0800365d   Thumb Code    24  stm32f4xx_hal_gpio.o(i.HAL_GPIO_EXTI_IRQHandler)
    HAL_GPIO_Init                            0x08003679   Thumb Code   466  stm32f4xx_hal_gpio.o(i.HAL_GPIO_Init)
    HAL_GPIO_TogglePin                       0x08003879   Thumb Code     8  stm32f4xx_hal_gpio.o(i.HAL_GPIO_TogglePin)
    HAL_GPIO_WritePin                        0x08003881   Thumb Code    12  stm32f4xx_hal_gpio.o(i.HAL_GPIO_WritePin)
    HAL_GetTick                              0x0800388d   Thumb Code     6  stm32f4xx_hal.o(i.HAL_GetTick)
    HAL_IncTick                              0x08003899   Thumb Code    16  stm32f4xx_hal.o(i.HAL_IncTick)
    HAL_Init                                 0x080038b1   Thumb Code    54  stm32f4xx_hal.o(i.HAL_Init)
    HAL_InitTick                             0x080038ed   Thumb Code    64  stm32f4xx_hal.o(i.HAL_InitTick)
    HAL_MspInit                              0x08003939   Thumb Code   150  stm32f4xx_hal_msp.o(i.HAL_MspInit)
    HAL_NVIC_EnableIRQ                       0x080039d5   Thumb Code    26  stm32f4xx_hal_cortex.o(i.HAL_NVIC_EnableIRQ)
    HAL_NVIC_SetPriority                     0x080039ef   Thumb Code   124  stm32f4xx_hal_cortex.o(i.HAL_NVIC_SetPriority)
    HAL_NVIC_SetPriorityGrouping             0x08003a6d   Thumb Code    32  stm32f4xx_hal_cortex.o(i.HAL_NVIC_SetPriorityGrouping)
    HAL_RCC_ClockConfig                      0x08003a95   Thumb Code   366  stm32f4xx_hal_rcc.o(i.HAL_RCC_ClockConfig)
    HAL_RCC_GetHCLKFreq                      0x08003c15   Thumb Code     6  stm32f4xx_hal_rcc.o(i.HAL_RCC_GetHCLKFreq)
    HAL_RCC_GetPCLK1Freq                     0x08003c21   Thumb Code    22  stm32f4xx_hal_rcc.o(i.HAL_RCC_GetPCLK1Freq)
    HAL_RCC_GetPCLK2Freq                     0x08003c41   Thumb Code    22  stm32f4xx_hal_rcc.o(i.HAL_RCC_GetPCLK2Freq)
    HAL_RCC_GetSysClockFreq                  0x08003c61   Thumb Code   162  stm32f4xx_hal_rcc.o(i.HAL_RCC_GetSysClockFreq)
    HAL_RCC_OscConfig                        0x08003d11   Thumb Code  1086  stm32f4xx_hal_rcc.o(i.HAL_RCC_OscConfig)
    HAL_SPI_Init                             0x08004159   Thumb Code   140  stm32f4xx_hal_spi.o(i.HAL_SPI_Init)
    HAL_SPI_MspInit                          0x080041e5   Thumb Code    80  spi.o(i.HAL_SPI_MspInit)
    HAL_SYSTICK_CLKSourceConfig              0x08004241   Thumb Code    40  stm32f4xx_hal_cortex.o(i.HAL_SYSTICK_CLKSourceConfig)
    HAL_SYSTICK_Callback                     0x08004269   Thumb Code     2  stm32f4xx_hal_cortex.o(i.HAL_SYSTICK_Callback)
    HAL_SYSTICK_Config                       0x0800426b   Thumb Code    52  stm32f4xx_hal_cortex.o(i.HAL_SYSTICK_Config)
    HAL_SYSTICK_IRQHandler                   0x0800429f   Thumb Code     8  stm32f4xx_hal_cortex.o(i.HAL_SYSTICK_IRQHandler)
    HAL_UART_ErrorCallback                   0x080042a7   Thumb Code     2  stm32f4xx_hal_uart.o(i.HAL_UART_ErrorCallback)
    HAL_UART_IRQHandler                      0x080042a9   Thumb Code   326  stm32f4xx_hal_uart.o(i.HAL_UART_IRQHandler)
    HAL_UART_Init                            0x080043f5   Thumb Code   114  stm32f4xx_hal_uart.o(i.HAL_UART_Init)
    HAL_UART_MspInit                         0x08004469   Thumb Code   186  usart.o(i.HAL_UART_MspInit)
    HAL_UART_RxCpltCallback                  0x08004535   Thumb Code     2  stm32f4xx_hal_uart.o(i.HAL_UART_RxCpltCallback)
    HAL_UART_Transmit                        0x08004537   Thumb Code   214  stm32f4xx_hal_uart.o(i.HAL_UART_Transmit)
    HAL_UART_TxCpltCallback                  0x0800460d   Thumb Code     2  stm32f4xx_hal_uart.o(i.HAL_UART_TxCpltCallback)
    HardFault_Handler                        0x0800460f   Thumb Code     4  stm32f4xx_it.o(i.HardFault_Handler)
    MX_GPIO_Init                             0x08004615   Thumb Code   276  gpio.o(i.MX_GPIO_Init)
    MX_SPI2_Init                             0x0800473d   Thumb Code    66  spi.o(i.MX_SPI2_Init)
    MX_USART1_UART_Init                      0x08004799   Thumb Code    50  usart.o(i.MX_USART1_UART_Init)
    MX_USART2_UART_Init                      0x080047e5   Thumb Code    50  usart.o(i.MX_USART2_UART_Init)
    Mahony_Init                              0x08004831   Thumb Code   102  mahonyahrs.o(i.Mahony_Init)
    MemManage_Handler                        0x080048c5   Thumb Code     4  stm32f4xx_it.o(i.MemManage_Handler)
    NMI_Handler                              0x080048c9   Thumb Code     2  stm32f4xx_it.o(i.NMI_Handler)
    PendSV_Handler                           0x08004905   Thumb Code     2  stm32f4xx_it.o(i.PendSV_Handler)
    SVC_Handler                              0x08004907   Thumb Code     2  stm32f4xx_it.o(i.SVC_Handler)
    SysTick_Handler                          0x08004909   Thumb Code    12  stm32f4xx_it.o(i.SysTick_Handler)
    SystemClock_Config                       0x08004915   Thumb Code   200  main.o(i.SystemClock_Config)
    SystemInit                               0x080049f5   Thumb Code    82  system_stm32f4xx.o(i.SystemInit)
    USART1_Callback                          0x08004f85   Thumb Code   112  gps.o(i.USART1_Callback)
    USART1_IRQHandler                        0x08005001   Thumb Code    26  stm32f4xx_it.o(i.USART1_IRQHandler)
    USART2_IRQHandler                        0x08005021   Thumb Code    10  stm32f4xx_it.o(i.USART2_IRQHandler)
    UsageFault_Handler                       0x08005031   Thumb Code     4  stm32f4xx_it.o(i.UsageFault_Handler)
    _Error_Handler                           0x08005035   Thumb Code     4  main.o(i._Error_Handler)
    _MLPrintLog                              0x08005039   Thumb Code   188  log_stm32.o(i._MLPrintLog)
    __0snprintf                              0x080050f5   Thumb Code    36  printfa.o(i.__0snprintf)
    __1snprintf                              0x080050f5   Thumb Code     0  printfa.o(i.__0snprintf)
    __2snprintf                              0x080050f5   Thumb Code     0  printfa.o(i.__0snprintf)
    __c89snprintf                            0x080050f5   Thumb Code     0  printfa.o(i.__0snprintf)
    snprintf                                 0x080050f5   Thumb Code     0  printfa.o(i.__0snprintf)
    __0vsnprintf                             0x0800511d   Thumb Code    32  printfa.o(i.__0vsnprintf)
    __1vsnprintf                             0x0800511d   Thumb Code     0  printfa.o(i.__0vsnprintf)
    __2vsnprintf                             0x0800511d   Thumb Code     0  printfa.o(i.__0vsnprintf)
    __c89vsnprintf                           0x0800511d   Thumb Code     0  printfa.o(i.__0vsnprintf)
    vsnprintf                                0x0800511d   Thumb Code     0  printfa.o(i.__0vsnprintf)
    __0vsprintf                              0x08005141   Thumb Code    30  printfa.o(i.__0vsprintf)
    __1vsprintf                              0x08005141   Thumb Code     0  printfa.o(i.__0vsprintf)
    __2vsprintf                              0x08005141   Thumb Code     0  printfa.o(i.__0vsprintf)
    __c89vsprintf                            0x08005141   Thumb Code     0  printfa.o(i.__0vsprintf)
    vsprintf                                 0x08005141   Thumb Code     0  printfa.o(i.__0vsprintf)
    __ARM_fpclassify                         0x08005165   Thumb Code    48  fpclassify.o(i.__ARM_fpclassify)
    __ARM_fpclassifyf                        0x08005195   Thumb Code    38  fpclassifyf.o(i.__ARM_fpclassifyf)
    __aeabi_assert                           0x080051bb   Thumb Code     4  gps.o(i.__aeabi_assert)
    __aeabi_errno_addr                       0x080051c1   Thumb Code     4  errno.o(i.__aeabi_errno_addr)
    __rt_errno_addr                          0x080051c1   Thumb Code     0  errno.o(i.__aeabi_errno_addr)
    __hardfp_acosf                           0x080051c9   Thumb Code   234  acosf.o(i.__hardfp_acosf)
    __hardfp_asin                            0x080052e1   Thumb Code   770  asin.o(i.__hardfp_asin)
    __hardfp_atan                            0x08005641   Thumb Code   622  atan.o(i.__hardfp_atan)
    __hardfp_atan2                           0x08005919   Thumb Code   432  atan2.o(i.__hardfp_atan2)
    __hardfp_atan2f                          0x08005b09   Thumb Code   502  atan2f.o(i.__hardfp_atan2f)
    __hardfp_cosf                            0x08005d59   Thumb Code   280  cosf.o(i.__hardfp_cosf)
    __hardfp_fabs                            0x08005ea9   Thumb Code    20  fabs.o(i.__hardfp_fabs)
    __hardfp_log                             0x08005ec1   Thumb Code   872  log.o(i.__hardfp_log)
    __hardfp_sinf                            0x08006285   Thumb Code   344  sinf.o(i.__hardfp_sinf)
    __hardfp_sqrtf                           0x08006415   Thumb Code    58  sqrtf.o(i.__hardfp_sqrtf)
    __hardfp_strtod                          0x08006451   Thumb Code    30  strtod.o(i.__hardfp_strtod)
    __kernel_poly                            0x08006479   Thumb Code   248  poly.o(i.__kernel_poly)
    __mathlib_dbl_divzero                    0x08006571   Thumb Code    28  dunder.o(i.__mathlib_dbl_divzero)
    __mathlib_dbl_infnan                     0x080065a1   Thumb Code    20  dunder.o(i.__mathlib_dbl_infnan)
    __mathlib_dbl_infnan2                    0x080065b5   Thumb Code    20  dunder.o(i.__mathlib_dbl_infnan2)
    __mathlib_dbl_invalid                    0x080065c9   Thumb Code    24  dunder.o(i.__mathlib_dbl_invalid)
    __mathlib_dbl_underflow                  0x080065e9   Thumb Code    24  dunder.o(i.__mathlib_dbl_underflow)
    __mathlib_flt_infnan                     0x08006609   Thumb Code     6  funder.o(i.__mathlib_flt_infnan)
    __mathlib_flt_infnan2                    0x0800660f   Thumb Code     6  funder.o(i.__mathlib_flt_infnan2)
    __mathlib_flt_invalid                    0x08006615   Thumb Code    10  funder.o(i.__mathlib_flt_invalid)
    __mathlib_flt_underflow                  0x08006625   Thumb Code    10  funder.o(i.__mathlib_flt_underflow)
    __mathlib_rredf2                         0x08006635   Thumb Code   316  rredf.o(i.__mathlib_rredf2)
    __scatterload_copy                       0x080067bd   Thumb Code    14  handlers.o(i.__scatterload_copy)
    __scatterload_null                       0x080067cb   Thumb Code     2  handlers.o(i.__scatterload_null)
    __scatterload_zeroinit                   0x080067cd   Thumb Code    14  handlers.o(i.__scatterload_zeroinit)
    __set_errno                              0x080067dd   Thumb Code     6  errno.o(i.__set_errno)
    _is_digit                                0x0800694d   Thumb Code    14  scanf_fp.o(i._is_digit)
    _nmea_parse_time                         0x0800695d   Thumb Code   132  parse.o(i._nmea_parse_time)
    atan                                     0x0800725d   Thumb Code    16  atan.o(i.atan)
    debug_printf                             0x0800726d   Thumb Code    48  debug.o(i.debug_printf)
    debug_send                               0x0800729d   Thumb Code    44  debug.o(i.debug_send)
    dmp_enable_6x_lp_quat                    0x08007341   Thumb Code    60  inv_mpu_dmp_motion_driver.o(i.dmp_enable_6x_lp_quat)
    dmp_enable_feature                       0x0800737d   Thumb Code   530  inv_mpu_dmp_motion_driver.o(i.dmp_enable_feature)
    dmp_enable_gyro_cal                      0x08007599   Thumb Code    62  inv_mpu_dmp_motion_driver.o(i.dmp_enable_gyro_cal)
    dmp_enable_lp_quat                       0x080075f1   Thumb Code    60  inv_mpu_dmp_motion_driver.o(i.dmp_enable_lp_quat)
    dmp_load_motion_driver_firmware          0x0800762d   Thumb Code    20  inv_mpu_dmp_motion_driver.o(i.dmp_load_motion_driver_firmware)
    dmp_read_fifo                            0x08007645   Thumb Code   462  inv_mpu_dmp_motion_driver.o(i.dmp_read_fifo)
    dmp_set_fifo_rate                        0x08007819   Thumb Code    96  inv_mpu_dmp_motion_driver.o(i.dmp_set_fifo_rate)
    dmp_set_interrupt_mode                   0x08007889   Thumb Code    66  inv_mpu_dmp_motion_driver.o(i.dmp_set_interrupt_mode)
    dmp_set_orientation                      0x080078e5   Thumb Code   290  inv_mpu_dmp_motion_driver.o(i.dmp_set_orientation)
    dmp_set_shake_reject_thresh              0x08007a1d   Thumb Code    56  inv_mpu_dmp_motion_driver.o(i.dmp_set_shake_reject_thresh)
    dmp_set_shake_reject_time                0x08007a55   Thumb Code    38  inv_mpu_dmp_motion_driver.o(i.dmp_set_shake_reject_time)
    dmp_set_shake_reject_timeout             0x08007a7b   Thumb Code    38  inv_mpu_dmp_motion_driver.o(i.dmp_set_shake_reject_timeout)
    dmp_set_tap_axes                         0x08007aa1   Thumb Code    70  inv_mpu_dmp_motion_driver.o(i.dmp_set_tap_axes)
    dmp_set_tap_count                        0x08007ae7   Thumb Code    38  inv_mpu_dmp_motion_driver.o(i.dmp_set_tap_count)
    dmp_set_tap_thresh                       0x08007b0d   Thumb Code   412  inv_mpu_dmp_motion_driver.o(i.dmp_set_tap_thresh)
    dmp_set_tap_time                         0x08007ccd   Thumb Code    38  inv_mpu_dmp_motion_driver.o(i.dmp_set_tap_time)
    dmp_set_tap_time_multi                   0x08007cf3   Thumb Code    38  inv_mpu_dmp_motion_driver.o(i.dmp_set_tap_time_multi)
    eMPL_send_quat                           0x08007d19   Thumb Code   176  log_stm32.o(i.eMPL_send_quat)
    fabs                                     0x08007dc9   Thumb Code    24  fabs.o(i.fabs)
    free                                     0x08007de1   Thumb Code    76  malloc.o(i.free)
    iic_ack                                  0x08008505   Thumb Code    36  iic.o(i.iic_ack)
    iic_delay_us                             0x08008529   Thumb Code   350  iic.o(i.iic_delay_us)
    iic_init                                 0x08008689   Thumb Code   118  iic.o(i.iic_init)
    iic_nack                                 0x08008709   Thumb Code    36  iic.o(i.iic_nack)
    iic_read_byte                            0x0800872d   Thumb Code    88  iic.o(i.iic_read_byte)
    iic_read_mem                             0x08008785   Thumb Code   170  iic.o(i.iic_read_mem)
    iic_send_byte                            0x080088a7   Thumb Code    68  iic.o(i.iic_send_byte)
    iic_start                                0x080088eb   Thumb Code    50  iic.o(i.iic_start)
    iic_stop                                 0x0800891d   Thumb Code    42  iic.o(i.iic_stop)
    iic_wait_ack                             0x08008947   Thumb Code    88  iic.o(i.iic_wait_ack)
    iic_write_mem                            0x0800899f   Thumb Code   130  iic.o(i.iic_write_mem)
    inv_apply_calibration                    0x08008a21   Thumb Code   106  data_builder.o(i.inv_apply_calibration)
    inv_build_accel                          0x08008a8d   Thumb Code   128  data_builder.o(i.inv_build_accel)
    inv_build_gyro                           0x08008b19   Thumb Code    46  data_builder.o(i.inv_build_gyro)
    inv_build_quat                           0x08008b51   Thumb Code    56  data_builder.o(i.inv_build_quat)
    inv_build_temp                           0x08008b91   Thumb Code    38  data_builder.o(i.inv_build_temp)
    inv_compass_angle                        0x08008bbd   Thumb Code   170  ml_math_func.o(i.inv_compass_angle)
    inv_convert_to_body_with_scale           0x08008c6d   Thumb Code   114  ml_math_func.o(i.inv_convert_to_body_with_scale)
    inv_disable_compass_soft_iron_matrix     0x08008d49   Thumb Code    10  data_builder.o(i.inv_disable_compass_soft_iron_matrix)
    inv_enable_eMPL_outputs                  0x08008d59   Thumb Code    22  empl_outputs.o(i.inv_enable_eMPL_outputs)
    inv_enable_results_holder                0x08008d75   Thumb Code    26  results_holder.o(i.inv_enable_results_holder)
    inv_execute_mpl_start_notification       0x08008d95   Thumb Code    40  start_manager.o(i.inv_execute_mpl_start_notification)
    inv_execute_on_data                      0x08008dc1   Thumb Code   152  data_builder.o(i.inv_execute_on_data)
    inv_generate_results                     0x08008f51   Thumb Code    12  results_holder.o(i.inv_generate_results)
    inv_get_6axis_quaternion                 0x08008f61   Thumb Code    18  results_holder.o(i.inv_get_6axis_quaternion)
    inv_get_acc_state                        0x08008f79   Thumb Code     6  results_holder.o(i.inv_get_acc_state)
    inv_get_accel_accuracy                   0x08008f85   Thumb Code     6  data_builder.o(i.inv_get_accel_accuracy)
    inv_get_accel_on                         0x08008f91   Thumb Code    12  data_builder.o(i.inv_get_accel_on)
    inv_get_accel_set                        0x08008fa1   Thumb Code    40  data_builder.o(i.inv_get_accel_set)
    inv_get_compass_correction               0x08008fcd   Thumb Code    20  results_holder.o(i.inv_get_compass_correction)
    inv_get_compass_on                       0x08008fe5   Thumb Code    12  data_builder.o(i.inv_get_compass_on)
    inv_get_gravity                          0x08008ff5   Thumb Code    90  results_holder.o(i.inv_get_gravity)
    inv_get_gyro                             0x08009055   Thumb Code    12  data_builder.o(i.inv_get_gyro)
    inv_get_gyro_accuracy                    0x08009065   Thumb Code     6  data_builder.o(i.inv_get_gyro_accuracy)
    inv_get_gyro_bias                        0x08009071   Thumb Code    32  data_builder.o(i.inv_get_gyro_bias)
    inv_get_gyro_bias_tc_set                 0x08009095   Thumb Code    26  data_builder.o(i.inv_get_gyro_bias_tc_set)
    inv_get_gyro_on                          0x080090b5   Thumb Code    10  data_builder.o(i.inv_get_gyro_on)
    inv_get_gyro_set                         0x080090c5   Thumb Code    34  data_builder.o(i.inv_get_gyro_set)
    inv_get_gyro_sum_of_sqr                  0x080090ed   Thumb Code    28  ml_math_func.o(i.inv_get_gyro_sum_of_sqr)
    inv_get_last_timestamp                   0x08009109   Thumb Code    98  data_builder.o(i.inv_get_last_timestamp)
    inv_get_linear_accel                     0x08009171   Thumb Code    60  results_holder.o(i.inv_get_linear_accel)
    inv_get_local_field                      0x080091ad   Thumb Code    12  results_holder.o(i.inv_get_local_field)
    inv_get_mag_accuracy                     0x080091bd   Thumb Code    20  data_builder.o(i.inv_get_mag_accuracy)
    inv_get_motion_state                     0x080091d9   Thumb Code    16  results_holder.o(i.inv_get_motion_state)
    inv_get_quaternion                       0x080091ed   Thumb Code    54  results_holder.o(i.inv_get_quaternion)
    inv_get_quaternion_set                   0x08009229   Thumb Code    68  results_holder.o(i.inv_get_quaternion_set)
    inv_get_sensor_type_accel                0x0800926d   Thumb Code    36  empl_outputs.o(i.inv_get_sensor_type_accel)
    inv_get_sensor_type_euler                0x08009295   Thumb Code   588  empl_outputs.o(i.inv_get_sensor_type_euler)
    inv_get_sensor_type_gyro                 0x080094fd   Thumb Code    36  empl_outputs.o(i.inv_get_sensor_type_gyro)
    inv_get_sensor_type_quat                 0x08009525   Thumb Code    32  empl_outputs.o(i.inv_get_sensor_type_quat)
    inv_got_compass_bias                     0x08009549   Thumb Code     6  results_holder.o(i.inv_got_compass_bias)
    inv_init_data_builder                    0x08009555   Thumb Code    42  data_builder.o(i.inv_init_data_builder)
    inv_init_mpl                             0x080095a5   Thumb Code   106  mpl.o(i.inv_init_mpl)
    inv_init_results_holder                  0x08009631   Thumb Code    50  results_holder.o(i.inv_init_results_holder)
    inv_init_start_manager                   0x0800966d   Thumb Code    14  start_manager.o(i.inv_init_start_manager)
    inv_init_storage_manager                 0x08009681   Thumb Code    20  storage_manager.o(i.inv_init_storage_manager)
    inv_orientation_matrix_to_scalar         0x08009699   Thumb Code    40  ml_math_func.o(i.inv_orientation_matrix_to_scalar)
    inv_q29_mult                             0x080096c1   Thumb Code    18  ml_math_func.o(i.inv_q29_mult)
    inv_q30_mult                             0x080096d3   Thumb Code    18  ml_math_func.o(i.inv_q30_mult)
    inv_q_add                                0x080096fd   Thumb Code    36  ml_math_func.o(i.inv_q_add)
    inv_q_addf                               0x08009721   Thumb Code    66  ml_math_func.o(i.inv_q_addf)
    inv_q_invert                             0x08009763   Thumb Code    24  ml_math_func.o(i.inv_q_invert)
    inv_q_invertf                            0x0800977b   Thumb Code    46  ml_math_func.o(i.inv_q_invertf)
    inv_q_mult                               0x080097a9   Thumb Code   178  ml_math_func.o(i.inv_q_mult)
    inv_q_multf                              0x0800985b   Thumb Code   210  ml_math_func.o(i.inv_q_multf)
    inv_q_norm4                              0x0800992d   Thumb Code   162  ml_math_func.o(i.inv_q_norm4)
    inv_q_normalizef                         0x080099d5   Thumb Code   302  ml_math_func.o(i.inv_q_normalizef)
    inv_q_rotate                             0x08009b09   Thumb Code    66  ml_math_func.o(i.inv_q_rotate)
    inv_quaternion_to_rotation               0x08009b4b   Thumb Code   218  ml_math_func.o(i.inv_quaternion_to_rotation)
    inv_register_data_cb                     0x08009c25   Thumb Code   234  data_builder.o(i.inv_register_data_cb)
    inv_register_load_store                  0x08009d1d   Thumb Code   138  storage_manager.o(i.inv_register_load_store)
    inv_register_mpl_start_notification      0x08009dad   Thumb Code    38  start_manager.o(i.inv_register_mpl_start_notification)
    inv_reset_compass_soft_iron_matrix       0x08009dd9   Thumb Code    80  data_builder.o(i.inv_reset_compass_soft_iron_matrix)
    inv_set_accel_orientation_and_scale      0x08009e81   Thumb Code    18  data_builder.o(i.inv_set_accel_orientation_and_scale)
    inv_set_accel_sample_rate                0x08009e99   Thumb Code    36  data_builder.o(i.inv_set_accel_sample_rate)
    inv_set_compass_bias_found               0x08009ec5   Thumb Code     6  results_holder.o(i.inv_set_compass_bias_found)
    inv_set_compass_correction               0x08009ed1   Thumb Code    30  results_holder.o(i.inv_set_compass_correction)
    inv_set_compass_disturbance              0x08009ef5   Thumb Code     8  data_builder.o(i.inv_set_compass_disturbance)
    inv_set_gyro_bias                        0x0800a021   Thumb Code   102  data_builder.o(i.inv_set_gyro_bias)
    inv_set_gyro_orientation_and_scale       0x0800a095   Thumb Code    18  data_builder.o(i.inv_set_gyro_orientation_and_scale)
    inv_set_gyro_sample_rate                 0x0800a0ad   Thumb Code    32  data_builder.o(i.inv_set_gyro_sample_rate)
    inv_set_message                          0x0800a0d5   Thumb Code    24  message_layer.o(i.inv_set_message)
    inv_set_motion_state                     0x0800a0f1   Thumb Code    74  results_holder.o(i.inv_set_motion_state)
    inv_start_mpl                            0x0800a155   Thumb Code    38  mpl.o(i.inv_start_mpl)
    inv_start_results_holder                 0x0800a19d   Thumb Code    18  results_holder.o(i.inv_start_results_holder)
    inv_store_gaming_quaternion              0x0800a1b5   Thumb Code    30  results_holder.o(i.inv_store_gaming_quaternion)
    inv_unregister_data_cb                   0x0800a1d9   Thumb Code    96  data_builder.o(i.inv_unregister_data_cb)
    inv_unregister_mpl_start_notification    0x0800a23d   Thumb Code    92  start_manager.o(i.inv_unregister_mpl_start_notification)
    main                                     0x0800a29d   Thumb Code  1582  main.o(i.main)
    malloc                                   0x0800a925   Thumb Code    92  malloc.o(i.malloc)
    mpu_configure_fifo                       0x0800a991   Thumb Code   106  inv_mpu.o(i.mpu_configure_fifo)
    mpu_get_accel_fsr                        0x0800aa01   Thumb Code    72  inv_mpu.o(i.mpu_get_accel_fsr)
    mpu_get_fifo_config                      0x0800aa4d   Thumb Code    12  inv_mpu.o(i.mpu_get_fifo_config)
    mpu_get_gyro_fsr                         0x0800aa5d   Thumb Code    64  inv_mpu.o(i.mpu_get_gyro_fsr)
    mpu_get_lpf                              0x0800aaa1   Thumb Code    74  inv_mpu.o(i.mpu_get_lpf)
    mpu_get_sample_rate                      0x0800aaf1   Thumb Code    26  inv_mpu.o(i.mpu_get_sample_rate)
    mpu_get_temperature                      0x0800ab11   Thumb Code   142  inv_mpu.o(i.mpu_get_temperature)
    mpu_init                                 0x0800abad   Thumb Code   248  inv_mpu.o(i.mpu_init)
    mpu_load_firmware                        0x0800aca9   Thumb Code   180  inv_mpu.o(i.mpu_load_firmware)
    mpu_lp_accel_mode                        0x0800ad61   Thumb Code   218  inv_mpu.o(i.mpu_lp_accel_mode)
    mpu_read_6050_accel_bias                 0x0800ae41   Thumb Code   124  inv_mpu.o(i.mpu_read_6050_accel_bias)
    mpu_read_fifo_stream                     0x0800aec1   Thumb Code   186  inv_mpu.o(i.mpu_read_fifo_stream)
    mpu_read_mem                             0x0800af81   Thumb Code   122  inv_mpu.o(i.mpu_read_mem)
    mpu_reset_fifo                           0x0800b001   Thumb Code   450  inv_mpu.o(i.mpu_reset_fifo)
    mpu_run_self_test                        0x0800b1c9   Thumb Code   282  inv_mpu.o(i.mpu_run_self_test)
    mpu_set_accel_bias_6050_reg              0x0800b2e9   Thumb Code   196  inv_mpu.o(i.mpu_set_accel_bias_6050_reg)
    mpu_set_accel_fsr                        0x0800b3b1   Thumb Code   126  inv_mpu.o(i.mpu_set_accel_fsr)
    mpu_set_bypass                           0x0800b435   Thumb Code   328  inv_mpu.o(i.mpu_set_bypass)
    mpu_set_dmp_state                        0x0800b581   Thumb Code   138  inv_mpu.o(i.mpu_set_dmp_state)
    mpu_set_gyro_bias_reg                    0x0800b611   Thumb Code   152  inv_mpu.o(i.mpu_set_gyro_bias_reg)
    mpu_set_gyro_fsr                         0x0800b6ad   Thumb Code   132  inv_mpu.o(i.mpu_set_gyro_fsr)
    mpu_set_int_latched                      0x0800b735   Thumb Code   102  inv_mpu.o(i.mpu_set_int_latched)
    mpu_set_lpf                              0x0800b7a1   Thumb Code   126  inv_mpu.o(i.mpu_set_lpf)
    mpu_set_sample_rate                      0x0800b825   Thumb Code   152  inv_mpu.o(i.mpu_set_sample_rate)
    mpu_set_sensors                          0x0800b8c1   Thumb Code   202  inv_mpu.o(i.mpu_set_sensors)
    mpu_write_mem                            0x0800b991   Thumb Code   122  inv_mpu.o(i.mpu_write_mem)
    mpuxxxx_i2c_read_regs                    0x0800ba11   Thumb Code    30  mpuxxxx.o(i.mpuxxxx_i2c_read_regs)
    mpuxxxx_i2c_write_regs                   0x0800ba35   Thumb Code    30  mpuxxxx.o(i.mpuxxxx_i2c_write_regs)
    mpuxxxx_mpl_get_euler                    0x0800ba59   Thumb Code   114  mpuxxxx.o(i.mpuxxxx_mpl_get_euler)
    mpuxxxx_mpl_init                         0x0800bad5   Thumb Code   122  mpuxxxx.o(i.mpuxxxx_mpl_init)
    mpuxxxx_mpl_poll                         0x0800bb59   Thumb Code   178  mpuxxxx.o(i.mpuxxxx_mpl_poll)
    mpuxxxx_mpu_dmp_init                     0x0800bc11   Thumb Code   296  mpuxxxx.o(i.mpuxxxx_mpu_dmp_init)
    mpuxxxx_run_self_test                    0x0800bd45   Thumb Code   200  mpuxxxx.o(i.mpuxxxx_run_self_test)
    nmea_GPGGA2info                          0x0800be6d   Thumb Code   146  parse.o(i.nmea_GPGGA2info)
    nmea_GPGSA2info                          0x0800bf31   Thumb Code   150  parse.o(i.nmea_GPGSA2info)
    nmea_GPGSV2info                          0x0800bff9   Thumb Code   230  parse.o(i.nmea_GPGSV2info)
    nmea_GPRMC2info                          0x0800c111   Thumb Code   200  parse.o(i.nmea_GPRMC2info)
    nmea_GPVTG2info                          0x0800c211   Thumb Code    58  parse.o(i.nmea_GPVTG2info)
    nmea_atof                                0x0800c27d   Thumb Code    76  tok.o(i.nmea_atof)
    nmea_atoi                                0x0800c2d1   Thumb Code    50  tok.o(i.nmea_atoi)
    nmea_error                               0x0800c303   Thumb Code    54  context.o(i.nmea_error)
    nmea_find_tail                           0x0800c339   Thumb Code   148  parse.o(i.nmea_find_tail)
    nmea_pack_type                           0x0800c3fd   Thumb Code   122  parse.o(i.nmea_pack_type)
    nmea_parse                               0x0800c4a5   Thumb Code   152  parser.o(i.nmea_parse)
    nmea_parse_GPGGA                         0x0800c579   Thumb Code   164  parse.o(i.nmea_parse_GPGGA)
    nmea_parse_GPGSA                         0x0800c6ad   Thumb Code   144  parse.o(i.nmea_parse_GPGSA)
    nmea_parse_GPGSV                         0x0800c7bd   Thumb Code   192  parse.o(i.nmea_parse_GPGSV)
    nmea_parse_GPRMC                         0x0800c8c5   Thumb Code   190  parse.o(i.nmea_parse_GPRMC)
    nmea_parse_GPVTG                         0x0800ca15   Thumb Code   150  parse.o(i.nmea_parse_GPVTG)
    nmea_parser_buff_clear                   0x0800cb35   Thumb Code    32  parser.o(i.nmea_parser_buff_clear)
    nmea_parser_init                         0x0800cb91   Thumb Code    66  parser.o(i.nmea_parser_init)
    nmea_parser_pop                          0x0800cc15   Thumb Code    64  parser.o(i.nmea_parser_pop)
    nmea_parser_push                         0x0800cc91   Thumb Code    50  parser.o(i.nmea_parser_push)
    nmea_parser_real_push                    0x0800ccc5   Thumb Code   502  parser.o(i.nmea_parser_real_push)
    nmea_property                            0x0800cf19   Thumb Code     4  context.o(i.nmea_property)
    nmea_scanf                               0x0800cf21   Thumb Code   538  tok.o(i.nmea_scanf)
    nmea_time_now                            0x0800d13b   Thumb Code     2  time.o(i.nmea_time_now)
    nmea_trace_buff                          0x0800d13d   Thumb Code    24  context.o(i.nmea_trace_buff)
    nmea_zero_INFO                           0x0800d155   Thumb Code    30  info.o(i.nmea_zero_INFO)
    set_sensor_orientation_and_scale         0x0800d205   Thumb Code     6  data_builder.o(i.set_sensor_orientation_and_scale)
    sqrt                                     0x0800d20b   Thumb Code   110  sqrt.o(i.sqrt)
    sqrtf                                    0x0800d279   Thumb Code    62  sqrtf.o(i.sqrtf)
    AHBPrescTable                            0x0800d2b6   Data          16  system_stm32f4xx.o(.constdata)
    APBPrescTable                            0x0800d2c6   Data           8  system_stm32f4xx.o(.constdata)
    reg                                      0x0800d2e8   Data          30  inv_mpu.o(.constdata)
    hw                                       0x0800d306   Data          12  inv_mpu.o(.constdata)
    test                                     0x0800d314   Data          40  inv_mpu.o(.constdata)
    ml_ver                                   0x0800df32   Data          20  mpl.o(.constdata)
    __ctype_table                            0x0800e088   Data         129  ctype_o.o(.constdata)
    __mathlib_zero                           0x0800e110   Data           8  qnan.o(.constdata)
    Region$$Table$$Base                      0x0800e1f4   Number         0  anon$$obj.o(Region$$Table)
    Region$$Table$$Limit                     0x0800e214   Number         0  anon$$obj.o(Region$$Table)
    mpl_key                                  0x20000000   Data           4  main.o(.data)
    sensors                                  0x20000004   Data           2  main.o(.data)
    accuracy                                 0x20000006   Data           1  main.o(.data)
    timestamp                                0x20000008   Data           4  main.o(.data)
    compass_angle                            0x2000000c   Data           4  main.o(.data)
    result                                   0x20000010   Data           4  main.o(.data)
    uwTick                                   0x20000014   Data           4  stm32f4xx_hal.o(.data)
    uwTickPrio                               0x20000018   Data           4  stm32f4xx_hal.o(.data)
    uwTickFreq                               0x2000001c   Data           1  stm32f4xx_hal.o(.data)
    SystemCoreClock                          0x20000020   Data           4  system_stm32f4xx.o(.data)
    twoKi                                    0x20000024   Data           4  mahonyahrs.o(.data)
    q0                                       0x20000028   Data           4  mahonyahrs.o(.data)
    q1                                       0x2000002c   Data           4  mahonyahrs.o(.data)
    q2                                       0x20000030   Data           4  mahonyahrs.o(.data)
    q3                                       0x20000034   Data           4  mahonyahrs.o(.data)
    integralFBx                              0x20000038   Data           4  mahonyahrs.o(.data)
    integralFBy                              0x2000003c   Data           4  mahonyahrs.o(.data)
    integralFBz                              0x20000040   Data           4  mahonyahrs.o(.data)
    invSampleFreq                            0x20000044   Data           4  mahonyahrs.o(.data)
    roll                                     0x20000048   Data           4  mahonyahrs.o(.data)
    pitch                                    0x2000004c   Data           4  mahonyahrs.o(.data)
    yaw                                      0x20000050   Data           4  mahonyahrs.o(.data)
    anglesComputed                           0x20000054   Data           1  mahonyahrs.o(.data)
    mpuxxxx_new_data                         0x20000058   Data           4  mpuxxxx.o(.data)
    hiic                                     0x20000068   Data           4  mpuxxxx.o(.data)
    g_receive_index                          0x2000006c   Data           4  gps.o(.data)
    g_receive_success                        0x20000070   Data           1  gps.o(.data)
    __microlib_freelist                      0x200000c4   Data           4  mvars.o(.data)
    __microlib_freelist_initialised          0x200000c8   Data           4  mvars.o(.data)
    euler                                    0x200000d0   Data          12  main.o(.bss)
    accel                                    0x200000dc   Data          12  main.o(.bss)
    mpl_data                                 0x200000e8   Data          36  main.o(.bss)
    comp                                     0x2000010c   Data          12  main.o(.bss)
    hspi2                                    0x20000118   Data          88  spi.o(.bss)
    huart1                                   0x20000170   Data          64  usart.o(.bss)
    huart2                                   0x200001b0   Data          64  usart.o(.bss)
    iic                                      0x200001f0   Data          20  mpuxxxx.o(.bss)
    g_info                                   0x20000208   Data         360  gps.o(.bss)
    g_parser                                 0x20000370   Data          20  gps.o(.bss)
    g_buff                                   0x20000384   Data         128  gps.o(.bss)
    fnm                                      0x20000988   Data         608  fast_no_motion.o(.bss)
    s9axis                                   0x20000c28   Data         312  fusion_9axis.o(.bss)
    mag_disturb                              0x20000f90   Data         184  mag_disturb.o(.bss)
    __heap_base                              0x20001048   Data           0  startup_stm32f407xx.o(HEAP)
    __heap_limit                             0x20001248   Data           0  startup_stm32f407xx.o(HEAP)
    __initial_sp                             0x20001648   Data           0  startup_stm32f407xx.o(STACK)



==============================================================================

Memory Map of the image

  Image Entry point : 0x08000189

  Load Region LR_IROM1 (Base: 0x08000000, Size: 0x0000e2e4, Max: 0x00100000, ABSOLUTE)

    Execution Region ER_IROM1 (Base: 0x08000000, Size: 0x0000e214, Max: 0x00100000, ABSOLUTE)

    Base Addr    Size         Type   Attr      Idx    E Section Name        Object

    0x08000000   0x00000188   Data   RO            3    RESET               startup_stm32f407xx.o
    0x08000188   0x00000000   Code   RO         5799  * .ARM.Collect$$$$00000000  mc_w.l(entry.o)
    0x08000188   0x00000004   Code   RO         6236    .ARM.Collect$$$$00000001  mc_w.l(entry2.o)
    0x0800018c   0x00000004   Code   RO         6239    .ARM.Collect$$$$00000004  mc_w.l(entry5.o)
    0x08000190   0x00000000   Code   RO         6241    .ARM.Collect$$$$00000008  mc_w.l(entry7b.o)
    0x08000190   0x00000000   Code   RO         6243    .ARM.Collect$$$$0000000A  mc_w.l(entry8b.o)
    0x08000190   0x00000008   Code   RO         6244    .ARM.Collect$$$$0000000B  mc_w.l(entry9a.o)
    0x08000198   0x00000000   Code   RO         6246    .ARM.Collect$$$$0000000D  mc_w.l(entry10a.o)
    0x08000198   0x00000000   Code   RO         6248    .ARM.Collect$$$$0000000F  mc_w.l(entry11a.o)
    0x08000198   0x00000004   Code   RO         6237    .ARM.Collect$$$$00002712  mc_w.l(entry2.o)
    0x0800019c   0x00000024   Code   RO            4    .text               startup_stm32f407xx.o
    0x080001c0   0x00000a18   Code   RO         5390    .text               libmpllib.lib(fast_no_motion.o)
    0x08000bd8   0x000006b0   Code   RO         5481    .text               libmpllib.lib(fusion_9axis.o)
    0x08001288   0x000004c4   Code   RO         5506    .text               libmpllib.lib(gyro_tc.o)
    0x0800174c   0x00000994   Code   RO         5527    .text               libmpllib.lib(quaternion_supervisor.o)
    0x080020e0   0x000005c0   Code   RO         5545    .text               libmpllib.lib(mag_disturb.o)
    0x080026a0   0x00000062   Code   RO         5802    .text               mc_w.l(uldiv.o)
    0x08002702   0x00000062   Code   RO         5804    .text               mc_w.l(ldiv.o)
    0x08002764   0x0000001e   Code   RO         5806    .text               mc_w.l(llshl.o)
    0x08002782   0x00000024   Code   RO         5808    .text               mc_w.l(llsshr.o)
    0x080027a6   0x00000002   PAD
    0x080027a8   0x00000008   Code   RO         5810    .text               mc_w.l(ctype_o.o)
    0x080027b0   0x00000012   Code   RO         5832    .text               mc_w.l(isspace_o.o)
    0x080027c2   0x00000040   Code   RO         5843    .text               mc_w.l(memmovea.o)
    0x08002802   0x00000024   Code   RO         5845    .text               mc_w.l(memseta.o)
    0x08002826   0x0000000e   Code   RO         5847    .text               mc_w.l(strlen.o)
    0x08002834   0x00000014   Code   RO         5849    .text               mc_w.l(memchr.o)
    0x08002848   0x0000001a   Code   RO         5851    .text               mc_w.l(memcmp.o)
    0x08002862   0x0000001e   Code   RO         5853    .text               mc_w.l(strncmp.o)
    0x08002880   0x00000070   Code   RO         6148    .text               mc_w.l(strtol.o)
    0x080028f0   0x0000014e   Code   RO         6150    .text               mf_w.l(dadd.o)
    0x08002a3e   0x000000e4   Code   RO         6152    .text               mf_w.l(dmul.o)
    0x08002b22   0x000000de   Code   RO         6154    .text               mf_w.l(ddiv.o)
    0x08002c00   0x0000002c   Code   RO         6158    .text               mf_w.l(ffltl.o)
    0x08002c2c   0x00000022   Code   RO         6160    .text               mf_w.l(dflti.o)
    0x08002c4e   0x0000001a   Code   RO         6162    .text               mf_w.l(dfltui.o)
    0x08002c68   0x00000042   Code   RO         6164    .text               mf_w.l(ffixl.o)
    0x08002caa   0x0000003e   Code   RO         6166    .text               mf_w.l(dfixi.o)
    0x08002ce8   0x00000032   Code   RO         6168    .text               mf_w.l(dfixui.o)
    0x08002d1a   0x00000026   Code   RO         6170    .text               mf_w.l(f2d.o)
    0x08002d40   0x00000030   Code   RO         6172    .text               mf_w.l(cdcmple.o)
    0x08002d70   0x00000030   Code   RO         6174    .text               mf_w.l(cdrcmple.o)
    0x08002da0   0x00000038   Code   RO         6176    .text               mf_w.l(d2f.o)
    0x08002dd8   0x0000002c   Code   RO         6253    .text               mc_w.l(uidiv.o)
    0x08002e04   0x00000020   Code   RO         6255    .text               mc_w.l(llushr.o)
    0x08002e24   0x0000009e   Code   RO         6266    .text               mc_w.l(_strtoul.o)
    0x08002ec2   0x00000002   PAD
    0x08002ec4   0x0000009c   Code   RO         6268    .text               mc_w.l(strtod.o)
    0x08002f60   0x00000000   Code   RO         6270    .text               mc_w.l(iusefp.o)
    0x08002f60   0x0000006e   Code   RO         6271    .text               mf_w.l(fepilogue.o)
    0x08002fce   0x000000ba   Code   RO         6273    .text               mf_w.l(depilogue.o)
    0x08003088   0x000000a2   Code   RO         6277    .text               mf_w.l(dsqrt.o)
    0x0800312a   0x00000030   Code   RO         6279    .text               mf_w.l(dfixul.o)
    0x0800315a   0x00000002   PAD
    0x0800315c   0x00000024   Code   RO         6281    .text               mc_w.l(init.o)
    0x08003180   0x0000001c   Code   RO         6286    .text               mc_w.l(_chval.o)
    0x0800319c   0x00000338   Code   RO         6288    .text               mc_w.l(scanf_fp.o)
    0x080034d4   0x00000040   Code   RO         6292    .text               mc_w.l(_sgetc.o)
    0x08003514   0x00000018   Code   RO         6298    .text               mf_w.l(dfltul.o)
    0x0800352c   0x00000004   Code   RO          358    i.BusFault_Handler  stm32f4xx_it.o
    0x08003530   0x00000002   Code   RO          359    i.DebugMon_Handler  stm32f4xx_it.o
    0x08003532   0x0000000a   Code   RO          360    i.EXTI0_IRQHandler  stm32f4xx_it.o
    0x0800353c   0x00000058   Code   RO         2604    i.GNGGA_convert_to_GPGGA  gps.o
    0x08003594   0x00000018   Code   RO         2605    i.GPS_checksum      gps.o
    0x080035ac   0x00000018   Code   RO         2608    i.GPS_init          gps.o
    0x080035c4   0x0000003c   Code   RO         2609    i.GPS_poll          gps.o
    0x08003600   0x00000028   Code   RO         1668    i.HAL_DMA_Abort_IT  stm32f4xx_hal_dma.o
    0x08003628   0x00000028   Code   RO         2091    i.HAL_Delay         stm32f4xx_hal.o
    0x08003650   0x0000000c   Code   RO         2445    i.HAL_GPIO_EXTI_Callback  mpuxxxx.o
    0x0800365c   0x0000001c   Code   RO         1559    i.HAL_GPIO_EXTI_IRQHandler  stm32f4xx_hal_gpio.o
    0x08003678   0x00000200   Code   RO         1560    i.HAL_GPIO_Init     stm32f4xx_hal_gpio.o
    0x08003878   0x00000008   Code   RO         1563    i.HAL_GPIO_TogglePin  stm32f4xx_hal_gpio.o
    0x08003880   0x0000000c   Code   RO         1564    i.HAL_GPIO_WritePin  stm32f4xx_hal_gpio.o
    0x0800388c   0x0000000c   Code   RO         2097    i.HAL_GetTick       stm32f4xx_hal.o
    0x08003898   0x00000018   Code   RO         2101    i.HAL_IncTick       stm32f4xx_hal.o
    0x080038b0   0x0000003c   Code   RO         2102    i.HAL_Init          stm32f4xx_hal.o
    0x080038ec   0x0000004c   Code   RO         2103    i.HAL_InitTick      stm32f4xx_hal.o
    0x08003938   0x0000009c   Code   RO          452    i.HAL_MspInit       stm32f4xx_hal_msp.o
    0x080039d4   0x0000001a   Code   RO         1949    i.HAL_NVIC_EnableIRQ  stm32f4xx_hal_cortex.o
    0x080039ee   0x0000007c   Code   RO         1955    i.HAL_NVIC_SetPriority  stm32f4xx_hal_cortex.o
    0x08003a6a   0x00000002   PAD
    0x08003a6c   0x00000028   Code   RO         1956    i.HAL_NVIC_SetPriorityGrouping  stm32f4xx_hal_cortex.o
    0x08003a94   0x00000180   Code   RO         1161    i.HAL_RCC_ClockConfig  stm32f4xx_hal_rcc.o
    0x08003c14   0x0000000c   Code   RO         1166    i.HAL_RCC_GetHCLKFreq  stm32f4xx_hal_rcc.o
    0x08003c20   0x00000020   Code   RO         1168    i.HAL_RCC_GetPCLK1Freq  stm32f4xx_hal_rcc.o
    0x08003c40   0x00000020   Code   RO         1169    i.HAL_RCC_GetPCLK2Freq  stm32f4xx_hal_rcc.o
    0x08003c60   0x000000b0   Code   RO         1170    i.HAL_RCC_GetSysClockFreq  stm32f4xx_hal_rcc.o
    0x08003d10   0x00000448   Code   RO         1173    i.HAL_RCC_OscConfig  stm32f4xx_hal_rcc.o
    0x08004158   0x0000008c   Code   RO          487    i.HAL_SPI_Init      stm32f4xx_hal_spi.o
    0x080041e4   0x0000005c   Code   RO          269    i.HAL_SPI_MspInit   spi.o
    0x08004240   0x00000028   Code   RO         1958    i.HAL_SYSTICK_CLKSourceConfig  stm32f4xx_hal_cortex.o
    0x08004268   0x00000002   Code   RO         1959    i.HAL_SYSTICK_Callback  stm32f4xx_hal_cortex.o
    0x0800426a   0x00000034   Code   RO         1960    i.HAL_SYSTICK_Config  stm32f4xx_hal_cortex.o
    0x0800429e   0x00000008   Code   RO         1961    i.HAL_SYSTICK_IRQHandler  stm32f4xx_hal_cortex.o
    0x080042a6   0x00000002   Code   RO          850    i.HAL_UART_ErrorCallback  stm32f4xx_hal_uart.o
    0x080042a8   0x0000014c   Code   RO          853    i.HAL_UART_IRQHandler  stm32f4xx_hal_uart.o
    0x080043f4   0x00000072   Code   RO          854    i.HAL_UART_Init     stm32f4xx_hal_uart.o
    0x08004466   0x00000002   PAD
    0x08004468   0x000000cc   Code   RO          311    i.HAL_UART_MspInit  usart.o
    0x08004534   0x00000002   Code   RO          860    i.HAL_UART_RxCpltCallback  stm32f4xx_hal_uart.o
    0x08004536   0x000000d6   Code   RO          862    i.HAL_UART_Transmit  stm32f4xx_hal_uart.o
    0x0800460c   0x00000002   Code   RO          865    i.HAL_UART_TxCpltCallback  stm32f4xx_hal_uart.o
    0x0800460e   0x00000004   Code   RO          361    i.HardFault_Handler  stm32f4xx_it.o
    0x08004612   0x00000002   PAD
    0x08004614   0x00000128   Code   RO          244    i.MX_GPIO_Init      gpio.o
    0x0800473c   0x0000005c   Code   RO          270    i.MX_SPI2_Init      spi.o
    0x08004798   0x0000004c   Code   RO          312    i.MX_USART1_UART_Init  usart.o
    0x080047e4   0x0000004c   Code   RO          313    i.MX_USART2_UART_Init  usart.o
    0x08004830   0x00000094   Code   RO         2391    i.Mahony_Init       mahonyahrs.o
    0x080048c4   0x00000004   Code   RO          362    i.MemManage_Handler  stm32f4xx_it.o
    0x080048c8   0x00000002   Code   RO          363    i.NMI_Handler       stm32f4xx_it.o
    0x080048ca   0x00000002   PAD
    0x080048cc   0x00000010   Code   RO         1962    i.NVIC_GetPriorityGrouping  stm32f4xx_hal_cortex.o
    0x080048dc   0x00000028   Code   RO         1963    i.NVIC_SetPriority  stm32f4xx_hal_cortex.o
    0x08004904   0x00000002   Code   RO          364    i.PendSV_Handler    stm32f4xx_it.o
    0x08004906   0x00000002   Code   RO          365    i.SVC_Handler       stm32f4xx_it.o
    0x08004908   0x0000000c   Code   RO          366    i.SysTick_Handler   stm32f4xx_it.o
    0x08004914   0x000000e0   Code   RO           13    i.SystemClock_Config  main.o
    0x080049f4   0x00000064   Code   RO         2256    i.SystemInit        system_stm32f4xx.o
    0x08004a58   0x00000014   Code   RO          867    i.UART_DMAAbortOnError  stm32f4xx_hal_uart.o
    0x08004a6c   0x00000020   Code   RO          877    i.UART_EndRxTransfer  stm32f4xx_hal_uart.o
    0x08004a8c   0x00000020   Code   RO          878    i.UART_EndTransmit_IT  stm32f4xx_hal_uart.o
    0x08004aac   0x0000009a   Code   RO          880    i.UART_Receive_IT   stm32f4xx_hal_uart.o
    0x08004b46   0x00000002   PAD
    0x08004b48   0x00000368   Code   RO          881    i.UART_SetConfig    stm32f4xx_hal_uart.o
    0x08004eb0   0x00000068   Code   RO          882    i.UART_Transmit_IT  stm32f4xx_hal_uart.o
    0x08004f18   0x0000006c   Code   RO          883    i.UART_WaitOnFlagUntilTimeout  stm32f4xx_hal_uart.o
    0x08004f84   0x0000007c   Code   RO         2610    i.USART1_Callback   gps.o
    0x08005000   0x00000020   Code   RO          367    i.USART1_IRQHandler  stm32f4xx_it.o
    0x08005020   0x00000010   Code   RO          368    i.USART2_IRQHandler  stm32f4xx_it.o
    0x08005030   0x00000004   Code   RO          369    i.UsageFault_Handler  stm32f4xx_it.o
    0x08005034   0x00000004   Code   RO           14    i._Error_Handler    main.o
    0x08005038   0x000000bc   Code   RO         3324    i._MLPrintLog       log_stm32.o
    0x080050f4   0x00000028   Code   RO         6093    i.__0snprintf       mc_w.l(printfa.o)
    0x0800511c   0x00000024   Code   RO         6097    i.__0vsnprintf      mc_w.l(printfa.o)
    0x08005140   0x00000024   Code   RO         6098    i.__0vsprintf       mc_w.l(printfa.o)
    0x08005164   0x00000030   Code   RO         6195    i.__ARM_fpclassify  m_wm.l(fpclassify.o)
    0x08005194   0x00000026   Code   RO         6197    i.__ARM_fpclassifyf  m_wm.l(fpclassifyf.o)
    0x080051ba   0x00000004   Code   RO         2611    i.__aeabi_assert    gps.o
    0x080051be   0x00000002   PAD
    0x080051c0   0x00000008   Code   RO         6259    i.__aeabi_errno_addr  mc_w.l(errno.o)
    0x080051c8   0x00000118   Code   RO         5581    i.__hardfp_acosf    m_wm.l(acosf.o)
    0x080052e0   0x00000360   Code   RO         5593    i.__hardfp_asin     m_wm.l(asin.o)
    0x08005640   0x000002d8   Code   RO         5619    i.__hardfp_atan     m_wm.l(atan.o)
    0x08005918   0x000001f0   Code   RO         5633    i.__hardfp_atan2    m_wm.l(atan2.o)
    0x08005b08   0x00000250   Code   RO         5645    i.__hardfp_atan2f   m_wm.l(atan2f.o)
    0x08005d58   0x00000150   Code   RO         5675    i.__hardfp_cosf     m_wm.l(cosf.o)
    0x08005ea8   0x00000014   Code   RO         5687    i.__hardfp_fabs     m_wm.l(fabs.o)
    0x08005ebc   0x00000004   PAD
    0x08005ec0   0x000003c4   Code   RO         5699    i.__hardfp_log      m_wm.l(log.o)
    0x08006284   0x00000190   Code   RO         5745    i.__hardfp_sinf     m_wm.l(sinf.o)
    0x08006414   0x0000003a   Code   RO         5769    i.__hardfp_sqrtf    m_wm.l(sqrtf.o)
    0x0800644e   0x00000002   PAD
    0x08006450   0x00000028   Code   RO         5781    i.__hardfp_strtod   m_wm.l(strtod.o)
    0x08006478   0x000000f8   Code   RO         6213    i.__kernel_poly     m_wm.l(poly.o)
    0x08006570   0x00000030   Code   RO         6181    i.__mathlib_dbl_divzero  m_wm.l(dunder.o)
    0x080065a0   0x00000014   Code   RO         6182    i.__mathlib_dbl_infnan  m_wm.l(dunder.o)
    0x080065b4   0x00000014   Code   RO         6183    i.__mathlib_dbl_infnan2  m_wm.l(dunder.o)
    0x080065c8   0x00000020   Code   RO         6184    i.__mathlib_dbl_invalid  m_wm.l(dunder.o)
    0x080065e8   0x00000020   Code   RO         6187    i.__mathlib_dbl_underflow  m_wm.l(dunder.o)
    0x08006608   0x00000006   Code   RO         6200    i.__mathlib_flt_infnan  m_wm.l(funder.o)
    0x0800660e   0x00000006   Code   RO         6201    i.__mathlib_flt_infnan2  m_wm.l(funder.o)
    0x08006614   0x00000010   Code   RO         6202    i.__mathlib_flt_invalid  m_wm.l(funder.o)
    0x08006624   0x00000010   Code   RO         6205    i.__mathlib_flt_underflow  m_wm.l(funder.o)
    0x08006634   0x00000154   Code   RO         6221    i.__mathlib_rredf2  m_wm.l(rredf.o)
    0x08006788   0x00000034   Code   RO         4367    i.__print_result_location  mpl.o
    0x080067bc   0x0000000e   Code   RO         6302    i.__scatterload_copy  mc_w.l(handlers.o)
    0x080067ca   0x00000002   Code   RO         6303    i.__scatterload_null  mc_w.l(handlers.o)
    0x080067cc   0x0000000e   Code   RO         6304    i.__scatterload_zeroinit  mc_w.l(handlers.o)
    0x080067da   0x00000002   PAD
    0x080067dc   0x0000000c   Code   RO         6261    i.__set_errno       mc_w.l(errno.o)
    0x080067e8   0x00000164   Code   RO         6099    i._fp_digits        mc_w.l(printfa.o)
    0x0800694c   0x0000000e   Code   RO         6290    i._is_digit         mc_w.l(scanf_fp.o)
    0x0800695a   0x00000002   PAD
    0x0800695c   0x000000c4   Code   RO         5117    i._nmea_parse_time  parse.o
    0x08006a20   0x000006dc   Code   RO         6100    i._printf_core      mc_w.l(printfa.o)
    0x080070fc   0x00000024   Code   RO         6101    i._printf_post_padding  mc_w.l(printfa.o)
    0x08007120   0x0000002e   Code   RO         6102    i._printf_pre_padding  mc_w.l(printfa.o)
    0x0800714e   0x00000016   Code   RO         6103    i._snputc           mc_w.l(printfa.o)
    0x08007164   0x0000000a   Code   RO         6104    i._sputc            mc_w.l(printfa.o)
    0x0800716e   0x00000002   PAD
    0x08007170   0x000000ec   Code   RO         2784    i.accel_self_test   inv_mpu.o
    0x0800725c   0x00000010   Code   RO         5621    i.atan              m_wm.l(atan.o)
    0x0800726c   0x00000030   Code   RO         2292    i.debug_printf      debug.o
    0x0800729c   0x00000034   Code   RO         2293    i.debug_send        debug.o
    0x080072d0   0x00000064   Code   RO         3127    i.decode_gesture    inv_mpu_dmp_motion_driver.o
    0x08007334   0x0000000c   Code   RO         2785    i.delay_ms          inv_mpu.o
    0x08007340   0x0000003c   Code   RO         3128    i.dmp_enable_6x_lp_quat  inv_mpu_dmp_motion_driver.o
    0x0800737c   0x0000021c   Code   RO         3129    i.dmp_enable_feature  inv_mpu_dmp_motion_driver.o
    0x08007598   0x00000058   Code   RO         3130    i.dmp_enable_gyro_cal  inv_mpu_dmp_motion_driver.o
    0x080075f0   0x0000003c   Code   RO         3131    i.dmp_enable_lp_quat  inv_mpu_dmp_motion_driver.o
    0x0800762c   0x00000018   Code   RO         3136    i.dmp_load_motion_driver_firmware  inv_mpu_dmp_motion_driver.o
    0x08007644   0x000001d4   Code   RO         3137    i.dmp_read_fifo     inv_mpu_dmp_motion_driver.o
    0x08007818   0x00000070   Code   RO         3141    i.dmp_set_fifo_rate  inv_mpu_dmp_motion_driver.o
    0x08007888   0x0000005c   Code   RO         3143    i.dmp_set_interrupt_mode  inv_mpu_dmp_motion_driver.o
    0x080078e4   0x00000138   Code   RO         3144    i.dmp_set_orientation  inv_mpu_dmp_motion_driver.o
    0x08007a1c   0x00000038   Code   RO         3147    i.dmp_set_shake_reject_thresh  inv_mpu_dmp_motion_driver.o
    0x08007a54   0x00000026   Code   RO         3148    i.dmp_set_shake_reject_time  inv_mpu_dmp_motion_driver.o
    0x08007a7a   0x00000026   Code   RO         3149    i.dmp_set_shake_reject_timeout  inv_mpu_dmp_motion_driver.o
    0x08007aa0   0x00000046   Code   RO         3150    i.dmp_set_tap_axes  inv_mpu_dmp_motion_driver.o
    0x08007ae6   0x00000026   Code   RO         3151    i.dmp_set_tap_count  inv_mpu_dmp_motion_driver.o
    0x08007b0c   0x000001c0   Code   RO         3152    i.dmp_set_tap_thresh  inv_mpu_dmp_motion_driver.o
    0x08007ccc   0x00000026   Code   RO         3153    i.dmp_set_tap_time  inv_mpu_dmp_motion_driver.o
    0x08007cf2   0x00000026   Code   RO         3154    i.dmp_set_tap_time_multi  inv_mpu_dmp_motion_driver.o
    0x08007d18   0x000000b0   Code   RO         3326    i.eMPL_send_quat    log_stm32.o
    0x08007dc8   0x00000018   Code   RO         5689    i.fabs              m_wm.l(fabs.o)
    0x08007de0   0x00000050   Code   RO         6120    i.free              mc_w.l(malloc.o)
    0x08007e30   0x000000d0   Code   RO         2786    i.get_accel_prod_shift  inv_mpu.o
    0x08007f00   0x0000000e   Code   RO         2787    i.get_ms            inv_mpu.o
    0x08007f0e   0x00000002   PAD
    0x08007f10   0x00000470   Code   RO         2788    i.get_st_biases     inv_mpu.o
    0x08008380   0x0000014c   Code   RO         2789    i.gyro_self_test    inv_mpu.o
    0x080084cc   0x0000001c   Code   RO         2790    i.i2c_read          inv_mpu.o
    0x080084e8   0x0000001c   Code   RO         2791    i.i2c_write         inv_mpu.o
    0x08008504   0x00000024   Code   RO         2668    i.iic_ack           iic.o
    0x08008528   0x0000015e   Code   RO         2669    i.iic_delay_us      iic.o
    0x08008686   0x00000002   PAD
    0x08008688   0x00000080   Code   RO         2670    i.iic_init          iic.o
    0x08008708   0x00000024   Code   RO         2671    i.iic_nack          iic.o
    0x0800872c   0x00000058   Code   RO         2672    i.iic_read_byte     iic.o
    0x08008784   0x000000aa   Code   RO         2673    i.iic_read_mem      iic.o
    0x0800882e   0x0000001e   Code   RO         2675    i.iic_scl_set       iic.o
    0x0800884c   0x00000028   Code   RO         2676    i.iic_sda_mode      iic.o
    0x08008874   0x00000014   Code   RO         2677    i.iic_sda_read      iic.o
    0x08008888   0x0000001e   Code   RO         2678    i.iic_sda_set       iic.o
    0x080088a6   0x00000044   Code   RO         2679    i.iic_send_byte     iic.o
    0x080088ea   0x00000032   Code   RO         2680    i.iic_start         iic.o
    0x0800891c   0x0000002a   Code   RO         2681    i.iic_stop          iic.o
    0x08008946   0x00000058   Code   RO         2682    i.iic_wait_ack      iic.o
    0x0800899e   0x00000082   Code   RO         2683    i.iic_write_mem     iic.o
    0x08008a20   0x0000006a   Code   RO         3440    i.inv_apply_calibration  data_builder.o
    0x08008a8a   0x00000002   PAD
    0x08008a8c   0x0000008c   Code   RO         3441    i.inv_build_accel   data_builder.o
    0x08008b18   0x00000038   Code   RO         3443    i.inv_build_gyro    data_builder.o
    0x08008b50   0x00000040   Code   RO         3444    i.inv_build_quat    data_builder.o
    0x08008b90   0x0000002c   Code   RO         3445    i.inv_build_temp    data_builder.o
    0x08008bbc   0x000000b0   Code   RO         4010    i.inv_compass_angle  ml_math_func.o
    0x08008c6c   0x00000072   Code   RO         4012    i.inv_convert_to_body_with_scale  ml_math_func.o
    0x08008cde   0x00000002   PAD
    0x08008ce0   0x00000050   Code   RO         3447    i.inv_db_load_func  data_builder.o
    0x08008d30   0x00000018   Code   RO         3448    i.inv_db_save_func  data_builder.o
    0x08008d48   0x00000010   Code   RO         3449    i.inv_disable_compass_soft_iron_matrix  data_builder.o
    0x08008d58   0x0000001c   Code   RO         3358    i.inv_enable_eMPL_outputs  empl_outputs.o
    0x08008d74   0x00000020   Code   RO         4402    i.inv_enable_results_holder  results_holder.o
    0x08008d94   0x0000002c   Code   RO         4637    i.inv_execute_mpl_start_notification  start_manager.o
    0x08008dc0   0x000000a0   Code   RO         3451    i.inv_execute_on_data  data_builder.o
    0x08008e60   0x000000f0   Code   RO         3359    i.inv_generate_eMPL_outputs  empl_outputs.o
    0x08008f50   0x00000010   Code   RO         4403    i.inv_generate_results  results_holder.o
    0x08008f60   0x00000018   Code   RO         4404    i.inv_get_6axis_quaternion  results_holder.o
    0x08008f78   0x0000000c   Code   RO         4405    i.inv_get_acc_state  results_holder.o
    0x08008f84   0x0000000c   Code   RO         3452    i.inv_get_accel_accuracy  data_builder.o
    0x08008f90   0x00000010   Code   RO         3454    i.inv_get_accel_on  data_builder.o
    0x08008fa0   0x0000002c   Code   RO         3458    i.inv_get_accel_set  data_builder.o
    0x08008fcc   0x00000018   Code   RO         4409    i.inv_get_compass_correction  results_holder.o
    0x08008fe4   0x00000010   Code   RO         3461    i.inv_get_compass_on  data_builder.o
    0x08008ff4   0x00000060   Code   RO         4411    i.inv_get_gravity   results_holder.o
    0x08009054   0x00000010   Code   RO         3469    i.inv_get_gyro      data_builder.o
    0x08009064   0x0000000c   Code   RO         3470    i.inv_get_gyro_accuracy  data_builder.o
    0x08009070   0x00000024   Code   RO         3471    i.inv_get_gyro_bias  data_builder.o
    0x08009094   0x00000020   Code   RO         3472    i.inv_get_gyro_bias_tc_set  data_builder.o
    0x080090b4   0x00000010   Code   RO         3473    i.inv_get_gyro_on   data_builder.o
    0x080090c4   0x00000028   Code   RO         3477    i.inv_get_gyro_set  data_builder.o
    0x080090ec   0x0000001c   Code   RO         4016    i.inv_get_gyro_sum_of_sqr  ml_math_func.o
    0x08009108   0x00000068   Code   RO         3479    i.inv_get_last_timestamp  data_builder.o
    0x08009170   0x0000003c   Code   RO         4415    i.inv_get_linear_accel  results_holder.o
    0x080091ac   0x00000010   Code   RO         4417    i.inv_get_local_field  results_holder.o
    0x080091bc   0x0000001c   Code   RO         3480    i.inv_get_mag_accuracy  data_builder.o
    0x080091d8   0x00000014   Code   RO         4419    i.inv_get_motion_state  results_holder.o
    0x080091ec   0x0000003c   Code   RO         4420    i.inv_get_quaternion  results_holder.o
    0x08009228   0x00000044   Code   RO         4422    i.inv_get_quaternion_set  results_holder.o
    0x0800926c   0x00000028   Code   RO         3360    i.inv_get_sensor_type_accel  empl_outputs.o
    0x08009294   0x00000268   Code   RO         3362    i.inv_get_sensor_type_euler  empl_outputs.o
    0x080094fc   0x00000028   Code   RO         3363    i.inv_get_sensor_type_gyro  empl_outputs.o
    0x08009524   0x00000024   Code   RO         3365    i.inv_get_sensor_type_quat  empl_outputs.o
    0x08009548   0x0000000c   Code   RO         4424    i.inv_got_compass_bias  results_holder.o
    0x08009554   0x0000003c   Code   RO         3483    i.inv_init_data_builder  data_builder.o
    0x08009590   0x00000014   Code   RO         3367    i.inv_init_eMPL_outputs  empl_outputs.o
    0x080095a4   0x0000008c   Code   RO         4369    i.inv_init_mpl      mpl.o
    0x08009630   0x0000003c   Code   RO         4425    i.inv_init_results_holder  results_holder.o
    0x0800966c   0x00000014   Code   RO         4638    i.inv_init_start_manager  start_manager.o
    0x08009680   0x00000018   Code   RO         4671    i.inv_init_storage_manager  storage_manager.o
    0x08009698   0x00000028   Code   RO         4025    i.inv_orientation_matrix_to_scalar  ml_math_func.o
    0x080096c0   0x00000012   Code   RO         4026    i.inv_q29_mult      ml_math_func.o
    0x080096d2   0x00000012   Code   RO         4028    i.inv_q30_mult      ml_math_func.o
    0x080096e4   0x00000018   Code   RO         4030    i.inv_q30_to_float  ml_math_func.o
    0x080096fc   0x00000024   Code   RO         4031    i.inv_q_add         ml_math_func.o
    0x08009720   0x00000042   Code   RO         4032    i.inv_q_addf        ml_math_func.o
    0x08009762   0x00000018   Code   RO         4033    i.inv_q_invert      ml_math_func.o
    0x0800977a   0x0000002e   Code   RO         4034    i.inv_q_invertf     ml_math_func.o
    0x080097a8   0x000000b2   Code   RO         4035    i.inv_q_mult        ml_math_func.o
    0x0800985a   0x000000d2   Code   RO         4036    i.inv_q_multf       ml_math_func.o
    0x0800992c   0x000000a8   Code   RO         4037    i.inv_q_norm4       ml_math_func.o
    0x080099d4   0x00000134   Code   RO         4039    i.inv_q_normalizef  ml_math_func.o
    0x08009b08   0x00000042   Code   RO         4040    i.inv_q_rotate      ml_math_func.o
    0x08009b4a   0x000000da   Code   RO         4042    i.inv_quaternion_to_rotation  ml_math_func.o
    0x08009c24   0x000000f8   Code   RO         3486    i.inv_register_data_cb  data_builder.o
    0x08009d1c   0x00000090   Code   RO         4673    i.inv_register_load_store  storage_manager.o
    0x08009dac   0x0000002c   Code   RO         4639    i.inv_register_mpl_start_notification  start_manager.o
    0x08009dd8   0x00000058   Code   RO         3487    i.inv_reset_compass_soft_iron_matrix  data_builder.o
    0x08009e30   0x0000004e   Code   RO         4044    i.inv_row_2_scale   ml_math_func.o
    0x08009e7e   0x00000002   PAD
    0x08009e80   0x00000018   Code   RO         3492    i.inv_set_accel_orientation_and_scale  data_builder.o
    0x08009e98   0x0000002c   Code   RO         3493    i.inv_set_accel_sample_rate  data_builder.o
    0x08009ec4   0x0000000c   Code   RO         4430    i.inv_set_compass_bias_found  results_holder.o
    0x08009ed0   0x00000024   Code   RO         4431    i.inv_set_compass_correction  results_holder.o
    0x08009ef4   0x0000000c   Code   RO         3496    i.inv_set_compass_disturbance  data_builder.o
    0x08009f00   0x00000120   Code   RO         3502    i.inv_set_contiguous  data_builder.o
    0x0800a020   0x00000074   Code   RO         3504    i.inv_set_gyro_bias  data_builder.o
    0x0800a094   0x00000018   Code   RO         3505    i.inv_set_gyro_orientation_and_scale  data_builder.o
    0x0800a0ac   0x00000028   Code   RO         3506    i.inv_set_gyro_sample_rate  data_builder.o
    0x0800a0d4   0x0000001c   Code   RO         3985    i.inv_set_message   message_layer.o
    0x0800a0f0   0x00000050   Code   RO         4437    i.inv_set_motion_state  results_holder.o
    0x0800a140   0x00000014   Code   RO         3368    i.inv_start_eMPL_outputs  empl_outputs.o
    0x0800a154   0x00000048   Code   RO         4370    i.inv_start_mpl     mpl.o
    0x0800a19c   0x00000018   Code   RO         4438    i.inv_start_results_holder  results_holder.o
    0x0800a1b4   0x00000024   Code   RO         4439    i.inv_store_gaming_quaternion  results_holder.o
    0x0800a1d8   0x00000064   Code   RO         3509    i.inv_unregister_data_cb  data_builder.o
    0x0800a23c   0x00000060   Code   RO         4640    i.inv_unregister_mpl_start_notification  start_manager.o
    0x0800a29c   0x00000688   Code   RO           15    i.main              main.o
    0x0800a924   0x0000006c   Code   RO         6121    i.malloc            mc_w.l(malloc.o)
    0x0800a990   0x00000070   Code   RO         2792    i.mpu_configure_fifo  inv_mpu.o
    0x0800aa00   0x0000004c   Code   RO         2793    i.mpu_get_accel_fsr  inv_mpu.o
    0x0800aa4c   0x00000010   Code   RO         2800    i.mpu_get_fifo_config  inv_mpu.o
    0x0800aa5c   0x00000044   Code   RO         2801    i.mpu_get_gyro_fsr  inv_mpu.o
    0x0800aaa0   0x00000050   Code   RO         2805    i.mpu_get_lpf       inv_mpu.o
    0x0800aaf0   0x00000020   Code   RO         2807    i.mpu_get_sample_rate  inv_mpu.o
    0x0800ab10   0x0000009c   Code   RO         2808    i.mpu_get_temperature  inv_mpu.o
    0x0800abac   0x000000fc   Code   RO         2809    i.mpu_init          inv_mpu.o
    0x0800aca8   0x000000b8   Code   RO         2810    i.mpu_load_firmware  inv_mpu.o
    0x0800ad60   0x000000e0   Code   RO         2811    i.mpu_lp_accel_mode  inv_mpu.o
    0x0800ae40   0x00000080   Code   RO         2813    i.mpu_read_6050_accel_bias  inv_mpu.o
    0x0800aec0   0x000000c0   Code   RO         2817    i.mpu_read_fifo_stream  inv_mpu.o
    0x0800af80   0x00000080   Code   RO         2818    i.mpu_read_mem      inv_mpu.o
    0x0800b000   0x000001c8   Code   RO         2821    i.mpu_reset_fifo    inv_mpu.o
    0x0800b1c8   0x00000120   Code   RO         2822    i.mpu_run_self_test  inv_mpu.o
    0x0800b2e8   0x000000c8   Code   RO         2823    i.mpu_set_accel_bias_6050_reg  inv_mpu.o
    0x0800b3b0   0x00000084   Code   RO         2825    i.mpu_set_accel_fsr  inv_mpu.o
    0x0800b434   0x0000014c   Code   RO         2826    i.mpu_set_bypass    inv_mpu.o
    0x0800b580   0x00000090   Code   RO         2828    i.mpu_set_dmp_state  inv_mpu.o
    0x0800b610   0x0000009c   Code   RO         2829    i.mpu_set_gyro_bias_reg  inv_mpu.o
    0x0800b6ac   0x00000088   Code   RO         2830    i.mpu_set_gyro_fsr  inv_mpu.o
    0x0800b734   0x0000006c   Code   RO         2831    i.mpu_set_int_latched  inv_mpu.o
    0x0800b7a0   0x00000084   Code   RO         2833    i.mpu_set_lpf       inv_mpu.o
    0x0800b824   0x0000009c   Code   RO         2834    i.mpu_set_sample_rate  inv_mpu.o
    0x0800b8c0   0x000000d0   Code   RO         2835    i.mpu_set_sensors   inv_mpu.o
    0x0800b990   0x00000080   Code   RO         2836    i.mpu_write_mem     inv_mpu.o
    0x0800ba10   0x00000024   Code   RO         2448    i.mpuxxxx_i2c_read_regs  mpuxxxx.o
    0x0800ba34   0x00000024   Code   RO         2449    i.mpuxxxx_i2c_write_regs  mpuxxxx.o
    0x0800ba58   0x0000007c   Code   RO         2450    i.mpuxxxx_mpl_get_euler  mpuxxxx.o
    0x0800bad4   0x00000084   Code   RO         2451    i.mpuxxxx_mpl_init  mpuxxxx.o
    0x0800bb58   0x000000b8   Code   RO         2452    i.mpuxxxx_mpl_poll  mpuxxxx.o
    0x0800bc10   0x00000134   Code   RO         2453    i.mpuxxxx_mpu_dmp_init  mpuxxxx.o
    0x0800bd44   0x00000128   Code   RO         2454    i.mpuxxxx_run_self_test  mpuxxxx.o
    0x0800be6c   0x000000c4   Code   RO         5118    i.nmea_GPGGA2info   parse.o
    0x0800bf30   0x000000c8   Code   RO         5119    i.nmea_GPGSA2info   parse.o
    0x0800bff8   0x00000118   Code   RO         5120    i.nmea_GPGSV2info   parse.o
    0x0800c110   0x00000100   Code   RO         5121    i.nmea_GPRMC2info   parse.o
    0x0800c210   0x0000006c   Code   RO         5122    i.nmea_GPVTG2info   parse.o
    0x0800c27c   0x00000054   Code   RO         5341    i.nmea_atof         tok.o
    0x0800c2d0   0x00000032   Code   RO         5342    i.nmea_atoi         tok.o
    0x0800c302   0x00000036   Code   RO         4712    i.nmea_error        context.o
    0x0800c338   0x000000c4   Code   RO         5123    i.nmea_find_tail    parse.o
    0x0800c3fc   0x000000a8   Code   RO         5124    i.nmea_pack_type    parse.o
    0x0800c4a4   0x000000d4   Code   RO         5209    i.nmea_parse        parser.o
    0x0800c578   0x00000134   Code   RO         5125    i.nmea_parse_GPGGA  parse.o
    0x0800c6ac   0x00000110   Code   RO         5126    i.nmea_parse_GPGSA  parse.o
    0x0800c7bc   0x00000108   Code   RO         5127    i.nmea_parse_GPGSV  parse.o
    0x0800c8c4   0x00000150   Code   RO         5128    i.nmea_parse_GPRMC  parse.o
    0x0800ca14   0x00000120   Code   RO         5129    i.nmea_parse_GPVTG  parse.o
    0x0800cb34   0x0000005c   Code   RO         5210    i.nmea_parser_buff_clear  parser.o
    0x0800cb90   0x00000084   Code   RO         5213    i.nmea_parser_init  parser.o
    0x0800cc14   0x0000007c   Code   RO         5215    i.nmea_parser_pop   parser.o
    0x0800cc90   0x00000032   Code   RO         5216    i.nmea_parser_push  parser.o
    0x0800ccc2   0x00000002   PAD
    0x0800ccc4   0x00000254   Code   RO         5218    i.nmea_parser_real_push  parser.o
    0x0800cf18   0x00000008   Code   RO         4713    i.nmea_property     context.o
    0x0800cf20   0x0000021a   Code   RO         5345    i.nmea_scanf        tok.o
    0x0800d13a   0x00000002   Code   RO         5323    i.nmea_time_now     time.o
    0x0800d13c   0x00000018   Code   RO         4715    i.nmea_trace_buff   context.o
    0x0800d154   0x0000001e   Code   RO         5102    i.nmea_zero_INFO    info.o
    0x0800d172   0x00000002   PAD
    0x0800d174   0x00000090   Code   RO         2837    i.set_int_enable    inv_mpu.o
    0x0800d204   0x00000006   Code   RO         3510    i.set_sensor_orientation_and_scale  data_builder.o
    0x0800d20a   0x0000006e   Code   RO         5759    i.sqrt              m_wm.l(sqrt.o)
    0x0800d278   0x0000003e   Code   RO         5771    i.sqrtf             m_wm.l(sqrtf.o)
    0x0800d2b6   0x00000018   Data   RO         2257    .constdata          system_stm32f4xx.o
    0x0800d2ce   0x00000002   PAD
    0x0800d2d0   0x00000018   Data   RO         2456    .constdata          mpuxxxx.o
    0x0800d2e8   0x00000054   Data   RO         2838    .constdata          inv_mpu.o
    0x0800d33c   0x00000bf6   Data   RO         3156    .constdata          inv_mpu_dmp_motion_driver.o
    0x0800df32   0x0000002f   Data   RO         4371    .constdata          mpl.o
    0x0800df61   0x00000007   PAD
    0x0800df68   0x00000050   Data   RO         5596    .constdata          m_wm.l(asin.o)
    0x0800dfb8   0x00000098   Data   RO         5622    .constdata          m_wm.l(atan.o)
    0x0800e050   0x00000038   Data   RO         5702    .constdata          m_wm.l(log.o)
    0x0800e088   0x00000081   Data   RO         5811    .constdata          mc_w.l(ctype_o.o)
    0x0800e109   0x00000003   PAD
    0x0800e10c   0x00000004   Data   RO         5812    .constdata          mc_w.l(ctype_o.o)
    0x0800e110   0x00000008   Data   RO         6215    .constdata          m_wm.l(qnan.o)
    0x0800e118   0x00000020   Data   RO         6222    .constdata          m_wm.l(rredf.o)
    0x0800e138   0x00000009   Data   RO           17    .conststring        main.o
    0x0800e141   0x00000003   PAD
    0x0800e144   0x00000044   Data   RO         3512    .conststring        data_builder.o
    0x0800e188   0x0000006a   Data   RO         5130    .conststring        parse.o
    0x0800e1f2   0x00000002   PAD
    0x0800e1f4   0x00000020   Data   RO         6300    Region$$Table       anon$$obj.o


    Execution Region RW_IRAM1 (Base: 0x20000000, Size: 0x00001648, Max: 0x00020000, ABSOLUTE)

    Base Addr    Size         Type   Attr      Idx    E Section Name        Object

    0x20000000   0x00000014   Data   RW           18    .data               main.o
    0x20000014   0x00000009   Data   RW         2109    .data               stm32f4xx_hal.o
    0x2000001d   0x00000003   PAD
    0x20000020   0x00000004   Data   RW         2258    .data               system_stm32f4xx.o
    0x20000024   0x00000031   Data   RW         2398    .data               mahonyahrs.o
    0x20000055   0x00000003   PAD
    0x20000058   0x00000014   Data   RW         2457    .data               mpuxxxx.o
    0x2000006c   0x00000005   Data   RW         2613    .data               gps.o
    0x20000071   0x00000003   PAD
    0x20000074   0x0000002c   Data   RW         2839    .data               inv_mpu.o
    0x200000a0   0x00000004   Data   RW         3986    .data               message_layer.o
    0x200000a4   0x0000000c   Data   RW         4716    .data               context.o
    0x200000b0   0x00000014   Data   RW         5131    .data               parse.o
    0x200000c4   0x00000004   Data   RW         6257    .data               mc_w.l(mvars.o)
    0x200000c8   0x00000004   Data   RW         6258    .data               mc_w.l(mvars.o)
    0x200000cc   0x00000004   Data   RW         6262    .data               mc_w.l(errno.o)
    0x200000d0   0x00000048   Zero   RW           16    .bss                main.o
    0x20000118   0x00000058   Zero   RW          271    .bss                spi.o
    0x20000170   0x00000080   Zero   RW          314    .bss                usart.o
    0x200001f0   0x00000014   Zero   RW         2455    .bss                mpuxxxx.o
    0x20000204   0x00000004   PAD
    0x20000208   0x000001fc   Zero   RW         2612    .bss                gps.o
    0x20000404   0x00000010   Zero   RW         3155    .bss                inv_mpu_dmp_motion_driver.o
    0x20000414   0x00000028   Zero   RW         3370    .bss                empl_outputs.o
    0x2000043c   0x000002d8   Zero   RW         3511    .bss                data_builder.o
    0x20000714   0x00000088   Zero   RW         4440    .bss                results_holder.o
    0x2000079c   0x00000054   Zero   RW         4641    .bss                start_manager.o
    0x200007f0   0x00000198   Zero   RW         4675    .bss                storage_manager.o
    0x20000988   0x000002a0   Zero   RW         5391    .bss                libmpllib.lib(fast_no_motion.o)
    0x20000c28   0x00000138   Zero   RW         5482    .bss                libmpllib.lib(fusion_9axis.o)
    0x20000d60   0x000001c4   Zero   RW         5507    .bss                libmpllib.lib(gyro_tc.o)
    0x20000f24   0x0000006c   Zero   RW         5528    .bss                libmpllib.lib(quaternion_supervisor.o)
    0x20000f90   0x000000b8   Zero   RW         5546    .bss                libmpllib.lib(mag_disturb.o)
    0x20001048   0x00000200   Zero   RW            2    HEAP                startup_stm32f407xx.o
    0x20001248   0x00000400   Zero   RW            1    STACK               startup_stm32f407xx.o


==============================================================================

Image component sizes


      Code (inc. data)   RO Data    RW Data    ZI Data      Debug   Object Name

        86          4          0         12          0       3243   context.o
      2112        226         68          0        728      24146   data_builder.o
       100          8          0          0          0       2396   debug.o
      1040         60          0          0         40       7204   empl_outputs.o
         0          0          0          0          0       2816   generate.o
       296         20          0          0          0       1143   gpio.o
       324         52          0          5        508       4752   gps.o
         0          0          0          0          0        392   hmc5843.o
      1306         10          0          0          0      11052   iic.o
        30          0          0          0          0       2173   info.o
      6362        216         84         44          0      34685   inv_mpu.o
      2620        152       3062          0         16      22550   inv_mpu_dmp_motion_driver.o
       364         10          0          0          0       1903   log_stm32.o
       148         46          0         49          0       1274   mahonyahrs.o
      1900        278          9         20         72     670753   main.o
        28          4          0          4          0       1418   message_layer.o
      1816         24          0          0          0      14540   ml_math_func.o
       264         92         47          0          0       2856   mpl.o
      1128        150         24         20         20      10547   mpuxxxx.o
      3068       1042        106         20          0      11246   parse.o
      1206        340          0          0          0       6246   parser.o
       688         92          0          0        136      13514   results_holder.o
       184         38          0          0         88       1865   spi.o
       204         20          0          0         84       3720   start_manager.o
        36          8        392          0       1536        892   startup_stm32f407xx.o
       212         36          0          9          0       5013   stm32f4xx_hal.o
       348         22          0          0          0      33245   stm32f4xx_hal_cortex.o
        40          0          0          0          0       1255   stm32f4xx_hal_dma.o
       560         50          0          0          0       3864   stm32f4xx_hal_gpio.o
       156          6          0          0          0       1034   stm32f4xx_hal_msp.o
      1732         84          0          0          0       5968   stm32f4xx_hal_rcc.o
       140          0          0          0          0       1243   stm32f4xx_hal_spi.o
      1988         14          0          0          0      10499   stm32f4xx_hal_uart.o
        94         12          0          0          0       6457   stm32f4xx_it.o
       168         10          0          0        408       2717   storage_manager.o
       100         18         24          4          0       1359   system_stm32f4xx.o
         2          0          0          0          0       1500   time.o
       672          8          0          0          0       2925   tok.o
       356         70          0          0        128       2571   usart.o

    ----------------------------------------------------------------------
     31904       3222       3862        196       3768     936976   Object Totals
         0          0         32          0          0          0   (incl. Generated)
        26          0         14          9          4          0   (incl. Padding)

    ----------------------------------------------------------------------

      Code (inc. data)   RO Data    RW Data    ZI Data      Debug   Library Member Name

      2584         42          0          0        672      20088   fast_no_motion.o
      1712         72          0          0        312       5636   fusion_9axis.o
      1220         32          0          0        452       5735   gyro_tc.o
      1472         48          0          0        184       7614   mag_disturb.o
      2452        130          0          0        108       5637   quaternion_supervisor.o
       280         46          0          0          0        176   acosf.o
       864         94         80          0          0        280   asin.o
       744        106        152          0          0        352   atan.o
       496         64          0          0          0        192   atan2.o
       592         90          0          0          0        184   atan2f.o
       336         56          0          0          0        136   cosf.o
       152         36          0          0          0        620   dunder.o
        44          0          0          0          0        248   fabs.o
        48          0          0          0          0        124   fpclassify.o
        38          0          0          0          0        116   fpclassifyf.o
        44         12          0          0          0        464   funder.o
       964         92         56          0          0        316   log.o
       248          0          0          0          0        152   poly.o
         0          0          8          0          0          0   qnan.o
       340         24         32          0          0        160   rredf.o
       400         56          0          0          0        212   sinf.o
       110          0          0          0          0        148   sqrt.o
       120          0          0          0          0        272   sqrtf.o
        40         10          0          0          0        128   strtod.o
        28          0          0          0          0         68   _chval.o
        64          0          0          0          0         84   _sgetc.o
       158          0          0          0          0         92   _strtoul.o
         8          4        133          0          0         68   ctype_o.o
         0          0          0          0          0          0   entry.o
         0          0          0          0          0          0   entry10a.o
         0          0          0          0          0          0   entry11a.o
         8          4          0          0          0          0   entry2.o
         4          0          0          0          0          0   entry5.o
         0          0          0          0          0          0   entry7b.o
         0          0          0          0          0          0   entry8b.o
         8          4          0          0          0          0   entry9a.o
        20         10          0          4          0        136   errno.o
        30          0          0          0          0          0   handlers.o
        36          8          0          0          0         68   init.o
        18          0          0          0          0         76   isspace_o.o
         0          0          0          0          0          0   iusefp.o
        98          0          0          0          0         84   ldiv.o
        30          0          0          0          0         68   llshl.o
        36          0          0          0          0         68   llsshr.o
        32          0          0          0          0         68   llushr.o
       188         20          0          0          0        160   malloc.o
        20          0          0          0          0         68   memchr.o
        26          0          0          0          0         80   memcmp.o
        64          0          0          0          0         76   memmovea.o
        36          0          0          0          0        108   memseta.o
         0          0          0          8          0          0   mvars.o
      2338         94          0          0          0        740   printfa.o
       838         12          0          0          0        216   scanf_fp.o
        14          0          0          0          0         68   strlen.o
        30          0          0          0          0         80   strncmp.o
       156         14          0          0          0        120   strtod.o
       112          0          0          0          0         88   strtol.o
        44          0          0          0          0         80   uidiv.o
        98          0          0          0          0         92   uldiv.o
        48          0          0          0          0         68   cdcmple.o
        48          0          0          0          0         68   cdrcmple.o
        56          0          0          0          0         88   d2f.o
       334          0          0          0          0        148   dadd.o
       222          0          0          0          0        100   ddiv.o
       186          0          0          0          0        176   depilogue.o
        62          0          0          0          0         80   dfixi.o
        50          0          0          0          0         76   dfixui.o
        48          0          0          0          0         68   dfixul.o
        34          0          0          0          0         76   dflti.o
        26          0          0          0          0         76   dfltui.o
        24          0          0          0          0         76   dfltul.o
       228          0          0          0          0         96   dmul.o
       162          0          0          0          0        100   dsqrt.o
        38          0          0          0          0         68   f2d.o
       110          0          0          0          0        168   fepilogue.o
        66          0          0          0          0         76   ffixl.o
        44          0          0          0          0         92   ffltl.o

    ----------------------------------------------------------------------
     21646       1180        464         12       1728      53546   Library Totals
        18          0          3          0          0          0   (incl. Padding)

    ----------------------------------------------------------------------

      Code (inc. data)   RO Data    RW Data    ZI Data      Debug   Library Name

      9440        324          0          0       1728      44710   libmpllib.lib
      5860        686        328          0          0       4280   m_wm.l
      4542        170        133         12          0       2856   mc_w.l
      1786          0          0          0          0       1700   mf_w.l

    ----------------------------------------------------------------------
     21646       1180        464         12       1728      53546   Library Totals

    ----------------------------------------------------------------------

==============================================================================


      Code (inc. data)   RO Data    RW Data    ZI Data      Debug   

     53550       4402       4326        208       5496     958878   Grand Totals
     53550       4402       4326        208       5496     958878   ELF Image Totals
     53550       4402       4326        208          0          0   ROM Totals

==============================================================================

    Total RO  Size (Code + RO Data)                57876 (  56.52kB)
    Total RW  Size (RW Data + ZI Data)              5704 (   5.57kB)
    Total ROM Size (Code + RO Data + RW Data)      58084 (  56.72kB)

==============================================================================

