Component: ARM Compiler 5.05 update 1 (build 106) Tool: armlink [4d0efa]

==============================================================================

Section Cross References

    adc.o(i.adc_init) refers to stm32f10x_rcc.o(i.RCC_APB2PeriphClockCmd) for RCC_APB2PeriphClockCmd
    adc.o(i.adc_init) refers to stm32f10x_rcc.o(i.RCC_ADCCLKConfig) for RCC_ADCCLKConfig
    adc.o(i.adc_init) refers to stm32f10x_adc.o(i.ADC_DeInit) for ADC_DeInit
    adc.o(i.adc_init) refers to stm32f10x_adc.o(i.ADC_Init) for ADC_Init
    adc.o(i.adc_init) refers to stm32f10x_adc.o(i.ADC_Cmd) for ADC_Cmd
    adc.o(i.adc_init) refers to stm32f10x_adc.o(i.ADC_ResetCalibration) for ADC_ResetCalibration
    adc.o(i.adc_init) refers to stm32f10x_adc.o(i.ADC_GetResetCalibrationStatus) for ADC_GetResetCalibrationStatus
    adc.o(i.adc_init) refers to stm32f10x_adc.o(i.ADC_StartCalibration) for ADC_StartCalibration
    adc.o(i.adc_init) refers to stm32f10x_adc.o(i.ADC_GetCalibrationStatus) for ADC_GetCalibrationStatus
    adc.o(i.adc_regularChannelConfig) refers to stm32f10x_gpio.o(i.GPIO_Init) for GPIO_Init
    adc.o(i.adc_regularChannelConfig) refers to stm32f10x_adc.o(i.ADC_RegularChannelConfig) for ADC_RegularChannelConfig
    adc.o(i.adc_regularChannelConfig) refers to adc.o(.constdata) for ADC1_Pin_Table
    adc.o(i.adc_regularDMAConfig) refers to stm32f10x_rcc.o(i.RCC_AHBPeriphClockCmd) for RCC_AHBPeriphClockCmd
    adc.o(i.adc_regularDMAConfig) refers to stm32f10x_dma.o(i.DMA_DeInit) for DMA_DeInit
    adc.o(i.adc_regularDMAConfig) refers to stm32f10x_dma.o(i.DMA_Init) for DMA_Init
    adc.o(i.adc_regularDMAConfig) refers to stm32f10x_dma.o(i.DMA_Cmd) for DMA_Cmd
    adc.o(i.adc_regularDMAConfig) refers to stm32f10x_adc.o(i.ADC_DMACmd) for ADC_DMACmd
    debug.o(i.__printf) refers to printfa.o(i.__0vsnprintf) for vsnprintf
    debug.o(i.__printf) refers to stm32f10x_usart.o(i.USART_SendData) for USART_SendData
    debug.o(i.__printf) refers to stm32f10x_usart.o(i.USART_GetFlagStatus) for USART_GetFlagStatus
    gpio.o(i.EXTI0_IRQHandler) refers to gpio.o(i.EXTI_Line0_Callback) for EXTI_Line0_Callback
    gpio.o(i.EXTI15_10_IRQHandler) refers to gpio.o(i.EXTI_Line10_Callback) for EXTI_Line10_Callback
    gpio.o(i.EXTI15_10_IRQHandler) refers to gpio.o(i.EXTI_Line11_Callback) for EXTI_Line11_Callback
    gpio.o(i.EXTI15_10_IRQHandler) refers to gpio.o(i.EXTI_Line12_Callback) for EXTI_Line12_Callback
    gpio.o(i.EXTI15_10_IRQHandler) refers to gpio.o(i.EXTI_Line13_Callback) for EXTI_Line13_Callback
    gpio.o(i.EXTI15_10_IRQHandler) refers to gpio.o(i.EXTI_Line14_Callback) for EXTI_Line14_Callback
    gpio.o(i.EXTI15_10_IRQHandler) refers to gpio.o(i.EXTI_Line15_Callback) for EXTI_Line15_Callback
    gpio.o(i.EXTI1_IRQHandler) refers to gpio.o(i.EXTI_Line1_Callback) for EXTI_Line1_Callback
    gpio.o(i.EXTI2_IRQHandler) refers to gpio.o(i.EXTI_Line2_Callback) for EXTI_Line2_Callback
    gpio.o(i.EXTI3_IRQHandler) refers to gpio.o(i.EXTI_Line3_Callback) for EXTI_Line3_Callback
    gpio.o(i.EXTI4_IRQHandler) refers to gpio.o(i.EXTI_Line4_Callback) for EXTI_Line4_Callback
    gpio.o(i.EXTI9_5_IRQHandler) refers to gpio.o(i.EXTI_Line5_Callback) for EXTI_Line5_Callback
    gpio.o(i.EXTI9_5_IRQHandler) refers to gpio.o(i.EXTI_Line6_Callback) for EXTI_Line6_Callback
    gpio.o(i.EXTI9_5_IRQHandler) refers to gpio.o(i.EXTI_Line7_Callback) for EXTI_Line7_Callback
    gpio.o(i.EXTI9_5_IRQHandler) refers to gpio.o(i.EXTI_Line8_Callback) for EXTI_Line8_Callback
    gpio.o(i.EXTI9_5_IRQHandler) refers to gpio.o(i.EXTI_Line9_Callback) for EXTI_Line9_Callback
    gpio.o(i.GPIO_EXTI_Init) refers to debug.o(i.__printf) for __printf
    gpio.o(i.GPIO_EXTI_Init) refers to stm32f10x_rcc.o(i.RCC_APB2PeriphClockCmd) for RCC_APB2PeriphClockCmd
    gpio.o(i.GPIO_EXTI_Init) refers to stm32f10x_gpio.o(i.GPIO_EXTILineConfig) for GPIO_EXTILineConfig
    gpio.o(i.GPIO_EXTI_Init) refers to stm32f10x_exti.o(i.EXTI_Init) for EXTI_Init
    gpio.o(i.GPIO_ITConfig) refers to debug.o(i.__printf) for __printf
    gpio.o(i.GPIO_Initialize) refers to debug.o(i.__printf) for __printf
    gpio.o(i.GPIO_Initialize) refers to stm32f10x_rcc.o(i.RCC_APB2PeriphClockCmd) for RCC_APB2PeriphClockCmd
    gpio.o(i.GPIO_Initialize) refers to stm32f10x_gpio.o(i.GPIO_Init) for GPIO_Init
    gpio.o(i.GPIO_setNVICPriority) refers to debug.o(i.__printf) for __printf
    gpio.o(i.GPIO_setNVICPriority) refers to misc.o(i.NVIC_Init) for NVIC_Init
    usart.o(i.USART1_IRQHandler) refers to stm32f10x_usart.o(i.USART_GetITStatus) for USART_GetITStatus
    usart.o(i.USART1_IRQHandler) refers to stm32f10x_usart.o(i.USART_ReceiveData) for USART_ReceiveData
    usart.o(i.USART1_IRQHandler) refers to modbus.o(i.USART1Callback) for USART1Callback
    usart.o(i.USART1_Init) refers to stm32f10x_rcc.o(i.RCC_APB2PeriphClockCmd) for RCC_APB2PeriphClockCmd
    usart.o(i.USART1_Init) refers to stm32f10x_gpio.o(i.GPIO_Init) for GPIO_Init
[...]
    .text                                    0x080001d8   Section        0  memcpya.o(.text)
    .text                                    0x080001fc   Section        0  memseta.o(.text)
    .text                                    0x08000220   Section        0  memcmp.o(.text)
    .text                                    0x0800023c   Section        0  __0sscanf.o(.text)
    .text                                    0x08000274   Section        0  _scanf_int.o(.text)
    .text                                    0x080003c0   Section        0  ddiv.o(.text)
    .text                                    0x0800049e   Section        0  dfltui.o(.text)
    .text                                    0x080004b8   Section        0  dfixui.o(.text)
    .text                                    0x080004ea   Section        0  uidiv.o(.text)
    .text                                    0x08000516   Section        0  uldiv.o(.text)
    .text                                    0x08000578   Section        0  llushr.o(.text)
    .text                                    0x08000598   Section        0  _chval.o(.text)
    .text                                    0x080005b4   Section        0  scanf_char.o(.text)
    _scanf_char_input                        0x080005b5   Thumb Code    12  scanf_char.o(.text)
    .text                                    0x080005dc   Section        0  _sgetc.o(.text)
    .text                                    0x0800061c   Section        0  iusefp.o(.text)
    .text                                    0x0800061c   Section        0  depilogue.o(.text)
    .text                                    0x080006d6   Section        0  dadd.o(.text)
    .text                                    0x08000824   Section        0  dmul.o(.text)
    .text                                    0x08000908   Section        0  dscalb.o(.text)
    .text                                    0x08000936   Section        0  dflti.o(.text)
    .text                                    0x08000958   Section        0  dfixul.o(.text)
    .text                                    0x08000988   Section       48  cdcmple.o(.text)
    .text                                    0x080009b8   Section       48  cdrcmple.o(.text)
    .text                                    0x080009e8   Section       36  init.o(.text)
    .text                                    0x08000a0c   Section        0  llshl.o(.text)
    .text                                    0x08000a2a   Section        0  llsshr.o(.text)
    .text                                    0x08000a4e   Section        0  isspace_c.o(.text)
    .text                                    0x08000a58   Section        0  _scanf.o(.text)
    .text                                    0x08000d84   Section        0  ctype_c.o(.text)
    i.BKP_ReadBackupRegister                 0x08000dac   Section        0  stm32f10x_bkp.o(i.BKP_ReadBackupRegister)
    i.BKP_WriteBackupRegister                0x08000dc8   Section        0  stm32f10x_bkp.o(i.BKP_WriteBackupRegister)
    i.EXTI0_IRQHandler                       0x08000de4   Section        0  gpio.o(i.EXTI0_IRQHandler)
    i.EXTI15_10_IRQHandler                   0x08000e0c   Section        0  gpio.o(i.EXTI15_10_IRQHandler)
    i.EXTI1_IRQHandler                       0x08000ee0   Section        0  gpio.o(i.EXTI1_IRQHandler)
    i.EXTI2_IRQHandler                       0x08000f08   Section        0  gpio.o(i.EXTI2_IRQHandler)
    i.EXTI3_IRQHandler                       0x08000f30   Section        0  gpio.o(i.EXTI3_IRQHandler)
    i.EXTI4_IRQHandler                       0x08000f58   Section        0  gpio.o(i.EXTI4_IRQHandler)
    i.EXTI9_5_IRQHandler                     0x08000f80   Section        0  gpio.o(i.EXTI9_5_IRQHandler)
    i.EXTI_Line0_Callback                    0x0800102c   Section        0  gpio.o(i.EXTI_Line0_Callback)
    i.EXTI_Line10_Callback                   0x0800102e   Section        0  gpio.o(i.EXTI_Line10_Callback)
    i.EXTI_Line11_Callback                   0x08001030   Section        0  gpio.o(i.EXTI_Line11_Callback)
    i.EXTI_Line12_Callback                   0x08001032   Section        0  gpio.o(i.EXTI_Line12_Callback)
    i.EXTI_Line13_Callback                   0x08001034   Section        0  gpio.o(i.EXTI_Line13_Callback)
    i.EXTI_Line14_Callback                   0x08001036   Section        0  gpio.o(i.EXTI_Line14_Callback)
    i.EXTI_Line15_Callback                   0x08001038   Section        0  gpio.o(i.EXTI_Line15_Callback)
    i.EXTI_Line1_Callback                    0x0800103a   Section        0  gpio.o(i.EXTI_Line1_Callback)
    i.EXTI_Line2_Callback                    0x0800103c   Section        0  gpio.o(i.EXTI_Line2_Callback)
    i.EXTI_Line3_Callback                    0x0800103e   Section        0  gpio.o(i.EXTI_Line3_Callback)
    i.EXTI_Line4_Callback                    0x08001040   Section        0  gpio.o(i.EXTI_Line4_Callback)
    i.EXTI_Line5_Callback                    0x08001042   Section        0  gpio.o(i.EXTI_Line5_Callback)
    i.EXTI_Line6_Callback                    0x08001044   Section        0  gpio.o(i.EXTI_Line6_Callback)
    i.EXTI_Line7_Callback                    0x08001046   Section        0  gpio.o(i.EXTI_Line7_Callback)
    i.EXTI_Line8_Callback                    0x08001048   Section        0  gpio.o(i.EXTI_Line8_Callback)
    i.EXTI_Line9_Callback                    0x0800104a   Section        0  gpio.o(i.EXTI_Line9_Callback)
    i.GPIO_Init                              0x0800104c   Section        0  stm32f10x_gpio.o(i.GPIO_Init)
    i.GPIO_Initialize                        0x08001164   Section        0  gpio.o(i.GPIO_Initialize)
    i.NVIC_Init                              0x08001280   Section        0  misc.o(i.NVIC_Init)
    i.OSInit                                 0x080012f0   Section        0  os_core.o(i.OSInit)
    i.OSInitHookBegin                        0x0800131c   Section        0  os_cpu_c.o(i.OSInitHookBegin)
    i.OSInitHookEnd                          0x0800131e   Section        0  os_cpu_c.o(i.OSInitHookEnd)
    i.OSIntEnter                             0x08001320   Section        0  os_core.o(i.OSIntEnter)
    i.OSIntExit                              0x08001344   Section        0  os_core.o(i.OSIntExit)
    i.OSStart                                0x080013d4   Section        0  os_core.o(i.OSStart)
    i.OSTCBInitHook                          0x0800141c   Section        0  os_cpu_c.o(i.OSTCBInitHook)
    i.OSTaskCreate                           0x08001420   Section        0  os_task.o(i.OSTaskCreate)
    i.OSTaskCreateExt                        0x080014c0   Section        0  os_task.o(i.OSTaskCreateExt)
    i.OSTaskCreateHook                       0x08001578   Section        0  os_cpu_c.o(i.OSTaskCreateHook)
    i.OSTaskIdleHook                         0x0800157a   Section        0  os_cpu_c.o(i.OSTaskIdleHook)
    i.OSTaskNameSet                          0x0800157c   Section        0  os_task.o(i.OSTaskNameSet)
    i.OSTaskStatHook                         0x080015ec   Section        0  os_cpu_c.o(i.OSTaskStatHook)
    i.OSTaskStkChk                           0x080015f0   Section        0  os_task.o(i.OSTaskStkChk)
    i.OSTaskStkInit                          0x0800167c   Section        0  os_cpu_c.o(i.OSTaskStkInit)
    i.OSTaskSuspend                          0x08001718   Section        0  os_task.o(i.OSTaskSuspend)
    i.OSTaskSwHook                           0x080017c0   Section        0  os_cpu_c.o(i.OSTaskSwHook)
    i.OSTimeDly                              0x080017c4   Section        0  os_time.o(i.OSTimeDly)
    i.OSTimeTick                             0x0800183c   Section        0  os_core.o(i.OSTimeTick)
    i.OSTimeTickHook                         0x08001928   Section        0  os_cpu_c.o(i.OSTimeTickHook)
    i.OS_FlagInit                            0x0800192c   Section        0  os_flag.o(i.OS_FlagInit)
    i.OS_InitEventList                       0x08001984   Section        0  os_core.o(i.OS_InitEventList)
    OS_InitEventList                         0x08001985   Thumb Code    74  os_core.o(i.OS_InitEventList)
    i.OS_InitMisc                            0x080019d8   Section        0  os_core.o(i.OS_InitMisc)
    OS_InitMisc                              0x080019d9   Thumb Code    44  os_core.o(i.OS_InitMisc)
    i.OS_InitRdyList                         0x08001a2c   Section        0  os_core.o(i.OS_InitRdyList)
    OS_InitRdyList                           0x08001a2d   Thumb Code    44  os_core.o(i.OS_InitRdyList)
    i.OS_InitTCBList                         0x08001a70   Section        0  os_core.o(i.OS_InitTCBList)
    OS_InitTCBList                           0x08001a71   Thumb Code   106  os_core.o(i.OS_InitTCBList)
    i.OS_InitTaskIdle                        0x08001af0   Section        0  os_core.o(i.OS_InitTaskIdle)
    OS_InitTaskIdle                          0x08001af1   Thumb Code    50  os_core.o(i.OS_InitTaskIdle)
    i.OS_InitTaskStat                        0x08001b40   Section        0  os_core.o(i.OS_InitTaskStat)
    OS_InitTaskStat                          0x08001b41   Thumb Code    50  os_core.o(i.OS_InitTaskStat)
    i.OS_MemClr                              0x08001b90   Section        0  os_core.o(i.OS_MemClr)
    i.OS_QInit                               0x08001ba4   Section        0  os_q.o(i.OS_QInit)
    i.OS_Sched                               0x08001bf4   Section        0  os_core.o(i.OS_Sched)
    i.OS_SchedNew                            0x08001c68   Section        0  os_core.o(i.OS_SchedNew)
    OS_SchedNew                              0x08001c69   Thumb Code    26  os_core.o(i.OS_SchedNew)
    i.OS_TCBInit                             0x08001c94   Section        0  os_core.o(i.OS_TCBInit)
    i.OS_TaskIdle                            0x08001dc8   Section        0  os_core.o(i.OS_TaskIdle)
    i.OS_TaskStat                            0x08001df0   Section        0  os_core.o(i.OS_TaskStat)
    i.OS_TaskStatStkChk                      0x08001e78   Section        0  os_core.o(i.OS_TaskStatStkChk)
    i.OS_TaskStkClr                          0x08001eb4   Section        0  os_task.o(i.OS_TaskStkClr)
    i.PWR_BackupAccessCmd                    0x08001ed0   Section        0  stm32f10x_pwr.o(i.PWR_BackupAccessCmd)
    i.RCC_APB1PeriphClockCmd                 0x08001edc   Section        0  stm32f10x_rcc.o(i.RCC_APB1PeriphClockCmd)
    i.RCC_APB2PeriphClockCmd                 0x08001efc   Section        0  stm32f10x_rcc.o(i.RCC_APB2PeriphClockCmd)
    i.RCC_GetClocksFreq                      0x08001f1c   Section        0  stm32f10x_rcc.o(i.RCC_GetClocksFreq)
    i.RCC_GetFlagStatus                      0x08001ff0   Section        0  stm32f10x_rcc.o(i.RCC_GetFlagStatus)
    i.RCC_LSEConfig                          0x0800202c   Section        0  stm32f10x_rcc.o(i.RCC_LSEConfig)
    i.RCC_RTCCLKCmd                          0x08002060   Section        0  stm32f10x_rcc.o(i.RCC_RTCCLKCmd)
    i.RCC_RTCCLKConfig                       0x0800206c   Section        0  stm32f10x_rcc.o(i.RCC_RTCCLKConfig)
    i.RTC_Alarm_Callback                     0x0800207c   Section        0  rtc.o(i.RTC_Alarm_Callback)
    i.RTC_ClearITPendingBit                  0x08002080   Section        0  stm32f10x_rtc.o(i.RTC_ClearITPendingBit)
    i.RTC_GetITStatus                        0x08002090   Section        0  stm32f10x_rtc.o(i.RTC_GetITStatus)
    i.RTC_IRQHandler                         0x080020b4   Section        0  rtc.o(i.RTC_IRQHandler)
    i.RTC_Initialize                         0x080020dc   Section        0  rtc.o(i.RTC_Initialize)
    i.RTC_Second_Callback                    0x08002160   Section        0  rtc.o(i.RTC_Second_Callback)
    i.RTC_WaitForLastTask                    0x08002164   Section        0  stm32f10x_rtc.o(i.RTC_WaitForLastTask)
    i.RTC_WaitForSynchro                     0x08002178   Section        0  stm32f10x_rtc.o(i.RTC_WaitForSynchro)
    i.SetSysClock                            0x0800219c   Section        0  system_stm32f10x.o(i.SetSysClock)
    SetSysClock                              0x0800219d   Thumb Code     8  system_stm32f10x.o(i.SetSysClock)
    i.SetSysClockTo72                        0x080021a4   Section        0  system_stm32f10x.o(i.SetSysClockTo72)
    SetSysClockTo72                          0x080021a5   Thumb Code   214  system_stm32f10x.o(i.SetSysClockTo72)
    i.SysTick_Handler                        0x08002284   Section        0  os_cpu_c.o(i.SysTick_Handler)
    i.SystemInit                             0x080022a0   Section        0  system_stm32f10x.o(i.SystemInit)
    i.TIM3Callback                           0x08002300   Section        0  modbus.o(i.TIM3Callback)
    i.TIM3_IRQHandler                        0x08002314   Section        0  timer.o(i.TIM3_IRQHandler)
    i.TIM3_Init                              0x08002334   Section        0  timer.o(i.TIM3_Init)
    i.TIM_ClearITPendingBit                  0x08002390   Section        0  stm32f10x_tim.o(i.TIM_ClearITPendingBit)
    i.TIM_Cmd                                0x08002396   Section        0  stm32f10x_tim.o(i.TIM_Cmd)
    i.TIM_GetITStatus                        0x080023ae   Section        0  stm32f10x_tim.o(i.TIM_GetITStatus)
    i.TIM_ITConfig                           0x080023d0   Section        0  stm32f10x_tim.o(i.TIM_ITConfig)
    i.TIM_SetCounter                         0x080023e2   Section        0  stm32f10x_tim.o(i.TIM_SetCounter)
    i.TIM_TimeBaseInit                       0x080023e8   Section        0  stm32f10x_tim.o(i.TIM_TimeBaseInit)
    i.USART1Callback                         0x0800248c   Section        0  modbus.o(i.USART1Callback)
    i.USART1_IRQHandler                      0x080024b0   Section        0  usart.o(i.USART1_IRQHandler)
    i.USART1_Init                            0x080024d4   Section        0  usart.o(i.USART1_Init)
    i.USART2Callback                         0x0800258c   Section        0  usart.o(i.USART2Callback)
    i.USART2_IRQHandler                      0x08002590   Section        0  usart.o(i.USART2_IRQHandler)
    i.USART_Cmd                              0x080025b4   Section        0  stm32f10x_usart.o(i.USART_Cmd)
    i.USART_GetFlagStatus                    0x080025cc   Section        0  stm32f10x_usart.o(i.USART_GetFlagStatus)
    i.USART_GetITStatus                      0x080025e6   Section        0  stm32f10x_usart.o(i.USART_GetITStatus)
    i.USART_ITConfig                         0x0800263a   Section        0  stm32f10x_usart.o(i.USART_ITConfig)
    i.USART_Init                             0x08002684   Section        0  stm32f10x_usart.o(i.USART_Init)
    i.USART_ReceiveData                      0x0800275c   Section        0  stm32f10x_usart.o(i.USART_ReceiveData)
    i.USART_SendData                         0x08002766   Section        0  stm32f10x_usart.o(i.USART_SendData)
    i.USARTx_SendBuff                        0x0800276e   Section        0  usart.o(i.USARTx_SendBuff)
    i.__0snprintf                            0x0800279c   Section        0  printfa.o(i.__0snprintf)
    i.__0vsnprintf                           0x080027c4   Section        0  printfa.o(i.__0vsnprintf)
    i.__kernel_poly                          0x080027e8   Section        0  poly.o(i.__kernel_poly)
    i.__mathlib_dbl_divzero                  0x08002894   Section        0  dunder.o(i.__mathlib_dbl_divzero)
    i.__mathlib_dbl_infnan                   0x080028a4   Section        0  dunder.o(i.__mathlib_dbl_infnan)
    i.__mathlib_dbl_invalid                  0x080028aa   Section        0  dunder.o(i.__mathlib_dbl_invalid)
    i.__printf                               0x080028b8   Section        0  debug.o(i.__printf)
    i.__scatterload_copy                     0x08002904   Section       14  handlers.o(i.__scatterload_copy)
    i.__scatterload_null                     0x08002912   Section        2  handlers.o(i.__scatterload_null)
    i.__scatterload_zeroinit                 0x08002914   Section       14  handlers.o(i.__scatterload_zeroinit)
    i.__set_errno                            0x08002924   Section        0  errno.o(i.__set_errno)
    i._fp_digits                             0x08002930   Section        0  printfa.o(i._fp_digits)
    _fp_digits                               0x08002931   Thumb Code   334  printfa.o(i._fp_digits)
    i._printf_core                           0x08002a94   Section        0  printfa.o(i._printf_core)
    _printf_core                             0x08002a95   Thumb Code  1744  printfa.o(i._printf_core)
    i._printf_post_padding                   0x08003170   Section        0  printfa.o(i._printf_post_padding)
    _printf_post_padding                     0x08003171   Thumb Code    36  printfa.o(i._printf_post_padding)
    i._printf_pre_padding                    0x08003194   Section        0  printfa.o(i._printf_pre_padding)
    _printf_pre_padding                      0x08003195   Thumb Code    46  printfa.o(i._printf_pre_padding)
    i._snputc                                0x080031c2   Section        0  printfa.o(i._snputc)
    _snputc                                  0x080031c3   Thumb Code    22  printfa.o(i._snputc)
    i.eeprom_init                            0x080031d8   Section        0  eeprom.o(i.eeprom_init)
    i.eeprom_pageWrite                       0x080031f4   Section        0  eeprom.o(i.eeprom_pageWrite)
    eeprom_pageWrite                         0x080031f5   Thumb Code    24  eeprom.o(i.eeprom_pageWrite)
    i.eeprom_read                            0x08003210   Section        0  eeprom.o(i.eeprom_read)
    i.eeprom_write                           0x0800322c   Section        0  eeprom.o(i.eeprom_write)
    i.htons                                  0x08003278   Section        0  byteorder.o(i.htons)
    i.iic_ack                                0x0800328a   Section        0  iic.o(i.iic_ack)
    i.iic_delay_us                           0x080032ae   Section        0  iic.o(i.iic_delay_us)
    i.iic_init                               0x08003346   Section        0  iic.o(i.iic_init)
    i.iic_nack                               0x080033c2   Section        0  iic.o(i.iic_nack)
    i.iic_read_byte                          0x080033e6   Section        0  iic.o(i.iic_read_byte)
    i.iic_read_mem                           0x0800343e   Section        0  iic.o(i.iic_read_mem)
    i.iic_scl_set                            0x080034e8   Section        0  iic.o(i.iic_scl_set)
    iic_scl_set                              0x080034e9   Thumb Code    30  iic.o(i.iic_scl_set)
    i.iic_sda_mode                           0x08003506   Section        0  iic.o(i.iic_sda_mode)
    iic_sda_mode                             0x08003507   Thumb Code    64  iic.o(i.iic_sda_mode)
    i.iic_sda_read                           0x08003546   Section        0  iic.o(i.iic_sda_read)
    iic_sda_read                             0x08003547   Thumb Code    20  iic.o(i.iic_sda_read)
    i.iic_sda_set                            0x0800355a   Section        0  iic.o(i.iic_sda_set)
    iic_sda_set                              0x0800355b   Thumb Code    30  iic.o(i.iic_sda_set)
    i.iic_send_byte                          0x08003578   Section        0  iic.o(i.iic_send_byte)
    i.iic_start                              0x080035bc   Section        0  iic.o(i.iic_start)
    i.iic_stop                               0x080035ee   Section        0  iic.o(i.iic_stop)
    i.iic_wait_ack                           0x08003618   Section        0  iic.o(i.iic_wait_ack)
    i.iic_write_mem                          0x08003670   Section        0  iic.o(i.iic_write_mem)
    i.log                                    0x080036f4   Section        0  log.o(i.log)
    i.main                                   0x08003a50   Section        0  main.o(i.main)
    i.mb_ascii_analyze                       0x08003ad8   Section        0  mbascii.o(i.mb_ascii_analyze)
    mb_ascii_analyze                         0x08003ad9   Thumb Code   186  mbascii.o(i.mb_ascii_analyze)
    i.mb_ascii_append_LRC                    0x08003bac   Section        0  mbascii.o(i.mb_ascii_append_LRC)
    i.mb_ascii_calculate_LRC                 0x08003bc4   Section        0  mbchecksum.o(i.mb_ascii_calculate_LRC)
    i.mb_ascii_check_LRC                     0x08003be6   Section        0  mbascii.o(i.mb_ascii_check_LRC)
    mb_ascii_check_LRC                       0x08003be7   Thumb Code    32  mbascii.o(i.mb_ascii_check_LRC)
    i.mb_ascii_poll                          0x08003c08   Section        0  mbascii.o(i.mb_ascii_poll)
    i.mb_ascii_receive                       0x08003c24   Section        0  mbascii.o(i.mb_ascii_receive)
    i.mb_ascii_send                          0x08003ca0   Section        0  mbascii.o(i.mb_ascii_send)
    i.mb_ascii_timeout                       0x08003d1c   Section        0  mbascii.o(i.mb_ascii_timeout)
    i.mb_clear_receive_buff                  0x08003d28   Section        0  modbus.o(i.mb_clear_receive_buff)
    i.mb_disable_timer                       0x08003d34   Section        0  modbus.o(i.mb_disable_timer)
    i.mb_enable_timer                        0x08003d4c   Section        0  modbus.o(i.mb_enable_timer)
    i.mb_format03                            0x08003d5c   Section        0  mbformat.o(i.mb_format03)
    i.mb_format06                            0x08003de4   Section        0  mbformat.o(i.mb_format06)
    i.mb_format16                            0x08003e3e   Section        0  mbformat.o(i.mb_format16)
    i.mb_hardware_init                       0x08003eae   Section        0  modbus.o(i.mb_hardware_init)
    i.mb_init                                0x08003ec4   Section        0  modbus.o(i.mb_init)
    i.mb_poll                                0x08003f60   Section        0  modbus.o(i.mb_poll)
    i.mb_process03                           0x08003f70   Section        0  mbprocess.o(i.mb_process03)
    i.mb_process06                           0x08003fc0   Section        0  mbprocess.o(i.mb_process06)
    i.mb_process16                           0x08003fe8   Section        0  mbprocess.o(i.mb_process16)
    i.mb_raw_send                            0x08004034   Section        0  modbus.o(i.mb_raw_send)
    i.mb_receive                             0x0800404c   Section        0  modbus.o(i.mb_receive)
    i.mb_rtu_analyze                         0x08004060   Section        0  mbrtu.o(i.mb_rtu_analyze)
    mb_rtu_analyze                           0x08004061   Thumb Code    92  mbrtu.o(i.mb_rtu_analyze)
    i.mb_rtu_append_CRC                      0x080040cc   Section        0  mbrtu.o(i.mb_rtu_append_CRC)
    i.mb_rtu_calculate_CRC                   0x080040ec   Section        0  mbchecksum.o(i.mb_rtu_calculate_CRC)
    i.mb_rtu_check_CRC                       0x08004124   Section        0  mbrtu.o(i.mb_rtu_check_CRC)
    mb_rtu_check_CRC                         0x08004125   Thumb Code    24  mbrtu.o(i.mb_rtu_check_CRC)
    i.mb_rtu_poll                            0x0800413c   Section        0  mbrtu.o(i.mb_rtu_poll)
    i.mb_rtu_receive                         0x08004158   Section        0  mbrtu.o(i.mb_rtu_receive)
    i.mb_rtu_timeout                         0x0800419c   Section        0  mbrtu.o(i.mb_rtu_timeout)
    i.mb_timeout                             0x080041b0   Section        0  modbus.o(i.mb_timeout)
    i.mberror                                0x080041c0   Section        0  mberror.o(i.mberror)
    i.sEeproomTask                           0x080041fc   Section        0  system_task.o(i.sEeproomTask)
    i.sExternalTask                          0x08004260   Section        0  system_task.o(i.sExternalTask)
    i.sInternalTask                          0x08004284   Section        0  system_task.o(i.sInternalTask)
    i.sSuperTask                             0x08004290   Section        0  system_task.o(i.sSuperTask)
    i.system_init                            0x080042e8   Section        0  system_task.o(i.system_init)
    .constdata                               0x08004330   Section      256  os_core.o(.constdata)
    .constdata                               0x08004430   Section      512  mbchecksum.o(.constdata)
    mbHighTalbe                              0x08004430   Data         256  mbchecksum.o(.constdata)
    mbLowTalbe                               0x08004530   Data         256  mbchecksum.o(.constdata)
    .constdata                               0x08004630   Section       68  mbformat.o(.constdata)
    .constdata                               0x08004678   Section       56  log.o(.constdata)
    Lg2                                      0x08004678   Data          24  log.o(.constdata)
    Lg                                       0x08004690   Data          32  log.o(.constdata)
    .constdata                               0x080046b0   Section        8  qnan.o(.constdata)
    .constdata                               0x080046b8   Section       64  ctype_c.o(.constdata)
    .data                                    0x20000000   Section       20  system_stm32f10x.o(.data)
    .data                                    0x20000014   Section       20  stm32f10x_rcc.o(.data)
    APBAHBPrescTable                         0x20000014   Data          16  stm32f10x_rcc.o(.data)
    ADCPrescTable                            0x20000024   Data           4  stm32f10x_rcc.o(.data)
    .data                                    0x20000028   Section       72  os_core.o(.data)
    .data                                    0x20000070   Section        1  mbascii.o(.data)
    g_mbRecAsciiFrame                        0x20000070   Data           1  mbascii.o(.data)
    .data                                    0x20000071   Section        1  mbrtu.o(.data)
    g_mbTimeout                              0x20000071   Data           1  mbrtu.o(.data)
    .data                                    0x20000072   Section        2  modbus.o(.data)
    .data                                    0x20000074   Section        4  errno.o(.data)
    _errno                                   0x20000074   Data           4  errno.o(.data)
    .bss                                     0x20000078   Section     1024  system_task.o(.bss)
    .bss                                     0x20000478   Section     2688  os_core.o(.bss)
    .bss                                     0x20000ef8   Section      372  modbus.o(.bss)
    .bss                                     0x2000106c   Section       20  eeprom.o(.bss)
    STACK                                    0x20001080   Section     1024  startup_stm32f10x_md.o(STACK)

    Global Symbols

    Symbol Name                              Value     Ov Type        Size  Object(Section)

    BuildAttributes$$THM_ISAv4$P$D$K$B$S$PE$A:L22UL41UL21$X:L11$S22US41US21$IEEE1$IW$USESV6$~STKCKD$USESV7$~SHL$OTIME$ROPI$IEEEX$EBA8$MICROLIB$REQ8$PRES8$EABIv2 0x00000000   Number         0  anon$$obj.o ABSOLUTE
    _printf_a                                0x00000000   Number         0  stubs.o ABSOLUTE
    _printf_c                                0x00000000   Number         0  stubs.o ABSOLUTE
    _printf_charcount                        0x00000000   Number         0  stubs.o ABSOLUTE
    _printf_d                                0x00000000   Number         0  stubs.o ABSOLUTE
    _printf_e                                0x00000000   Number         0  stubs.o ABSOLUTE
    _printf_f                                0x00000000   Number         0  stubs.o ABSOLUTE
    _printf_flags                            0x00000000   Number         0  stubs.o ABSOLUTE
    _printf_fp_dec                           0x00000000   Number         0  stubs.o ABSOLUTE
    _printf_fp_hex                           0x00000000   Number         0  stubs.o ABSOLUTE
    _printf_g                                0x00000000   Number         0  stubs.o ABSOLUTE
    _printf_i                                0x00000000   Number         0  stubs.o ABSOLUTE
    _printf_int_dec                          0x00000000   Number         0  stubs.o ABSOLUTE
    _printf_l                                0x00000000   Number         0  stubs.o ABSOLUTE
    _printf_lc                               0x00000000   Number         0  stubs.o ABSOLUTE
    _printf_ll                               0x00000000   Number         0  stubs.o ABSOLUTE
    _printf_lld                              0x00000000   Number         0  stubs.o ABSOLUTE
    _printf_lli                              0x00000000   Number         0  stubs.o ABSOLUTE
    _printf_llo                              0x00000000   Number         0  stubs.o ABSOLUTE
    _printf_llu                              0x00000000   Number         0  stubs.o ABSOLUTE
    _printf_llx                              0x00000000   Number         0  stubs.o ABSOLUTE
    _printf_longlong_dec                     0x00000000   Number         0  stubs.o ABSOLUTE
    _printf_longlong_hex                     0x00000000   Number         0  stubs.o ABSOLUTE
    _printf_longlong_oct                     0x00000000   Number         0  stubs.o ABSOLUTE
    _printf_ls                               0x00000000   Number         0  stubs.o ABSOLUTE
    _printf_mbtowc                           0x00000000   Number         0  stubs.o ABSOLUTE
    _printf_n                                0x00000000   Number         0  stubs.o ABSOLUTE
    _printf_o                                0x00000000   Number         0  stubs.o ABSOLUTE
    _printf_p                                0x00000000   Number         0  stubs.o ABSOLUTE
    _printf_percent                          0x00000000   Number         0  stubs.o ABSOLUTE
    _printf_pre_padding                      0x00000000   Number         0  stubs.o ABSOLUTE
    _printf_return_value                     0x00000000   Number         0  stubs.o ABSOLUTE
    _printf_s                                0x00000000   Number         0  stubs.o ABSOLUTE
    _printf_sizespec                         0x00000000   Number         0  stubs.o ABSOLUTE
    _printf_str                              0x00000000   Number         0  stubs.o ABSOLUTE
    _printf_truncate_signed                  0x00000000   Number         0  stubs.o ABSOLUTE
    _printf_truncate_unsigned                0x00000000   Number         0  stubs.o ABSOLUTE
    _printf_u                                0x00000000   Number         0  stubs.o ABSOLUTE
    _printf_wc                               0x00000000   Number         0  stubs.o ABSOLUTE
    _printf_wctomb                           0x00000000   Number         0  stubs.o ABSOLUTE
    _printf_widthprec                        0x00000000   Number         0  stubs.o ABSOLUTE
    _printf_x                                0x00000000   Number         0  stubs.o ABSOLUTE
    __cpp_initialize__aeabi_                  - Undefined Weak Reference
    __cxa_finalize                            - Undefined Weak Reference
    __decompress                              - Undefined Weak Reference
    _clock_init                               - Undefined Weak Reference
    _microlib_exit                            - Undefined Weak Reference
    _scanf_longlong                           - Undefined Weak Reference
    _scanf_real                               - Undefined Weak Reference
    _scanf_string                             - Undefined Weak Reference
    __Vectors_Size                           0x000000ec   Number         0  startup_stm32f10x_md.o ABSOLUTE
    __Vectors                                0x08000000   Data           4  startup_stm32f10x_md.o(RESET)
    __Vectors_End                            0x080000ec   Data           0  startup_stm32f10x_md.o(RESET)
    __main                                   0x080000ed   Thumb Code     0  entry.o(.ARM.Collect$$$$00000000)
    _main_stk                                0x080000ed   Thumb Code     0  entry2.o(.ARM.Collect$$$$00000001)
    _main_scatterload                        0x080000f1   Thumb Code     0  entry5.o(.ARM.Collect$$$$00000004)
    __main_after_scatterload                 0x080000f5   Thumb Code     0  entry5.o(.ARM.Collect$$$$00000004)
    _main_clock                              0x080000f5   Thumb Code     0  entry7b.o(.ARM.Collect$$$$00000008)
    _main_cpp_init                           0x080000f5   Thumb Code     0  entry8b.o(.ARM.Collect$$$$0000000A)
    _main_init                               0x080000f5   Thumb Code     0  entry9a.o(.ARM.Collect$$$$0000000B)
    __rt_final_cpp                           0x080000fd   Thumb Code     0  entry10a.o(.ARM.Collect$$$$0000000D)
    __rt_final_exit                          0x080000fd   Thumb Code     0  entry11a.o(.ARM.Collect$$$$0000000F)
    Reset_Handler                            0x08000101   Thumb Code     8  startup_stm32f10x_md.o(.text)
    NMI_Handler                              0x08000109   Thumb Code     2  startup_stm32f10x_md.o(.text)
    HardFault_Handler                        0x0800010b   Thumb Code     2  startup_stm32f10x_md.o(.text)
    MemManage_Handler                        0x0800010d   Thumb Code     2  startup_stm32f10x_md.o(.text)
    BusFault_Handler                         0x0800010f   Thumb Code     2  startup_stm32f10x_md.o(.text)
    UsageFault_Handler                       0x08000111   Thumb Code     2  startup_stm32f10x_md.o(.text)
    SVC_Handler                              0x08000113   Thumb Code     2  startup_stm32f10x_md.o(.text)
    DebugMon_Handler                         0x08000115   Thumb Code     2  startup_stm32f10x_md.o(.text)
    ADC1_2_IRQHandler                        0x0800011b   Thumb Code     0  startup_stm32f10x_md.o(.text)
    CAN1_RX1_IRQHandler                      0x0800011b   Thumb Code     0  startup_stm32f10x_md.o(.text)
    CAN1_SCE_IRQHandler                      0x0800011b   Thumb Code     0  startup_stm32f10x_md.o(.text)
    DMA1_Channel1_IRQHandler                 0x0800011b   Thumb Code     0  startup_stm32f10x_md.o(.text)
    DMA1_Channel2_IRQHandler                 0x0800011b   Thumb Code     0  startup_stm32f10x_md.o(.text)
    DMA1_Channel3_IRQHandler                 0x0800011b   Thumb Code     0  startup_stm32f10x_md.o(.text)
    DMA1_Channel4_IRQHandler                 0x0800011b   Thumb Code     0  startup_stm32f10x_md.o(.text)
    DMA1_Channel5_IRQHandler                 0x0800011b   Thumb Code     0  startup_stm32f10x_md.o(.text)
    DMA1_Channel6_IRQHandler                 0x0800011b   Thumb Code     0  startup_stm32f10x_md.o(.text)
    DMA1_Channel7_IRQHandler                 0x0800011b   Thumb Code     0  startup_stm32f10x_md.o(.text)
    FLASH_IRQHandler                         0x0800011b   Thumb Code     0  startup_stm32f10x_md.o(.text)
    I2C1_ER_IRQHandler                       0x0800011b   Thumb Code     0  startup_stm32f10x_md.o(.text)
    I2C1_EV_IRQHandler                       0x0800011b   Thumb Code     0  startup_stm32f10x_md.o(.text)
    I2C2_ER_IRQHandler                       0x0800011b   Thumb Code     0  startup_stm32f10x_md.o(.text)
    I2C2_EV_IRQHandler                       0x0800011b   Thumb Code     0  startup_stm32f10x_md.o(.text)
    PVD_IRQHandler                           0x0800011b   Thumb Code     0  startup_stm32f10x_md.o(.text)
    RCC_IRQHandler                           0x0800011b   Thumb Code     0  startup_stm32f10x_md.o(.text)
    RTCAlarm_IRQHandler                      0x0800011b   Thumb Code     0  startup_stm32f10x_md.o(.text)
    SPI1_IRQHandler                          0x0800011b   Thumb Code     0  startup_stm32f10x_md.o(.text)
    SPI2_IRQHandler                          0x0800011b   Thumb Code     0  startup_stm32f10x_md.o(.text)
    TAMPER_IRQHandler                        0x0800011b   Thumb Code     0  startup_stm32f10x_md.o(.text)
    TIM1_BRK_IRQHandler                      0x0800011b   Thumb Code     0  startup_stm32f10x_md.o(.text)
    TIM1_CC_IRQHandler                       0x0800011b   Thumb Code     0  startup_stm32f10x_md.o(.text)
    TIM1_TRG_COM_IRQHandler                  0x0800011b   Thumb Code     0  startup_stm32f10x_md.o(.text)
    TIM1_UP_IRQHandler                       0x0800011b   Thumb Code     0  startup_stm32f10x_md.o(.text)
    TIM2_IRQHandler                          0x0800011b   Thumb Code     0  startup_stm32f10x_md.o(.text)
    TIM4_IRQHandler                          0x0800011b   Thumb Code     0  startup_stm32f10x_md.o(.text)
    USART3_IRQHandler                        0x0800011b   Thumb Code     0  startup_stm32f10x_md.o(.text)
    USBWakeUp_IRQHandler                     0x0800011b   Thumb Code     0  startup_stm32f10x_md.o(.text)
    USB_HP_CAN1_TX_IRQHandler                0x0800011b   Thumb Code     0  startup_stm32f10x_md.o(.text)
    USB_LP_CAN1_RX0_IRQHandler               0x0800011b   Thumb Code     0  startup_stm32f10x_md.o(.text)
    WWDG_IRQHandler                          0x0800011b   Thumb Code     0  startup_stm32f10x_md.o(.text)
    OS_CPU_SR_Save                           0x08000125   Thumb Code     0  os_cpu_a.o(.text)
    OS_CPU_SR_Restore                        0x0800012d   Thumb Code     0  os_cpu_a.o(.text)
    OSStartHighRdy                           0x08000133   Thumb Code     0  os_cpu_a.o(.text)
    OSCtxSw                                  0x08000155   Thumb Code     0  os_cpu_a.o(.text)
    OSIntCtxSw                               0x08000163   Thumb Code     0  os_cpu_a.o(.text)
    PendSV_Handler                           0x08000173   Thumb Code     0  os_cpu_a.o(.text)
    __aeabi_memcpy                           0x080001d9   Thumb Code    36  memcpya.o(.text)
    __aeabi_memcpy4                          0x080001d9   Thumb Code     0  memcpya.o(.text)
    __aeabi_memcpy8                          0x080001d9   Thumb Code     0  memcpya.o(.text)
    __aeabi_memset                           0x080001fd   Thumb Code    14  memseta.o(.text)
    __aeabi_memset4                          0x080001fd   Thumb Code     0  memseta.o(.text)
    __aeabi_memset8                          0x080001fd   Thumb Code     0  memseta.o(.text)
    __aeabi_memclr                           0x0800020b   Thumb Code     4  memseta.o(.text)
    __aeabi_memclr4                          0x0800020b   Thumb Code     0  memseta.o(.text)
    __aeabi_memclr8                          0x0800020b   Thumb Code     0  memseta.o(.text)
    _memset$wrapper                          0x0800020f   Thumb Code    18  memseta.o(.text)
    memcmp                                   0x08000221   Thumb Code    26  memcmp.o(.text)
    __0sscanf                                0x0800023d   Thumb Code    48  __0sscanf.o(.text)
    _scanf_int                               0x08000275   Thumb Code   332  _scanf_int.o(.text)
    __aeabi_ddiv                             0x080003c1   Thumb Code   222  ddiv.o(.text)
    __aeabi_ui2d                             0x0800049f   Thumb Code    26  dfltui.o(.text)
    __aeabi_d2uiz                            0x080004b9   Thumb Code    50  dfixui.o(.text)
    __aeabi_uidiv                            0x080004eb   Thumb Code     0  uidiv.o(.text)
    __aeabi_uidivmod                         0x080004eb   Thumb Code    44  uidiv.o(.text)
    __aeabi_uldivmod                         0x08000517   Thumb Code    98  uldiv.o(.text)
    __aeabi_llsr                             0x08000579   Thumb Code    32  llushr.o(.text)
    _ll_ushift_r                             0x08000579   Thumb Code     0  llushr.o(.text)
    _chval                                   0x08000599   Thumb Code    28  _chval.o(.text)
    __vfscanf_char                           0x080005c1   Thumb Code    20  scanf_char.o(.text)
    _sgetc                                   0x080005dd   Thumb Code    30  _sgetc.o(.text)
    _sbackspace                              0x080005fb   Thumb Code    34  _sgetc.o(.text)
    __I$use$fp                               0x0800061d   Thumb Code     0  iusefp.o(.text)
    _double_round                            0x0800061d   Thumb Code    30  depilogue.o(.text)
    _double_epilogue                         0x0800063b   Thumb Code   156  depilogue.o(.text)
    __aeabi_dadd                             0x080006d7   Thumb Code   322  dadd.o(.text)
    __aeabi_dsub                             0x08000819   Thumb Code     6  dadd.o(.text)
    __aeabi_drsub                            0x0800081f   Thumb Code     6  dadd.o(.text)
    __aeabi_dmul                             0x08000825   Thumb Code   228  dmul.o(.text)
    __ARM_scalbn                             0x08000909   Thumb Code    46  dscalb.o(.text)
    scalbn                                   0x08000909   Thumb Code     0  dscalb.o(.text)
    __aeabi_i2d                              0x08000937   Thumb Code    34  dflti.o(.text)
    __aeabi_d2ulz                            0x08000959   Thumb Code    48  dfixul.o(.text)
    __aeabi_cdcmpeq                          0x08000989   Thumb Code     0  cdcmple.o(.text)
    __aeabi_cdcmple                          0x08000989   Thumb Code    48  cdcmple.o(.text)
    __aeabi_cdrcmple                         0x080009b9   Thumb Code    48  cdrcmple.o(.text)
    __scatterload                            0x080009e9   Thumb Code    28  init.o(.text)
    __scatterload_rt2                        0x080009e9   Thumb Code     0  init.o(.text)
    __aeabi_llsl                             0x08000a0d   Thumb Code    30  llshl.o(.text)
    _ll_shift_l                              0x08000a0d   Thumb Code     0  llshl.o(.text)
    __aeabi_lasr                             0x08000a2b   Thumb Code    36  llsshr.o(.text)
    _ll_sshift_r                             0x08000a2b   Thumb Code     0  llsshr.o(.text)
    isspace                                  0x08000a4f   Thumb Code    10  isspace_c.o(.text)
    __vfscanf                                0x08000a59   Thumb Code   808  _scanf.o(.text)
    __ctype_lookup                           0x08000d85   Thumb Code    34  ctype_c.o(.text)
    BKP_ReadBackupRegister                   0x08000dad   Thumb Code    24  stm32f10x_bkp.o(i.BKP_ReadBackupRegister)
    BKP_WriteBackupRegister                  0x08000dc9   Thumb Code    22  stm32f10x_bkp.o(i.BKP_WriteBackupRegister)
    EXTI0_IRQHandler                         0x08000de5   Thumb Code    36  gpio.o(i.EXTI0_IRQHandler)
    EXTI15_10_IRQHandler                     0x08000e0d   Thumb Code   208  gpio.o(i.EXTI15_10_IRQHandler)
    EXTI1_IRQHandler                         0x08000ee1   Thumb Code    36  gpio.o(i.EXTI1_IRQHandler)
    EXTI2_IRQHandler                         0x08000f09   Thumb Code    36  gpio.o(i.EXTI2_IRQHandler)
    EXTI3_IRQHandler                         0x08000f31   Thumb Code    36  gpio.o(i.EXTI3_IRQHandler)
    EXTI4_IRQHandler                         0x08000f59   Thumb Code    36  gpio.o(i.EXTI4_IRQHandler)
    EXTI9_5_IRQHandler                       0x08000f81   Thumb Code   168  gpio.o(i.EXTI9_5_IRQHandler)
    EXTI_Line0_Callback                      0x0800102d   Thumb Code     2  gpio.o(i.EXTI_Line0_Callback)
    EXTI_Line10_Callback                     0x0800102f   Thumb Code     2  gpio.o(i.EXTI_Line10_Callback)
    EXTI_Line11_Callback                     0x08001031   Thumb Code     2  gpio.o(i.EXTI_Line11_Callback)
    EXTI_Line12_Callback                     0x08001033   Thumb Code     2  gpio.o(i.EXTI_Line12_Callback)
    EXTI_Line13_Callback                     0x08001035   Thumb Code     2  gpio.o(i.EXTI_Line13_Callback)
    EXTI_Line14_Callback                     0x08001037   Thumb Code     2  gpio.o(i.EXTI_Line14_Callback)
    EXTI_Line15_Callback                     0x08001039   Thumb Code     2  gpio.o(i.EXTI_Line15_Callback)
    EXTI_Line1_Callback                      0x0800103b   Thumb Code     2  gpio.o(i.EXTI_Line1_Callback)
    EXTI_Line2_Callback                      0x0800103d   Thumb Code     2  gpio.o(i.EXTI_Line2_Callback)
    EXTI_Line3_Callback                      0x0800103f   Thumb Code     2  gpio.o(i.EXTI_Line3_Callback)
    EXTI_Line4_Callback                      0x08001041   Thumb Code     2  gpio.o(i.EXTI_Line4_Callback)
    EXTI_Line5_Callback                      0x08001043   Thumb Code     2  gpio.o(i.EXTI_Line5_Callback)
    EXTI_Line6_Callback                      0x08001045   Thumb Code     2  gpio.o(i.EXTI_Line6_Callback)
    EXTI_Line7_Callback                      0x08001047   Thumb Code     2  gpio.o(i.EXTI_Line7_Callback)
    EXTI_Line8_Callback                      0x08001049   Thumb Code     2  gpio.o(i.EXTI_Line8_Callback)
    EXTI_Line9_Callback                      0x0800104b   Thumb Code     2  gpio.o(i.EXTI_Line9_Callback)
    GPIO_Init                                0x0800104d   Thumb Code   278  stm32f10x_gpio.o(i.GPIO_Init)
    GPIO_Initialize                          0x08001165   Thumb Code   216  gpio.o(i.GPIO_Initialize)
    NVIC_Init                                0x08001281   Thumb Code   100  misc.o(i.NVIC_Init)
    OSInit                                   0x080012f1   Thumb Code    44  os_core.o(i.OSInit)
    OSInitHookBegin                          0x0800131d   Thumb Code     2  os_cpu_c.o(i.OSInitHookBegin)
    OSInitHookEnd                            0x0800131f   Thumb Code     2  os_cpu_c.o(i.OSInitHookEnd)
    OSIntEnter                               0x08001321   Thumb Code    28  os_core.o(i.OSIntEnter)
    OSIntExit                                0x08001345   Thumb Code   112  os_core.o(i.OSIntExit)
    OSStart                                  0x080013d5   Thumb Code    48  os_core.o(i.OSStart)
    OSTCBInitHook                            0x0800141d   Thumb Code     2  os_cpu_c.o(i.OSTCBInitHook)
    OSTaskCreate                             0x08001421   Thumb Code   148  os_task.o(i.OSTaskCreate)
    OSTaskCreateExt                          0x080014c1   Thumb Code   170  os_task.o(i.OSTaskCreateExt)
    OSTaskCreateHook                         0x08001579   Thumb Code     2  os_cpu_c.o(i.OSTaskCreateHook)
    OSTaskIdleHook                           0x0800157b   Thumb Code     2  os_cpu_c.o(i.OSTaskIdleHook)
    OSTaskNameSet                            0x0800157d   Thumb Code    98  os_task.o(i.OSTaskNameSet)
    OSTaskStatHook                           0x080015ed   Thumb Code     2  os_cpu_c.o(i.OSTaskStatHook)
    OSTaskStkChk                             0x080015f1   Thumb Code   132  os_task.o(i.OSTaskStkChk)
    OSTaskStkInit                            0x0800167d   Thumb Code   154  os_cpu_c.o(i.OSTaskStkInit)
    OSTaskSuspend                            0x08001719   Thumb Code   152  os_task.o(i.OSTaskSuspend)
    OSTaskSwHook                             0x080017c1   Thumb Code     2  os_cpu_c.o(i.OSTaskSwHook)
    OSTimeDly                                0x080017c5   Thumb Code   100  os_time.o(i.OSTimeDly)
    OSTimeTick                               0x0800183d   Thumb Code   210  os_core.o(i.OSTimeTick)
    OSTimeTickHook                           0x08001929   Thumb Code     2  os_cpu_c.o(i.OSTimeTickHook)
    OS_FlagInit                              0x0800192d   Thumb Code    74  os_flag.o(i.OS_FlagInit)
    OS_MemClr                                0x08001b91   Thumb Code    18  os_core.o(i.OS_MemClr)
    OS_QInit                                 0x08001ba5   Thumb Code    72  os_q.o(i.OS_QInit)
    OS_Sched                                 0x08001bf5   Thumb Code    88  os_core.o(i.OS_Sched)
    OS_TCBInit                               0x08001c95   Thumb Code   278  os_core.o(i.OS_TCBInit)
    OS_TaskIdle                              0x08001dc9   Thumb Code    34  os_core.o(i.OS_TaskIdle)
    OS_TaskStat                              0x08001df1   Thumb Code   116  os_core.o(i.OS_TaskStat)
    OS_TaskStatStkChk                        0x08001e79   Thumb Code    54  os_core.o(i.OS_TaskStatStkChk)
    OS_TaskStkClr                            0x08001eb5   Thumb Code    26  os_task.o(i.OS_TaskStkClr)
    PWR_BackupAccessCmd                      0x08001ed1   Thumb Code     6  stm32f10x_pwr.o(i.PWR_BackupAccessCmd)
    RCC_APB1PeriphClockCmd                   0x08001edd   Thumb Code    26  stm32f10x_rcc.o(i.RCC_APB1PeriphClockCmd)
    RCC_APB2PeriphClockCmd                   0x08001efd   Thumb Code    26  stm32f10x_rcc.o(i.RCC_APB2PeriphClockCmd)
    RCC_GetClocksFreq                        0x08001f1d   Thumb Code   192  stm32f10x_rcc.o(i.RCC_GetClocksFreq)
    RCC_GetFlagStatus                        0x08001ff1   Thumb Code    56  stm32f10x_rcc.o(i.RCC_GetFlagStatus)
    RCC_LSEConfig                            0x0800202d   Thumb Code    46  stm32f10x_rcc.o(i.RCC_LSEConfig)
    RCC_RTCCLKCmd                            0x08002061   Thumb Code     6  stm32f10x_rcc.o(i.RCC_RTCCLKCmd)
    RCC_RTCCLKConfig                         0x0800206d   Thumb Code    12  stm32f10x_rcc.o(i.RCC_RTCCLKConfig)
    RTC_Alarm_Callback                       0x0800207d   Thumb Code     2  rtc.o(i.RTC_Alarm_Callback)
    RTC_ClearITPendingBit                    0x08002081   Thumb Code    12  stm32f10x_rtc.o(i.RTC_ClearITPendingBit)
    RTC_GetITStatus                          0x08002091   Thumb Code    32  stm32f10x_rtc.o(i.RTC_GetITStatus)
    RTC_IRQHandler                           0x080020b5   Thumb Code    40  rtc.o(i.RTC_IRQHandler)
    RTC_Initialize                           0x080020dd   Thumb Code   112  rtc.o(i.RTC_Initialize)
    RTC_Second_Callback                      0x08002161   Thumb Code     2  rtc.o(i.RTC_Second_Callback)
    RTC_WaitForLastTask                      0x08002165   Thumb Code    16  stm32f10x_rtc.o(i.RTC_WaitForLastTask)
    RTC_WaitForSynchro                       0x08002179   Thumb Code    30  stm32f10x_rtc.o(i.RTC_WaitForSynchro)
    SysTick_Handler                          0x08002285   Thumb Code    22  os_cpu_c.o(i.SysTick_Handler)
    SystemInit                               0x080022a1   Thumb Code    78  system_stm32f10x.o(i.SystemInit)
    TIM3Callback                             0x08002301   Thumb Code    14  modbus.o(i.TIM3Callback)
    TIM3_IRQHandler                          0x08002315   Thumb Code    26  timer.o(i.TIM3_IRQHandler)
    TIM3_Init                                0x08002335   Thumb Code    88  timer.o(i.TIM3_Init)
    TIM_ClearITPendingBit                    0x08002391   Thumb Code     6  stm32f10x_tim.o(i.TIM_ClearITPendingBit)
    TIM_Cmd                                  0x08002397   Thumb Code    24  stm32f10x_tim.o(i.TIM_Cmd)
    TIM_GetITStatus                          0x080023af   Thumb Code    34  stm32f10x_tim.o(i.TIM_GetITStatus)
    TIM_ITConfig                             0x080023d1   Thumb Code    18  stm32f10x_tim.o(i.TIM_ITConfig)
    TIM_SetCounter                           0x080023e3   Thumb Code     4  stm32f10x_tim.o(i.TIM_SetCounter)
    TIM_TimeBaseInit                         0x080023e9   Thumb Code   122  stm32f10x_tim.o(i.TIM_TimeBaseInit)
    USART1Callback                           0x0800248d   Thumb Code    26  modbus.o(i.USART1Callback)
    USART1_IRQHandler                        0x080024b1   Thumb Code    32  usart.o(i.USART1_IRQHandler)
    USART1_Init                              0x080024d5   Thumb Code   174  usart.o(i.USART1_Init)
    USART2Callback                           0x0800258d   Thumb Code     2  usart.o(i.USART2Callback)
    USART2_IRQHandler                        0x08002591   Thumb Code    32  usart.o(i.USART2_IRQHandler)
    USART_Cmd                                0x080025b5   Thumb Code    24  stm32f10x_usart.o(i.USART_Cmd)
    USART_GetFlagStatus                      0x080025cd   Thumb Code    26  stm32f10x_usart.o(i.USART_GetFlagStatus)
    USART_GetITStatus                        0x080025e7   Thumb Code    84  stm32f10x_usart.o(i.USART_GetITStatus)
    USART_ITConfig                           0x0800263b   Thumb Code    74  stm32f10x_usart.o(i.USART_ITConfig)
    USART_Init                               0x08002685   Thumb Code   210  stm32f10x_usart.o(i.USART_Init)
    USART_ReceiveData                        0x0800275d   Thumb Code    10  stm32f10x_usart.o(i.USART_ReceiveData)
    USART_SendData                           0x08002767   Thumb Code     8  stm32f10x_usart.o(i.USART_SendData)
    USARTx_SendBuff                          0x0800276f   Thumb Code    46  usart.o(i.USARTx_SendBuff)
    __0snprintf                              0x0800279d   Thumb Code    36  printfa.o(i.__0snprintf)
    __1snprintf                              0x0800279d   Thumb Code     0  printfa.o(i.__0snprintf)
    __2snprintf                              0x0800279d   Thumb Code     0  printfa.o(i.__0snprintf)
    __c89snprintf                            0x0800279d   Thumb Code     0  printfa.o(i.__0snprintf)
    snprintf                                 0x0800279d   Thumb Code     0  printfa.o(i.__0snprintf)
    __0vsnprintf                             0x080027c5   Thumb Code    32  printfa.o(i.__0vsnprintf)
    __1vsnprintf                             0x080027c5   Thumb Code     0  printfa.o(i.__0vsnprintf)
    __2vsnprintf                             0x080027c5   Thumb Code     0  printfa.o(i.__0vsnprintf)
    __c89vsnprintf                           0x080027c5   Thumb Code     0  printfa.o(i.__0vsnprintf)
    vsnprintf                                0x080027c5   Thumb Code     0  printfa.o(i.__0vsnprintf)
    __kernel_poly                            0x080027e9   Thumb Code   170  poly.o(i.__kernel_poly)
    __mathlib_dbl_divzero                    0x08002895   Thumb Code    12  dunder.o(i.__mathlib_dbl_divzero)
    __mathlib_dbl_infnan                     0x080028a5   Thumb Code     6  dunder.o(i.__mathlib_dbl_infnan)
    __mathlib_dbl_invalid                    0x080028ab   Thumb Code    12  dunder.o(i.__mathlib_dbl_invalid)
    __printf                                 0x080028b9   Thumb Code    72  debug.o(i.__printf)
    __scatterload_copy                       0x08002905   Thumb Code    14  handlers.o(i.__scatterload_copy)
    __scatterload_null                       0x08002913   Thumb Code     2  handlers.o(i.__scatterload_null)
    __scatterload_zeroinit                   0x08002915   Thumb Code    14  handlers.o(i.__scatterload_zeroinit)
    __set_errno                              0x08002925   Thumb Code     6  errno.o(i.__set_errno)
    eeprom_init                              0x080031d9   Thumb Code    20  eeprom.o(i.eeprom_init)
    eeprom_read                              0x08003211   Thumb Code    24  eeprom.o(i.eeprom_read)
    eeprom_write                             0x0800322d   Thumb Code    76  eeprom.o(i.eeprom_write)
    htons                                    0x08003279   Thumb Code    18  byteorder.o(i.htons)
    iic_ack                                  0x0800328b   Thumb Code    36  iic.o(i.iic_ack)
    iic_delay_us                             0x080032af   Thumb Code   152  iic.o(i.iic_delay_us)
    iic_init                                 0x08003347   Thumb Code   124  iic.o(i.iic_init)
    iic_nack                                 0x080033c3   Thumb Code    36  iic.o(i.iic_nack)
    iic_read_byte                            0x080033e7   Thumb Code    88  iic.o(i.iic_read_byte)
    iic_read_mem                             0x0800343f   Thumb Code   170  iic.o(i.iic_read_mem)
    iic_send_byte                            0x08003579   Thumb Code    68  iic.o(i.iic_send_byte)
    iic_start                                0x080035bd   Thumb Code    50  iic.o(i.iic_start)
    iic_stop                                 0x080035ef   Thumb Code    42  iic.o(i.iic_stop)
    iic_wait_ack                             0x08003619   Thumb Code    88  iic.o(i.iic_wait_ack)
    iic_write_mem                            0x08003671   Thumb Code   130  iic.o(i.iic_write_mem)
    log                                      0x080036f5   Thumb Code   808  log.o(i.log)
    main                                     0x08003a51   Thumb Code   116  main.o(i.main)
    mb_ascii_append_LRC                      0x08003bad   Thumb Code    24  mbascii.o(i.mb_ascii_append_LRC)
    mb_ascii_calculate_LRC                   0x08003bc5   Thumb Code    34  mbchecksum.o(i.mb_ascii_calculate_LRC)
    mb_ascii_poll                            0x08003c09   Thumb Code    24  mbascii.o(i.mb_ascii_poll)
    mb_ascii_receive                         0x08003c25   Thumb Code   108  mbascii.o(i.mb_ascii_receive)
    mb_ascii_send                            0x08003ca1   Thumb Code   110  mbascii.o(i.mb_ascii_send)
    mb_ascii_timeout                         0x08003d1d   Thumb Code    12  mbascii.o(i.mb_ascii_timeout)
    mb_clear_receive_buff                    0x08003d29   Thumb Code     8  modbus.o(i.mb_clear_receive_buff)
    mb_disable_timer                         0x08003d35   Thumb Code    20  modbus.o(i.mb_disable_timer)
    mb_enable_timer                          0x08003d4d   Thumb Code    12  modbus.o(i.mb_enable_timer)
    mb_format03                              0x08003d5d   Thumb Code   136  mbformat.o(i.mb_format03)
    mb_format06                              0x08003de5   Thumb Code    90  mbformat.o(i.mb_format06)
    mb_format16                              0x08003e3f   Thumb Code   112  mbformat.o(i.mb_format16)
    mb_hardware_init                         0x08003eaf   Thumb Code    22  modbus.o(i.mb_hardware_init)
    mb_init                                  0x08003ec5   Thumb Code   102  modbus.o(i.mb_init)
    mb_poll                                  0x08003f61   Thumb Code    10  modbus.o(i.mb_poll)
    mb_process03                             0x08003f71   Thumb Code    74  mbprocess.o(i.mb_process03)
    mb_process06                             0x08003fc1   Thumb Code    34  mbprocess.o(i.mb_process06)
    mb_process16                             0x08003fe9   Thumb Code    70  mbprocess.o(i.mb_process16)
    mb_raw_send                              0x08004035   Thumb Code    18  modbus.o(i.mb_raw_send)
    mb_receive                               0x0800404d   Thumb Code    14  modbus.o(i.mb_receive)
    mb_rtu_append_CRC                        0x080040cd   Thumb Code    32  mbrtu.o(i.mb_rtu_append_CRC)
    mb_rtu_calculate_CRC                     0x080040ed   Thumb Code    48  mbchecksum.o(i.mb_rtu_calculate_CRC)
    mb_rtu_poll                              0x0800413d   Thumb Code    24  mbrtu.o(i.mb_rtu_poll)
    mb_rtu_receive                           0x08004159   Thumb Code    54  mbrtu.o(i.mb_rtu_receive)
    mb_rtu_timeout                           0x0800419d   Thumb Code    14  mbrtu.o(i.mb_rtu_timeout)
    mb_timeout                               0x080041b1   Thumb Code    10  modbus.o(i.mb_timeout)
    mberror                                  0x080041c1   Thumb Code    58  mberror.o(i.mberror)
    sEeproomTask                             0x080041fd   Thumb Code    94  system_task.o(i.sEeproomTask)
    sExternalTask                            0x08004261   Thumb Code    28  system_task.o(i.sExternalTask)
    sInternalTask                            0x08004285   Thumb Code    10  system_task.o(i.sInternalTask)
    sSuperTask                               0x08004291   Thumb Code    62  system_task.o(i.sSuperTask)
    system_init                              0x080042e9   Thumb Code    54  system_task.o(i.system_init)
    OSUnMapTbl                               0x08004330   Data         256  os_core.o(.constdata)
    mbFunArray                               0x08004630   Data          68  mbformat.o(.constdata)
    __mathlib_zero                           0x080046b0   Data           8  qnan.o(.constdata)
    __ctype_categories                       0x080046b8   Data          64  ctype_c.o(.constdata)
    Region$$Table$$Base                      0x080046f8   Number         0  anon$$obj.o(Region$$Table)
    Region$$Table$$Limit                     0x08004718   Number         0  anon$$obj.o(Region$$Table)
    SystemCoreClock                          0x20000000   Data           4  system_stm32f10x.o(.data)
    AHBPrescTable                            0x20000004   Data          16  system_stm32f10x.o(.data)
    OSCtxSwCtr                               0x20000028   Data           4  os_core.o(.data)
    OSEventFreeList                          0x2000002c   Data           4  os_core.o(.data)
    OSFlagFreeList                           0x20000030   Data           4  os_core.o(.data)
    OSCPUUsage                               0x20000034   Data           1  os_core.o(.data)
    OSIdleCtrMax                             0x20000038   Data           4  os_core.o(.data)
    OSIdleCtrRun                             0x2000003c   Data           4  os_core.o(.data)
    OSStatRdy                                0x20000040   Data           1  os_core.o(.data)
    OSIntNesting                             0x20000041   Data           1  os_core.o(.data)
    OSLockNesting                            0x20000042   Data           1  os_core.o(.data)
    OSPrioCur                                0x20000043   Data           1  os_core.o(.data)
    OSPrioHighRdy                            0x20000044   Data           1  os_core.o(.data)
    OSRdyGrp                                 0x20000045   Data           1  os_core.o(.data)
    OSRdyTbl                                 0x20000046   Data           8  os_core.o(.data)
    OSRunning                                0x2000004e   Data           1  os_core.o(.data)
    OSTaskCtr                                0x2000004f   Data           1  os_core.o(.data)
    OSIdleCtr                                0x20000050   Data           4  os_core.o(.data)
    OSTCBCur                                 0x20000054   Data           4  os_core.o(.data)
    OSTCBFreeList                            0x20000058   Data           4  os_core.o(.data)
    OSTCBHighRdy                             0x2000005c   Data           4  os_core.o(.data)
    OSTCBList                                0x20000060   Data           4  os_core.o(.data)
    OSTickStepState                          0x20000064   Data           1  os_core.o(.data)
    OSQFreeList                              0x20000068   Data           4  os_core.o(.data)
    OSTime                                   0x2000006c   Data           4  os_core.o(.data)
    mbRecCount                               0x20000072   Data           2  modbus.o(.data)
    SUPER_TASK_STK                           0x20000078   Data         256  system_task.o(.bss)
    EEPROM_TASK_STK                          0x20000178   Data         256  system_task.o(.bss)
    EXTERNAL_TASK_STK                        0x20000278   Data         256  system_task.o(.bss)
    INTERNAL_TASK_STK                        0x20000378   Data         256  system_task.o(.bss)
    OSEventTbl                               0x20000478   Data         200  os_core.o(.bss)
    OSFlagTbl                                0x20000540   Data          80  os_core.o(.bss)
    OSTaskStatStk                            0x20000590   Data         512  os_core.o(.bss)
    OSTaskIdleStk                            0x20000790   Data         512  os_core.o(.bss)
    OSTCBPrioTbl                             0x20000990   Data         256  os_core.o(.bss)
    OSTCBTbl                                 0x20000a90   Data        1008  os_core.o(.bss)
    OSQTbl                                   0x20000e80   Data         120  os_core.o(.bss)
    mbRecBuff                                0x20000ef8   Data         128  modbus.o(.bss)
    mbSendBuff                               0x20000f78   Data         128  modbus.o(.bss)
    mbHoldReg                                0x20000ff8   Data          78  modbus.o(.bss)
    mbObject                                 0x20001048   Data          36  modbus.o(.bss)
    iic                                      0x2000106c   Data          20  eeprom.o(.bss)
    __initial_sp                             0x20001480   Data           0  startup_stm32f10x_md.o(STACK)



==============================================================================

Memory Map of the image

  Image Entry point : 0x080000ed

  Load Region LR_IROM1 (Base: 0x08000000, Size: 0x00004790, Max: 0x00080000, ABSOLUTE)

    Execution Region ER_IROM1 (Base: 0x08000000, Size: 0x00004718, Max: 0x00080000, ABSOLUTE)

    Base Addr    Size         Type   Attr      Idx    E Section Name        Object

    0x08000000   0x000000ec   Data   RO          746    RESET               startup_stm32f10x_md.o
    0x080000ec   0x00000000   Code   RO         3615  * .ARM.Collect$$$$00000000  mc_w.l(entry.o)
    0x080000ec   0x00000004   Code   RO         3917    .ARM.Collect$$$$00000001  mc_w.l(entry2.o)
    0x080000f0   0x00000004   Code   RO         3920    .ARM.Collect$$$$00000004  mc_w.l(entry5.o)
    0x080000f4   0x00000000   Code   RO         3922    .ARM.Collect$$$$00000008  mc_w.l(entry7b.o)
    0x080000f4   0x00000000   Code   RO         3924    .ARM.Collect$$$$0000000A  mc_w.l(entry8b.o)
    0x080000f4   0x00000008   Code   RO         3925    .ARM.Collect$$$$0000000B  mc_w.l(entry9a.o)
    0x080000fc   0x00000000   Code   RO         3927    .ARM.Collect$$$$0000000D  mc_w.l(entry10a.o)
    0x080000fc   0x00000000   Code   RO         3929    .ARM.Collect$$$$0000000F  mc_w.l(entry11a.o)
    0x080000fc   0x00000004   Code   RO         3918    .ARM.Collect$$$$00002712  mc_w.l(entry2.o)
    0x08000100   0x00000024   Code   RO          747    .text               startup_stm32f10x_md.o
    0x08000124   0x000000b4   Code   RO         3247    .text               os_cpu_a.o
    0x080001d8   0x00000024   Code   RO         3621    .text               mc_w.l(memcpya.o)
    0x080001fc   0x00000024   Code   RO         3623    .text               mc_w.l(memseta.o)
    0x08000220   0x0000001a   Code   RO         3625    .text               mc_w.l(memcmp.o)
    0x0800023a   0x00000002   PAD
    0x0800023c   0x00000038   Code   RO         3890    .text               mc_w.l(__0sscanf.o)
    0x08000274   0x0000014c   Code   RO         3892    .text               mc_w.l(_scanf_int.o)
    0x080003c0   0x000000de   Code   RO         3894    .text               mf_w.l(ddiv.o)
    0x0800049e   0x0000001a   Code   RO         3896    .text               mf_w.l(dfltui.o)
    0x080004b8   0x00000032   Code   RO         3898    .text               mf_w.l(dfixui.o)
    0x080004ea   0x0000002c   Code   RO         3934    .text               mc_w.l(uidiv.o)
    0x08000516   0x00000062   Code   RO         3936    .text               mc_w.l(uldiv.o)
    0x08000578   0x00000020   Code   RO         3938    .text               mc_w.l(llushr.o)
    0x08000598   0x0000001c   Code   RO         3953    .text               mc_w.l(_chval.o)
    0x080005b4   0x00000028   Code   RO         3955    .text               mc_w.l(scanf_char.o)
    0x080005dc   0x00000040   Code   RO         3957    .text               mc_w.l(_sgetc.o)
    0x0800061c   0x00000000   Code   RO         3959    .text               mc_w.l(iusefp.o)
    0x0800061c   0x000000ba   Code   RO         3960    .text               mf_w.l(depilogue.o)
    0x080006d6   0x0000014e   Code   RO         3962    .text               mf_w.l(dadd.o)
    0x08000824   0x000000e4   Code   RO         3964    .text               mf_w.l(dmul.o)
    0x08000908   0x0000002e   Code   RO         3966    .text               mf_w.l(dscalb.o)
    0x08000936   0x00000022   Code   RO         3968    .text               mf_w.l(dflti.o)
    0x08000958   0x00000030   Code   RO         3970    .text               mf_w.l(dfixul.o)
    0x08000988   0x00000030   Code   RO         3972    .text               mf_w.l(cdcmple.o)
    0x080009b8   0x00000030   Code   RO         3974    .text               mf_w.l(cdrcmple.o)
    0x080009e8   0x00000024   Code   RO         3976    .text               mc_w.l(init.o)
    0x08000a0c   0x0000001e   Code   RO         3979    .text               mc_w.l(llshl.o)
    0x08000a2a   0x00000024   Code   RO         3981    .text               mc_w.l(llsshr.o)
    0x08000a4e   0x0000000a   Code   RO         3983    .text               mc_w.l(isspace_c.o)
    0x08000a58   0x0000032c   Code   RO         3985    .text               mc_w.l(_scanf.o)
    0x08000d84   0x00000028   Code   RO         3988    .text               mc_w.l(ctype_c.o)
    0x08000dac   0x0000001c   Code   RO         2274    i.BKP_ReadBackupRegister  stm32f10x_bkp.o
    0x08000dc8   0x0000001c   Code   RO         2278    i.BKP_WriteBackupRegister  stm32f10x_bkp.o
    0x08000de4   0x00000028   Code   RO          137    i.EXTI0_IRQHandler  gpio.o
    0x08000e0c   0x000000d4   Code   RO          138    i.EXTI15_10_IRQHandler  gpio.o
    0x08000ee0   0x00000028   Code   RO          139    i.EXTI1_IRQHandler  gpio.o
    0x08000f08   0x00000028   Code   RO          140    i.EXTI2_IRQHandler  gpio.o
    0x08000f30   0x00000028   Code   RO          141    i.EXTI3_IRQHandler  gpio.o
    0x08000f58   0x00000028   Code   RO          142    i.EXTI4_IRQHandler  gpio.o
    0x08000f80   0x000000ac   Code   RO          143    i.EXTI9_5_IRQHandler  gpio.o
    0x0800102c   0x00000002   Code   RO          144    i.EXTI_Line0_Callback  gpio.o
    0x0800102e   0x00000002   Code   RO          145    i.EXTI_Line10_Callback  gpio.o
    0x08001030   0x00000002   Code   RO          146    i.EXTI_Line11_Callback  gpio.o
    0x08001032   0x00000002   Code   RO          147    i.EXTI_Line12_Callback  gpio.o
    0x08001034   0x00000002   Code   RO          148    i.EXTI_Line13_Callback  gpio.o
    0x08001036   0x00000002   Code   RO          149    i.EXTI_Line14_Callback  gpio.o
    0x08001038   0x00000002   Code   RO          150    i.EXTI_Line15_Callback  gpio.o
    0x0800103a   0x00000002   Code   RO          151    i.EXTI_Line1_Callback  gpio.o
    0x0800103c   0x00000002   Code   RO          152    i.EXTI_Line2_Callback  gpio.o
    0x0800103e   0x00000002   Code   RO          153    i.EXTI_Line3_Callback  gpio.o
    0x08001040   0x00000002   Code   RO          154    i.EXTI_Line4_Callback  gpio.o
    0x08001042   0x00000002   Code   RO          155    i.EXTI_Line5_Callback  gpio.o
    0x08001044   0x00000002   Code   RO          156    i.EXTI_Line6_Callback  gpio.o
    0x08001046   0x00000002   Code   RO          157    i.EXTI_Line7_Callback  gpio.o
    0x08001048   0x00000002   Code   RO          158    i.EXTI_Line8_Callback  gpio.o
    0x0800104a   0x00000002   Code   RO          159    i.EXTI_Line9_Callback  gpio.o
    0x0800104c   0x00000116   Code   RO         1141    i.GPIO_Init         stm32f10x_gpio.o
    0x08001162   0x00000002   PAD
    0x08001164   0x0000011c   Code   RO          162    i.GPIO_Initialize   gpio.o
    0x08001280   0x00000070   Code   RO          751    i.NVIC_Init         misc.o
    0x080012f0   0x0000002c   Code   RO         2521    i.OSInit            os_core.o
    0x0800131c   0x00000002   Code   RO         3159    i.OSInitHookBegin   os_cpu_c.o
    0x0800131e   0x00000002   Code   RO         3160    i.OSInitHookEnd     os_cpu_c.o
    0x08001320   0x00000024   Code   RO         2522    i.OSIntEnter        os_core.o
    0x08001344   0x00000090   Code   RO         2523    i.OSIntExit         os_core.o
    0x080013d4   0x00000048   Code   RO         2526    i.OSStart           os_core.o
    0x0800141c   0x00000002   Code   RO         3161    i.OSTCBInitHook     os_cpu_c.o
    0x0800141e   0x00000002   PAD
    0x08001420   0x000000a0   Code   RO         3022    i.OSTaskCreate      os_task.o
    0x080014c0   0x000000b8   Code   RO         3023    i.OSTaskCreateExt   os_task.o
    0x08001578   0x00000002   Code   RO         3162    i.OSTaskCreateHook  os_cpu_c.o
    0x0800157a   0x00000002   Code   RO         3164    i.OSTaskIdleHook    os_cpu_c.o
    0x0800157c   0x00000070   Code   RO         3027    i.OSTaskNameSet     os_task.o
    0x080015ec   0x00000002   Code   RO         3166    i.OSTaskStatHook    os_cpu_c.o
    0x080015ee   0x00000002   PAD
    0x080015f0   0x0000008c   Code   RO         3032    i.OSTaskStkChk      os_task.o
    0x0800167c   0x0000009a   Code   RO         3167    i.OSTaskStkInit     os_cpu_c.o
    0x08001716   0x00000002   PAD
    0x08001718   0x000000a8   Code   RO         3033    i.OSTaskSuspend     os_task.o
    0x080017c0   0x00000002   Code   RO         3168    i.OSTaskSwHook      os_cpu_c.o
    0x080017c2   0x00000002   PAD
    0x080017c4   0x00000078   Code   RO         3117    i.OSTimeDly         os_time.o
    0x0800183c   0x000000ec   Code   RO         2528    i.OSTimeTick        os_core.o
    0x08001928   0x00000002   Code   RO         3169    i.OSTimeTickHook    os_cpu_c.o
    0x0800192a   0x00000002   PAD
    0x0800192c   0x00000058   Code   RO         2712    i.OS_FlagInit       os_flag.o
    0x08001984   0x00000054   Code   RO         2535    i.OS_InitEventList  os_core.o
    0x080019d8   0x00000054   Code   RO         2536    i.OS_InitMisc       os_core.o
    0x08001a2c   0x00000044   Code   RO         2537    i.OS_InitRdyList    os_core.o
    0x08001a70   0x00000080   Code   RO         2538    i.OS_InitTCBList    os_core.o
    0x08001af0   0x00000050   Code   RO         2539    i.OS_InitTaskIdle   os_core.o
    0x08001b40   0x00000050   Code   RO         2540    i.OS_InitTaskStat   os_core.o
    0x08001b90   0x00000012   Code   RO         2541    i.OS_MemClr         os_core.o
    0x08001ba2   0x00000002   PAD
    0x08001ba4   0x00000050   Code   RO         2905    i.OS_QInit          os_q.o
    0x08001bf4   0x00000074   Code   RO         2543    i.OS_Sched          os_core.o
    0x08001c68   0x0000002c   Code   RO         2544    i.OS_SchedNew       os_core.o
    0x08001c94   0x00000134   Code   RO         2546    i.OS_TCBInit        os_core.o
    0x08001dc8   0x00000028   Code   RO         2547    i.OS_TaskIdle       os_core.o
    0x08001df0   0x00000088   Code   RO         2548    i.OS_TaskStat       os_core.o
    0x08001e78   0x0000003c   Code   RO         2549    i.OS_TaskStatStkChk  os_core.o
    0x08001eb4   0x0000001a   Code   RO         3035    i.OS_TaskStkClr     os_task.o
    0x08001ece   0x00000002   PAD
    0x08001ed0   0x0000000c   Code   RO         2345    i.PWR_BackupAccessCmd  stm32f10x_pwr.o
    0x08001edc   0x00000020   Code   RO         1251    i.RCC_APB1PeriphClockCmd  stm32f10x_rcc.o
    0x08001efc   0x00000020   Code   RO         1253    i.RCC_APB2PeriphClockCmd  stm32f10x_rcc.o
    0x08001f1c   0x000000d4   Code   RO         1261    i.RCC_GetClocksFreq  stm32f10x_rcc.o
    0x08001ff0   0x0000003c   Code   RO         1262    i.RCC_GetFlagStatus  stm32f10x_rcc.o
    0x0800202c   0x00000034   Code   RO         1269    i.RCC_LSEConfig     stm32f10x_rcc.o
    0x08002060   0x0000000c   Code   RO         1276    i.RCC_RTCCLKCmd     stm32f10x_rcc.o
    0x0800206c   0x00000010   Code   RO         1277    i.RCC_RTCCLKConfig  stm32f10x_rcc.o
    0x0800207c   0x00000002   Code   RO          597    i.RTC_Alarm_Callback  rtc.o
    0x0800207e   0x00000002   PAD
    0x08002080   0x00000010   Code   RO         2178    i.RTC_ClearITPendingBit  stm32f10x_rtc.o
    0x08002090   0x00000024   Code   RO         2184    i.RTC_GetITStatus   stm32f10x_rtc.o
    0x080020b4   0x00000028   Code   RO          599    i.RTC_IRQHandler    rtc.o
    0x080020dc   0x00000084   Code   RO          600    i.RTC_Initialize    rtc.o
    0x08002160   0x00000002   Code   RO          602    i.RTC_Second_Callback  rtc.o
    0x08002162   0x00000002   PAD
    0x08002164   0x00000014   Code   RO         2189    i.RTC_WaitForLastTask  stm32f10x_rtc.o
    0x08002178   0x00000024   Code   RO         2190    i.RTC_WaitForSynchro  stm32f10x_rtc.o
    0x0800219c   0x00000008   Code   RO          691    i.SetSysClock       system_stm32f10x.o
    0x080021a4   0x000000e0   Code   RO          692    i.SetSysClockTo72   system_stm32f10x.o
    0x08002284   0x0000001c   Code   RO         3170    i.SysTick_Handler   os_cpu_c.o
    0x080022a0   0x00000060   Code   RO          694    i.SystemInit        system_stm32f10x.o
    0x08002300   0x00000014   Code   RO         3478    i.TIM3Callback      modbus.o
    0x08002314   0x00000020   Code   RO          455    i.TIM3_IRQHandler   timer.o
    0x08002334   0x0000005c   Code   RO          456    i.TIM3_Init         timer.o
    0x08002390   0x00000006   Code   RO         1460    i.TIM_ClearITPendingBit  stm32f10x_tim.o
    0x08002396   0x00000018   Code   RO         1465    i.TIM_Cmd           stm32f10x_tim.o
    0x080023ae   0x00000022   Code   RO         1486    i.TIM_GetITStatus   stm32f10x_tim.o
    0x080023d0   0x00000012   Code   RO         1490    i.TIM_ITConfig      stm32f10x_tim.o
    0x080023e2   0x00000004   Code   RO         1530    i.TIM_SetCounter    stm32f10x_tim.o
    0x080023e6   0x00000002   PAD
    0x080023e8   0x000000a4   Code   RO         1536    i.TIM_TimeBaseInit  stm32f10x_tim.o
    0x0800248c   0x00000024   Code   RO         3479    i.USART1Callback    modbus.o
    0x080024b0   0x00000024   Code   RO          312    i.USART1_IRQHandler  usart.o
    0x080024d4   0x000000b8   Code   RO          313    i.USART1_Init       usart.o
    0x0800258c   0x00000002   Code   RO          314    i.USART2Callback    usart.o
    0x0800258e   0x00000002   PAD
    0x08002590   0x00000024   Code   RO          315    i.USART2_IRQHandler  usart.o
    0x080025b4   0x00000018   Code   RO         2001    i.USART_Cmd         stm32f10x_usart.o
    0x080025cc   0x0000001a   Code   RO         2004    i.USART_GetFlagStatus  stm32f10x_usart.o
    0x080025e6   0x00000054   Code   RO         2005    i.USART_GetITStatus  stm32f10x_usart.o
    0x0800263a   0x0000004a   Code   RO         2007    i.USART_ITConfig    stm32f10x_usart.o
    0x08002684   0x000000d8   Code   RO         2008    i.USART_Init        stm32f10x_usart.o
    0x0800275c   0x0000000a   Code   RO         2015    i.USART_ReceiveData  stm32f10x_usart.o
    0x08002766   0x00000008   Code   RO         2018    i.USART_SendData    stm32f10x_usart.o
    0x0800276e   0x0000002e   Code   RO          318    i.USARTx_SendBuff   usart.o
    0x0800279c   0x00000028   Code   RO         3863    i.__0snprintf       mc_w.l(printfa.o)
    0x080027c4   0x00000024   Code   RO         3867    i.__0vsnprintf      mc_w.l(printfa.o)
    0x080027e8   0x000000aa   Code   RO         3914    i.__kernel_poly     m_ws.l(poly.o)
    0x08002892   0x00000002   PAD
    0x08002894   0x00000010   Code   RO         3900    i.__mathlib_dbl_divzero  m_ws.l(dunder.o)
    0x080028a4   0x00000006   Code   RO         3901    i.__mathlib_dbl_infnan  m_ws.l(dunder.o)
    0x080028aa   0x0000000c   Code   RO         3903    i.__mathlib_dbl_invalid  m_ws.l(dunder.o)
    0x080028b6   0x00000002   PAD
    0x080028b8   0x0000004c   Code   RO          115    i.__printf          debug.o
    0x08002904   0x0000000e   Code   RO         3993    i.__scatterload_copy  mc_w.l(handlers.o)
    0x08002912   0x00000002   Code   RO         3994    i.__scatterload_null  mc_w.l(handlers.o)
    0x08002914   0x0000000e   Code   RO         3995    i.__scatterload_zeroinit  mc_w.l(handlers.o)
    0x08002922   0x00000002   PAD
    0x08002924   0x0000000c   Code   RO         3948    i.__set_errno       mc_w.l(errno.o)
    0x08002930   0x00000164   Code   RO         3869    i._fp_digits        mc_w.l(printfa.o)
    0x08002a94   0x000006dc   Code   RO         3870    i._printf_core      mc_w.l(printfa.o)
    0x08003170   0x00000024   Code   RO         3871    i._printf_post_padding  mc_w.l(printfa.o)
    0x08003194   0x0000002e   Code   RO         3872    i._printf_pre_padding  mc_w.l(printfa.o)
    0x080031c2   0x00000016   Code   RO         3873    i._snputc           mc_w.l(printfa.o)
    0x080031d8   0x0000001c   Code   RO         3570    i.eeprom_init       eeprom.o
    0x080031f4   0x0000001c   Code   RO         3571    i.eeprom_pageWrite  eeprom.o
    0x08003210   0x0000001c   Code   RO         3572    i.eeprom_read       eeprom.o
    0x0800322c   0x0000004c   Code   RO         3573    i.eeprom_write      eeprom.o
    0x08003278   0x00000012   Code   RO         3251    i.htons             byteorder.o
    0x0800328a   0x00000024   Code   RO          485    i.iic_ack           iic.o
    0x080032ae   0x00000098   Code   RO          486    i.iic_delay_us      iic.o
    0x08003346   0x0000007c   Code   RO          487    i.iic_init          iic.o
    0x080033c2   0x00000024   Code   RO          488    i.iic_nack          iic.o
    0x080033e6   0x00000058   Code   RO          489    i.iic_read_byte     iic.o
    0x0800343e   0x000000aa   Code   RO          490    i.iic_read_mem      iic.o
    0x080034e8   0x0000001e   Code   RO          492    i.iic_scl_set       iic.o
    0x08003506   0x00000040   Code   RO          493    i.iic_sda_mode      iic.o
    0x08003546   0x00000014   Code   RO          494    i.iic_sda_read      iic.o
    0x0800355a   0x0000001e   Code   RO          495    i.iic_sda_set       iic.o
    0x08003578   0x00000044   Code   RO          496    i.iic_send_byte     iic.o
    0x080035bc   0x00000032   Code   RO          497    i.iic_start         iic.o
    0x080035ee   0x0000002a   Code   RO          498    i.iic_stop          iic.o
    0x08003618   0x00000058   Code   RO          499    i.iic_wait_ack      iic.o
    0x08003670   0x00000082   Code   RO          500    i.iic_write_mem     iic.o
    0x080036f2   0x00000002   PAD
    0x080036f4   0x0000035c   Code   RO         3606    i.log               m_ws.l(log.o)
    0x08003a50   0x00000088   Code   RO         2405    i.main              main.o
    0x08003ad8   0x000000d4   Code   RO         3283    i.mb_ascii_analyze  mbascii.o
    0x08003bac   0x00000018   Code   RO         3284    i.mb_ascii_append_LRC  mbascii.o
    0x08003bc4   0x00000022   Code   RO         3344    i.mb_ascii_calculate_LRC  mbchecksum.o
    0x08003be6   0x00000020   Code   RO         3285    i.mb_ascii_check_LRC  mbascii.o
    0x08003c06   0x00000002   PAD
    0x08003c08   0x0000001c   Code   RO         3286    i.mb_ascii_poll     mbascii.o
    0x08003c24   0x0000007c   Code   RO         3287    i.mb_ascii_receive  mbascii.o
    0x08003ca0   0x0000007c   Code   RO         3288    i.mb_ascii_send     mbascii.o
    0x08003d1c   0x0000000c   Code   RO         3289    i.mb_ascii_timeout  mbascii.o
    0x08003d28   0x0000000c   Code   RO         3480    i.mb_clear_receive_buff  modbus.o
    0x08003d34   0x00000018   Code   RO         3481    i.mb_disable_timer  modbus.o
    0x08003d4c   0x00000010   Code   RO         3482    i.mb_enable_timer   modbus.o
    0x08003d5c   0x00000088   Code   RO         3376    i.mb_format03       mbformat.o
    0x08003de4   0x0000005a   Code   RO         3377    i.mb_format06       mbformat.o
    0x08003e3e   0x00000070   Code   RO         3378    i.mb_format16       mbformat.o
    0x08003eae   0x00000016   Code   RO         3483    i.mb_hardware_init  modbus.o
    0x08003ec4   0x0000009c   Code   RO         3484    i.mb_init           modbus.o
    0x08003f60   0x00000010   Code   RO         3485    i.mb_poll           modbus.o
    0x08003f70   0x00000050   Code   RO         3409    i.mb_process03      mbprocess.o
    0x08003fc0   0x00000028   Code   RO         3410    i.mb_process06      mbprocess.o
    0x08003fe8   0x0000004c   Code   RO         3411    i.mb_process16      mbprocess.o
    0x08004034   0x00000018   Code   RO         3486    i.mb_raw_send       modbus.o
    0x0800404c   0x00000014   Code   RO         3487    i.mb_receive        modbus.o
    0x08004060   0x0000006c   Code   RO         3436    i.mb_rtu_analyze    mbrtu.o
    0x080040cc   0x00000020   Code   RO         3437    i.mb_rtu_append_CRC  mbrtu.o
    0x080040ec   0x00000038   Code   RO         3345    i.mb_rtu_calculate_CRC  mbchecksum.o
    0x08004124   0x00000018   Code   RO         3438    i.mb_rtu_check_CRC  mbrtu.o
    0x0800413c   0x0000001c   Code   RO         3439    i.mb_rtu_poll       mbrtu.o
    0x08004158   0x00000044   Code   RO         3440    i.mb_rtu_receive    mbrtu.o
    0x0800419c   0x00000014   Code   RO         3441    i.mb_rtu_timeout    mbrtu.o
    0x080041b0   0x00000010   Code   RO         3488    i.mb_timeout        modbus.o
    0x080041c0   0x0000003a   Code   RO         3364    i.mberror           mberror.o
    0x080041fa   0x00000002   PAD
    0x080041fc   0x00000064   Code   RO         2458    i.sEeproomTask      system_task.o
    0x08004260   0x00000024   Code   RO         2459    i.sExternalTask     system_task.o
    0x08004284   0x0000000a   Code   RO         2460    i.sInternalTask     system_task.o
    0x0800428e   0x00000002   PAD
    0x08004290   0x00000058   Code   RO         2461    i.sSuperTask        system_task.o
    0x080042e8   0x00000048   Code   RO         2462    i.system_init       system_task.o
    0x08004330   0x00000100   Data   RO         2551    .constdata          os_core.o
    0x08004430   0x00000200   Data   RO         3346    .constdata          mbchecksum.o
    0x08004630   0x00000044   Data   RO         3379    .constdata          mbformat.o
    0x08004674   0x00000004   PAD
    0x08004678   0x00000038   Data   RO         3607    .constdata          m_ws.l(log.o)
    0x080046b0   0x00000008   Data   RO         3916    .constdata          m_ws.l(qnan.o)
    0x080046b8   0x00000040   Data   RO         3989    .constdata          mc_w.l(ctype_c.o)
    0x080046f8   0x00000020   Data   RO         3991    Region$$Table       anon$$obj.o


    Execution Region RW_IRAM1 (Base: 0x20000000, Size: 0x00001480, Max: 0x00010000, ABSOLUTE)

    Base Addr    Size         Type   Attr      Idx    E Section Name        Object

    0x20000000   0x00000014   Data   RW          695    .data               system_stm32f10x.o
    0x20000014   0x00000014   Data   RW         1281    .data               stm32f10x_rcc.o
    0x20000028   0x00000048   Data   RW         2552    .data               os_core.o
    0x20000070   0x00000001   Data   RW         3290    .data               mbascii.o
    0x20000071   0x00000001   Data   RW         3442    .data               mbrtu.o
    0x20000072   0x00000002   Data   RW         3490    .data               modbus.o
    0x20000074   0x00000004   Data   RW         3949    .data               mc_w.l(errno.o)
    0x20000078   0x00000400   Zero   RW         2463    .bss                system_task.o
    0x20000478   0x00000a80   Zero   RW         2550    .bss                os_core.o
    0x20000ef8   0x00000174   Zero   RW         3489    .bss                modbus.o
    0x2000106c   0x00000014   Zero   RW         3574    .bss                eeprom.o
    0x20001080   0x00000400   Zero   RW          744    STACK               startup_stm32f10x_md.o


==============================================================================

Image component sizes


      Code (inc. data)   RO Data    RW Data    ZI Data      Debug   Object Name

         0          0          0          0          0     252536   adc.o
        18          0          0          0          0        768   byteorder.o
         0          0          0          0          0         32   core_cm3.o
        76          4          0          0          0       1215   debug.o
       160         16          0          0         20       2449   eeprom.o
       900         96          0          0          0      10419   gpio.o
      1128          0          0          0          0       9004   iic.o
       136         20          0          0          0      16511   main.o
       556         60          0          1          0       4248   mbascii.o
        90          8        512          0          0       1728   mbchecksum.o
        58          0          0          0          0        778   mberror.o
       338          0         68          0          0       3207   mbformat.o
       196         18          0          0          0       2105   mbprocess.o
       280         40          0          1          0       3512   mbrtu.o
       112         12          0          0          0        904   misc.o
       362        106          0          2        372       6398   modbus.o
      1778        354        256         72       2688      17309   os_core.o
       180         36          0          0          0        304   os_cpu_a.o
       198          6          0          0          0      12821   os_cpu_c.o
        88         14          0          0          0       8002   os_flag.o
        80          8          0          0          0        527   os_q.o
       790         64          0          0          0       5020   os_task.o
       120         20          0          0          0        584   os_time.o
       176         20          0          0          0       1789   rtc.o
        36          8        236          0       1024        780   startup_stm32f10x_md.o
        56         10          0          0          0       2023   stm32f10x_bkp.o
       278          0          0          0          0       1832   stm32f10x_gpio.o
        12          6          0          0          0        458   stm32f10x_pwr.o
       416         52          0         20          0       6181   stm32f10x_rcc.o
       108         18          0          0          0       1833   stm32f10x_rtc.o
       250         42          0          0          0       3699   stm32f10x_tim.o
       442          6          0          0          0       5677   stm32f10x_usart.o
       328         28          0         20          0       2013   system_stm32f10x.o
       306         58          0          0       1024       3491   system_task.o
       124         10          0          0          0       2446   timer.o
       304         18          0          0          0       3097   usart.o

    ----------------------------------------------------------------------
     10512       1158       1108        116       5128     395700   Object Totals
         0          0         32          0          0          0   (incl. Generated)
        32          0          4          0          0          0   (incl. Padding)

    ----------------------------------------------------------------------

      Code (inc. data)   RO Data    RW Data    ZI Data      Debug   Library Member Name

        34          4          0          0          0        204   dunder.o
       860         52         56          0          0        256   log.o
       170          0          0          0          0         96   poly.o
         0          0          8          0          0          0   qnan.o
        56          8          0          0          0         84   __0sscanf.o
        28          0          0          0          0         68   _chval.o
       812          4          0          0          0        112   _scanf.o
       332          0          0          0          0         96   _scanf_int.o
        64          0          0          0          0         84   _sgetc.o
        40          6         64          0          0         68   ctype_c.o
         0          0          0          0          0          0   entry.o
         0          0          0          0          0          0   entry10a.o
         0          0          0          0          0          0   entry11a.o
         8          4          0          0          0          0   entry2.o
         4          0          0          0          0          0   entry5.o
         0          0          0          0          0          0   entry7b.o
         0          0          0          0          0          0   entry8b.o
         8          4          0          0          0          0   entry9a.o
        12          6          0          4          0         68   errno.o
        30          0          0          0          0          0   handlers.o
        36          8          0          0          0         68   init.o
        10          0          0          0          0         68   isspace_c.o
         0          0          0          0          0          0   iusefp.o
        30          0          0          0          0         68   llshl.o
        36          0          0          0          0         68   llsshr.o
        32          0          0          0          0         68   llushr.o
        26          0          0          0          0         80   memcmp.o
        36          0          0          0          0         68   memcpya.o
        36          0          0          0          0        108   memseta.o
      2292         88          0          0          0        592   printfa.o
        40          8          0          0          0         84   scanf_char.o
        44          0          0          0          0         80   uidiv.o
        98          0          0          0          0         92   uldiv.o
        48          0          0          0          0         68   cdcmple.o
        48          0          0          0          0         68   cdrcmple.o
       334          0          0          0          0        148   dadd.o
       222          0          0          0          0        100   ddiv.o
       186          0          0          0          0        176   depilogue.o
        50          0          0          0          0         76   dfixui.o
        48          0          0          0          0         68   dfixul.o
        34          0          0          0          0         76   dflti.o
        26          0          0          0          0         76   dfltui.o
       228          0          0          0          0         96   dmul.o
        46          0          0          0          0         80   dscalb.o

    ----------------------------------------------------------------------
      6452        192        128          4          0       3612   Library Totals
         8          0          0          0          0          0   (incl. Padding)

    ----------------------------------------------------------------------

      Code (inc. data)   RO Data    RW Data    ZI Data      Debug   Library Name

      1064         56         64          0          0        556   m_ws.l
      4110        136         64          4          0       2024   mc_w.l
      1270          0          0          0          0       1032   mf_w.l

    ----------------------------------------------------------------------
      6452        192        128          4          0       3612   Library Totals

    ----------------------------------------------------------------------

==============================================================================


      Code (inc. data)   RO Data    RW Data    ZI Data      Debug   

     16964       1350       1236        120       5128     389272   Grand Totals
     16964       1350       1236        120       5128     389272   ELF Image Totals
     16964       1350       1236        120          0          0   ROM Totals

==============================================================================

    Total RO  Size (Code + RO Data)                18200 (  17.77kB)
    Total RW  Size (RW Data + ZI Data)              5248 (   5.13kB)
    Total ROM Size (Code + RO Data + RW Data)      18320 (  17.89kB)

==============================================================================

