Component: ARM Compiler 5.06 update 6 (build 750) Tool: armlink [4d35ed]

==============================================================================

Section Cross References

    startup_stm32f407xx.o(STACK) refers (Special) to heapauxi.o(.text) for __use_two_region_memory
    startup_stm32f407xx.o(HEAP) refers (Special) to heapauxi.o(.text) for __use_two_region_memory
    startup_stm32f407xx.o(RESET) refers (Special) to heapauxi.o(.text) for __use_two_region_memory
    startup_stm32f407xx.o(RESET) refers to startup_stm32f407xx.o(STACK) for __initial_sp
    startup_stm32f407xx.o(RESET) refers to startup_stm32f407xx.o(.text) for Reset_Handler
    startup_stm32f407xx.o(RESET) refers to stm32f4xx_it.o(i.NMI_Handler) for NMI_Handler
    startup_stm32f407xx.o(RESET) refers to stm32f4xx_it.o(i.HardFault_Handler) for HardFault_Handler
    startup_stm32f407xx.o(RESET) refers to stm32f4xx_it.o(i.MemManage_Handler) for MemManage_Handler
    startup_stm32f407xx.o(RESET) refers to stm32f4xx_it.o(i.BusFault_Handler) for BusFault_Handler
    startup_stm32f407xx.o(RESET) refers to stm32f4xx_it.o(i.UsageFault_Handler) for UsageFault_Handler
    startup_stm32f407xx.o(RESET) refers to stm32f4xx_it.o(i.SVC_Handler) for SVC_Handler
    startup_stm32f407xx.o(RESET) refers to stm32f4xx_it.o(i.DebugMon_Handler) for DebugMon_Handler
    startup_stm32f407xx.o(RESET) refers to stm32f4xx_it.o(i.PendSV_Handler) for PendSV_Handler
    startup_stm32f407xx.o(RESET) refers to stm32f4xx_it.o(i.SysTick_Handler) for SysTick_Handler
    startup_stm32f407xx.o(.text) refers (Special) to heapauxi.o(.text) for __use_two_region_memory
    startup_stm32f407xx.o(.text) refers to system_stm32f4xx.o(i.SystemInit) for SystemInit
    startup_stm32f407xx.o(.text) refers to __main.o(!!!main) for __main
    startup_stm32f407xx.o(.text) refers to startup_stm32f407xx.o(HEAP) for Heap_Mem
    startup_stm32f407xx.o(.text) refers to startup_stm32f407xx.o(STACK) for Stack_Mem
    main.o(i.SystemClock_Config) refers to stm32f4xx_hal_rcc.o(i.HAL_RCC_OscConfig) for HAL_RCC_OscConfig
    main.o(i.SystemClock_Config) refers to stm32f4xx_hal_rcc.o(i.HAL_RCC_ClockConfig) for HAL_RCC_ClockConfig
    main.o(i.SystemClock_Config) refers to stm32f4xx_hal_rcc.o(i.HAL_RCC_GetHCLKFreq) for HAL_RCC_GetHCLKFreq
    main.o(i.SystemClock_Config) refers to stm32f4xx_hal_cortex.o(i.HAL_SYSTICK_Config) for HAL_SYSTICK_Config
    main.o(i.SystemClock_Config) refers to stm32f4xx_hal_cortex.o(i.HAL_SYSTICK_CLKSourceConfig) for HAL_SYSTICK_CLKSourceConfig
    main.o(i.SystemClock_Config) refers to stm32f4xx_hal_cortex.o(i.HAL_NVIC_SetPriority) for HAL_NVIC_SetPriority
    main.o(i.main) refers to stm32f4xx_hal.o(i.HAL_Init) for HAL_Init
    main.o(i.main) refers to main.o(i.SystemClock_Config) for SystemClock_Config
    main.o(i.main) refers to gpio.o(i.MX_GPIO_Init) for MX_GPIO_Init
    main.o(i.main) refers to usart.o(i.MX_USART1_UART_Init) for MX_USART1_UART_Init
    main.o(i.main) refers to sdio.o(i.MX_SDIO_SD_Init) for MX_SDIO_SD_Init
    main.o(i.main) refers to fatfs.o(i.MX_FATFS_Init) for MX_FATFS_Init
    main.o(i.main) refers to spi.o(i.MX_SPI1_Init) for MX_SPI1_Init
    main.o(i.main) refers to ff.o(i.f_mount) for f_mount
    main.o(i.main) refers to ff.o(i.f_open) for f_open
    main.o(i.main) refers to flash.o(i.firmware_program) for firmware_program
    main.o(i.main) refers to ff.o(i.f_close) for f_close
    main.o(i.main) refers to ff.o(i.f_unlink) for f_unlink
    main.o(i.main) refers to stm32f4xx_hal_gpio.o(i.HAL_GPIO_TogglePin) for HAL_GPIO_TogglePin
    main.o(i.main) refers to stm32f4xx_hal.o(i.HAL_Delay) for HAL_Delay
    main.o(i.main) refers to bootloader.o(i.bootloader_jump_to_app) for bootloader_jump_to_app
    main.o(i.main) refers to fatfs.o(.bss) for USERFatFS
    main.o(i.main) refers to fatfs.o(.bss) for SDFatFS
    gpio.o(i.MX_GPIO_Init) refers to stm32f4xx_hal_gpio.o(i.HAL_GPIO_WritePin) for HAL_GPIO_WritePin
    gpio.o(i.MX_GPIO_Init) refers to stm32f4xx_hal_gpio.o(i.HAL_GPIO_Init) for HAL_GPIO_Init
    bsp_driver_sd.o(i.BSP_SD_DMA_Rx_IRQHandler) refers to stm32f4xx_hal_dma.o(i.HAL_DMA_IRQHandler) for HAL_DMA_IRQHandler
    bsp_driver_sd.o(i.BSP_SD_DMA_Rx_IRQHandler) refers to sdio.o(.bss) for hsd
    bsp_driver_sd.o(i.BSP_SD_DMA_Tx_IRQHandler) refers to stm32f4xx_hal_dma.o(i.HAL_DMA_IRQHandler) for HAL_DMA_IRQHandler
    bsp_driver_sd.o(i.BSP_SD_DMA_Tx_IRQHandler) refers to sdio.o(.bss) for hsd
    bsp_driver_sd.o(i.BSP_SD_Erase) refers to stm32f4xx_hal_sd.o(i.HAL_SD_Erase) for HAL_SD_Erase
    bsp_driver_sd.o(i.BSP_SD_Erase) refers to sdio.o(.bss) for hsd
    bsp_driver_sd.o(i.BSP_SD_GetCardInfo) refers to stm32f4xx_hal_sd.o(i.HAL_SD_GetCardInfo) for HAL_SD_GetCardInfo
    bsp_driver_sd.o(i.BSP_SD_GetCardInfo) refers to sdio.o(.bss) for hsd
    bsp_driver_sd.o(i.BSP_SD_GetCardState) refers to stm32f4xx_hal_sd.o(i.HAL_SD_GetCardState) for HAL_SD_GetCardState
    bsp_driver_sd.o(i.BSP_SD_GetCardState) refers to sdio.o(.bss) for hsd
[...]
    i.HAL_NVIC_SetPriority                   0x08000bdc   Section        0  stm32f4xx_hal_cortex.o(i.HAL_NVIC_SetPriority)
    i.HAL_NVIC_SetPriorityGrouping           0x08000c1c   Section        0  stm32f4xx_hal_cortex.o(i.HAL_NVIC_SetPriorityGrouping)
    i.HAL_RCC_ClockConfig                    0x08000c40   Section        0  stm32f4xx_hal_rcc.o(i.HAL_RCC_ClockConfig)
    i.HAL_RCC_GetHCLKFreq                    0x08000d70   Section        0  stm32f4xx_hal_rcc.o(i.HAL_RCC_GetHCLKFreq)
    i.HAL_RCC_GetPCLK1Freq                   0x08000d7c   Section        0  stm32f4xx_hal_rcc.o(i.HAL_RCC_GetPCLK1Freq)
    i.HAL_RCC_GetPCLK2Freq                   0x08000d9c   Section        0  stm32f4xx_hal_rcc.o(i.HAL_RCC_GetPCLK2Freq)
    i.HAL_RCC_GetSysClockFreq                0x08000dbc   Section        0  stm32f4xx_hal_rcc.o(i.HAL_RCC_GetSysClockFreq)
    i.HAL_RCC_OscConfig                      0x08000e1c   Section        0  stm32f4xx_hal_rcc.o(i.HAL_RCC_OscConfig)
    i.HAL_SD_ConfigWideBusOperation          0x08001138   Section        0  stm32f4xx_hal_sd.o(i.HAL_SD_ConfigWideBusOperation)
    i.HAL_SD_GetCardCSD                      0x080011b0   Section        0  stm32f4xx_hal_sd.o(i.HAL_SD_GetCardCSD)
    i.HAL_SD_GetCardInfo                     0x0800138a   Section        0  stm32f4xx_hal_sd.o(i.HAL_SD_GetCardInfo)
    i.HAL_SD_GetCardState                    0x080013ae   Section        0  stm32f4xx_hal_sd.o(i.HAL_SD_GetCardState)
    i.HAL_SD_Init                            0x080013da   Section        0  stm32f4xx_hal_sd.o(i.HAL_SD_Init)
    i.HAL_SD_InitCard                        0x08001410   Section        0  stm32f4xx_hal_sd.o(i.HAL_SD_InitCard)
    i.HAL_SD_MspInit                         0x08001464   Section        0  sdio.o(i.HAL_SD_MspInit)
    i.HAL_SD_ReadBlocks                      0x080014c8   Section        0  stm32f4xx_hal_sd.o(i.HAL_SD_ReadBlocks)
    i.HAL_SD_WriteBlocks                     0x0800167c   Section        0  stm32f4xx_hal_sd.o(i.HAL_SD_WriteBlocks)
    i.HAL_SPI_Init                           0x08001816   Section        0  stm32f4xx_hal_spi.o(i.HAL_SPI_Init)
    i.HAL_SPI_MspInit                        0x08001898   Section        0  spi.o(i.HAL_SPI_MspInit)
    i.HAL_SPI_TransmitReceive                0x080018e4   Section        0  stm32f4xx_hal_spi.o(i.HAL_SPI_TransmitReceive)
    i.HAL_SYSTICK_CLKSourceConfig            0x08001abc   Section        0  stm32f4xx_hal_cortex.o(i.HAL_SYSTICK_CLKSourceConfig)
    i.HAL_SYSTICK_Callback                   0x08001ad4   Section        0  stm32f4xx_hal_cortex.o(i.HAL_SYSTICK_Callback)
    i.HAL_SYSTICK_Config                     0x08001ad6   Section        0  stm32f4xx_hal_cortex.o(i.HAL_SYSTICK_Config)
    i.HAL_SYSTICK_IRQHandler                 0x08001afe   Section        0  stm32f4xx_hal_cortex.o(i.HAL_SYSTICK_IRQHandler)
    i.HAL_UART_Init                          0x08001b06   Section        0  stm32f4xx_hal_uart.o(i.HAL_UART_Init)
    i.HAL_UART_MspInit                       0x08001b68   Section        0  usart.o(i.HAL_UART_MspInit)
    i.HardFault_Handler                      0x08001bb4   Section        0  stm32f4xx_it.o(i.HardFault_Handler)
    i.MX_FATFS_Init                          0x08001bb8   Section        0  fatfs.o(i.MX_FATFS_Init)
    i.MX_GPIO_Init                           0x08001be0   Section        0  gpio.o(i.MX_GPIO_Init)
    i.MX_SDIO_SD_Init                        0x08001c9c   Section        0  sdio.o(i.MX_SDIO_SD_Init)
    i.MX_SPI1_Init                           0x08001cbc   Section        0  spi.o(i.MX_SPI1_Init)
    i.MX_USART1_UART_Init                    0x08001d18   Section        0  usart.o(i.MX_USART1_UART_Init)
    i.MemManage_Handler                      0x08001d64   Section        0  stm32f4xx_it.o(i.MemManage_Handler)
    i.NMI_Handler                            0x08001d66   Section        0  stm32f4xx_it.o(i.NMI_Handler)
    i.NVIC_SetPriority                       0x08001d68   Section        0  stm32f4xx_hal_cortex.o(i.NVIC_SetPriority)
    NVIC_SetPriority                         0x08001d69   Thumb Code    32  stm32f4xx_hal_cortex.o(i.NVIC_SetPriority)
    i.PendSV_Handler                         0x08001d88   Section        0  stm32f4xx_it.o(i.PendSV_Handler)
    i.SDIO_ConfigData                        0x08001d8a   Section        0  stm32f4xx_ll_sdmmc.o(i.SDIO_ConfigData)
    i.SDIO_GetPowerState                     0x08001dae   Section        0  stm32f4xx_ll_sdmmc.o(i.SDIO_GetPowerState)
    i.SDIO_GetResponse                       0x08001db6   Section        0  stm32f4xx_ll_sdmmc.o(i.SDIO_GetResponse)
    i.SDIO_Init                              0x08001dc2   Section        0  stm32f4xx_ll_sdmmc.o(i.SDIO_Init)
    i.SDIO_PowerState_ON                     0x08001de6   Section        0  stm32f4xx_ll_sdmmc.o(i.SDIO_PowerState_ON)
    i.SDIO_ReadFIFO                          0x08001dee   Section        0  stm32f4xx_ll_sdmmc.o(i.SDIO_ReadFIFO)
    i.SDIO_SendCommand                       0x08001df4   Section        0  stm32f4xx_ll_sdmmc.o(i.SDIO_SendCommand)
    i.SDIO_WriteFIFO                         0x08001e14   Section        0  stm32f4xx_ll_sdmmc.o(i.SDIO_WriteFIFO)
    i.SDMMC_CmdAppCommand                    0x08001e1e   Section        0  stm32f4xx_ll_sdmmc.o(i.SDMMC_CmdAppCommand)
    i.SDMMC_CmdAppOperCommand                0x08001e50   Section        0  stm32f4xx_ll_sdmmc.o(i.SDMMC_CmdAppOperCommand)
    i.SDMMC_CmdBlockLength                   0x08001e84   Section        0  stm32f4xx_ll_sdmmc.o(i.SDMMC_CmdBlockLength)
    i.SDMMC_CmdBusWidth                      0x08001eb6   Section        0  stm32f4xx_ll_sdmmc.o(i.SDMMC_CmdBusWidth)
    i.SDMMC_CmdGoIdleState                   0x08001ee8   Section        0  stm32f4xx_ll_sdmmc.o(i.SDMMC_CmdGoIdleState)
    i.SDMMC_CmdOperCond                      0x08001f38   Section        0  stm32f4xx_ll_sdmmc.o(i.SDMMC_CmdOperCond)
    i.SDMMC_CmdReadMultiBlock                0x08001fa0   Section        0  stm32f4xx_ll_sdmmc.o(i.SDMMC_CmdReadMultiBlock)
    i.SDMMC_CmdReadSingleBlock               0x08001fd2   Section        0  stm32f4xx_ll_sdmmc.o(i.SDMMC_CmdReadSingleBlock)
    i.SDMMC_CmdSelDesel                      0x08002004   Section        0  stm32f4xx_ll_sdmmc.o(i.SDMMC_CmdSelDesel)
    i.SDMMC_CmdSendCID                       0x08002036   Section        0  stm32f4xx_ll_sdmmc.o(i.SDMMC_CmdSendCID)
    i.SDMMC_CmdSendCSD                       0x08002062   Section        0  stm32f4xx_ll_sdmmc.o(i.SDMMC_CmdSendCSD)
    i.SDMMC_CmdSendSCR                       0x0800208e   Section        0  stm32f4xx_ll_sdmmc.o(i.SDMMC_CmdSendSCR)
    i.SDMMC_CmdSendStatus                    0x080020be   Section        0  stm32f4xx_ll_sdmmc.o(i.SDMMC_CmdSendStatus)
    i.SDMMC_CmdSetRelAdd                     0x080020f0   Section        0  stm32f4xx_ll_sdmmc.o(i.SDMMC_CmdSetRelAdd)
    i.SDMMC_CmdStopTransfer                  0x08002120   Section        0  stm32f4xx_ll_sdmmc.o(i.SDMMC_CmdStopTransfer)
    i.SDMMC_CmdWriteMultiBlock               0x08002154   Section        0  stm32f4xx_ll_sdmmc.o(i.SDMMC_CmdWriteMultiBlock)
    i.SDMMC_CmdWriteSingleBlock              0x08002186   Section        0  stm32f4xx_ll_sdmmc.o(i.SDMMC_CmdWriteSingleBlock)
    i.SDMMC_GetCmdResp1                      0x080021b8   Section        0  stm32f4xx_ll_sdmmc.o(i.SDMMC_GetCmdResp1)
    SDMMC_GetCmdResp1                        0x080021b9   Thumb Code   276  stm32f4xx_ll_sdmmc.o(i.SDMMC_GetCmdResp1)
    i.SDMMC_GetCmdResp2                      0x080022d4   Section        0  stm32f4xx_ll_sdmmc.o(i.SDMMC_GetCmdResp2)
    SDMMC_GetCmdResp2                        0x080022d5   Thumb Code    74  stm32f4xx_ll_sdmmc.o(i.SDMMC_GetCmdResp2)
    i.SDMMC_GetCmdResp3                      0x08002324   Section        0  stm32f4xx_ll_sdmmc.o(i.SDMMC_GetCmdResp3)
    SDMMC_GetCmdResp3                        0x08002325   Thumb Code    60  stm32f4xx_ll_sdmmc.o(i.SDMMC_GetCmdResp3)
    i.SDMMC_GetCmdResp6                      0x08002364   Section        0  stm32f4xx_ll_sdmmc.o(i.SDMMC_GetCmdResp6)
    SDMMC_GetCmdResp6                        0x08002365   Thumb Code   128  stm32f4xx_ll_sdmmc.o(i.SDMMC_GetCmdResp6)
    i.SD_CheckStatus                         0x080023e8   Section        0  sd_diskio.o(i.SD_CheckStatus)
    SD_CheckStatus                           0x080023e9   Thumb Code    26  sd_diskio.o(i.SD_CheckStatus)
    i.SD_FindSCR                             0x08002408   Section        0  stm32f4xx_hal_sd.o(i.SD_FindSCR)
    SD_FindSCR                               0x08002409   Thumb Code   212  stm32f4xx_hal_sd.o(i.SD_FindSCR)
    i.SD_InitCard                            0x080024dc   Section        0  stm32f4xx_hal_sd.o(i.SD_InitCard)
    SD_InitCard                              0x080024dd   Thumb Code   230  stm32f4xx_hal_sd.o(i.SD_InitCard)
    i.SD_PowerON                             0x080025c2   Section        0  stm32f4xx_hal_sd.o(i.SD_PowerON)
    SD_PowerON                               0x080025c3   Thumb Code   162  stm32f4xx_hal_sd.o(i.SD_PowerON)
    i.SD_WideBus_Disable                     0x08002664   Section        0  stm32f4xx_hal_sd.o(i.SD_WideBus_Disable)
    SD_WideBus_Disable                       0x08002665   Thumb Code    78  stm32f4xx_hal_sd.o(i.SD_WideBus_Disable)
    i.SD_WideBus_Enable                      0x080026b2   Section        0  stm32f4xx_hal_sd.o(i.SD_WideBus_Enable)
    SD_WideBus_Enable                        0x080026b3   Thumb Code    78  stm32f4xx_hal_sd.o(i.SD_WideBus_Enable)
    i.SD_initialize                          0x08002700   Section        0  sd_diskio.o(i.SD_initialize)
    i.SD_ioctl                               0x08002720   Section        0  sd_diskio.o(i.SD_ioctl)
    i.SD_read                                0x08002770   Section        0  sd_diskio.o(i.SD_read)
    i.SD_status                              0x08002796   Section        0  sd_diskio.o(i.SD_status)
    i.SD_write                               0x0800279c   Section        0  sd_diskio.o(i.SD_write)
    i.SPI_CS_High                            0x080027c4   Section        0  w25qxx.o(i.SPI_CS_High)
    SPI_CS_High                              0x080027c5   Thumb Code    10  w25qxx.o(i.SPI_CS_High)
    i.SPI_CS_Low                             0x080027d4   Section        0  w25qxx.o(i.SPI_CS_Low)
    SPI_CS_Low                               0x080027d5   Thumb Code    12  w25qxx.o(i.SPI_CS_Low)
    i.SPI_CheckFlag_BSY                      0x080027e4   Section        0  stm32f4xx_hal_spi.o(i.SPI_CheckFlag_BSY)
    SPI_CheckFlag_BSY                        0x080027e5   Thumb Code    32  stm32f4xx_hal_spi.o(i.SPI_CheckFlag_BSY)
    i.SPI_ReadWriteByte                      0x08002804   Section        0  w25qxx.o(i.SPI_ReadWriteByte)
    SPI_ReadWriteByte                        0x08002805   Thumb Code    32  w25qxx.o(i.SPI_ReadWriteByte)
    i.SPI_WaitFlagStateUntilTimeout          0x08002828   Section        0  stm32f4xx_hal_spi.o(i.SPI_WaitFlagStateUntilTimeout)
    SPI_WaitFlagStateUntilTimeout            0x08002829   Thumb Code   150  stm32f4xx_hal_spi.o(i.SPI_WaitFlagStateUntilTimeout)
    i.SVC_Handler                            0x080028be   Section        0  stm32f4xx_it.o(i.SVC_Handler)
    i.SysTick_Handler                        0x080028c0   Section        0  stm32f4xx_it.o(i.SysTick_Handler)
    i.SystemClock_Config                     0x080028d0   Section        0  main.o(i.SystemClock_Config)
    i.SystemInit                             0x08002970   Section        0  system_stm32f4xx.o(i.SystemInit)
    i.UART_SetConfig                         0x080029c4   Section        0  stm32f4xx_hal_uart.o(i.UART_SetConfig)
    UART_SetConfig                           0x080029c5   Thumb Code   676  stm32f4xx_hal_uart.o(i.UART_SetConfig)
    i.USER_initialize                        0x08002c70   Section        0  user_diskio.o(i.USER_initialize)
    i.USER_ioctl                             0x08002c80   Section        0  user_diskio.o(i.USER_ioctl)
    i.USER_read                              0x08002ca6   Section        0  user_diskio.o(i.USER_read)
    i.USER_status                            0x08002cd4   Section        0  user_diskio.o(i.USER_status)
    i.USER_write                             0x08002ce4   Section        0  user_diskio.o(i.USER_write)
    i.UsageFault_Handler                     0x08002d18   Section        0  stm32f4xx_it.o(i.UsageFault_Handler)
    i.W25QXX_Erase_Sector                    0x08002d1a   Section        0  w25qxx.o(i.W25QXX_Erase_Sector)
    i.W25QXX_Read                            0x08002d52   Section        0  w25qxx.o(i.W25QXX_Read)
    i.W25QXX_ReadSR                          0x08002d96   Section        0  w25qxx.o(i.W25QXX_ReadSR)
    i.W25QXX_Wait_Busy                       0x08002db4   Section        0  w25qxx.o(i.W25QXX_Wait_Busy)
    i.W25QXX_Write_Enable                    0x08002dc2   Section        0  w25qxx.o(i.W25QXX_Write_Enable)
    i.W25QXX_Write_NoCheck                   0x08002dd6   Section        0  w25qxx.o(i.W25QXX_Write_NoCheck)
    i.W25QXX_Write_Page                      0x08002e14   Section        0  w25qxx.o(i.W25QXX_Write_Page)
    i._Error_Handler                         0x08002e5e   Section        0  main.o(i._Error_Handler)
    i.bootloader_jump_to_app                 0x08002e60   Section        0  bootloader.o(i.bootloader_jump_to_app)
    i.check_fs                               0x08002e80   Section        0  ff.o(i.check_fs)
    check_fs                                 0x08002e81   Thumb Code   102  ff.o(i.check_fs)
    i.chk_lock                               0x08002ef0   Section        0  ff.o(i.chk_lock)
    chk_lock                                 0x08002ef1   Thumb Code    86  ff.o(i.chk_lock)
    i.clear_lock                             0x08002f4c   Section        0  ff.o(i.clear_lock)
    clear_lock                               0x08002f4d   Thumb Code    28  ff.o(i.clear_lock)
    i.clust2sect                             0x08002f6c   Section        0  ff.o(i.clust2sect)
    clust2sect                               0x08002f6d   Thumb Code    24  ff.o(i.clust2sect)
    i.create_chain                           0x08002f84   Section        0  ff.o(i.create_chain)
    create_chain                             0x08002f85   Thumb Code   164  ff.o(i.create_chain)
    i.create_name                            0x08003028   Section        0  ff.o(i.create_name)
    create_name                              0x08003029   Thumb Code   168  ff.o(i.create_name)
    i.dec_lock                               0x080030e4   Section        0  ff.o(i.dec_lock)
    dec_lock                                 0x080030e5   Thumb Code    48  ff.o(i.dec_lock)
    i.dir_find                               0x08003118   Section        0  ff.o(i.dir_find)
    dir_find                                 0x08003119   Thumb Code   100  ff.o(i.dir_find)
    i.dir_next                               0x0800317c   Section        0  ff.o(i.dir_next)
    dir_next                                 0x0800317d   Thumb Code   258  ff.o(i.dir_next)
    i.dir_read                               0x0800327e   Section        0  ff.o(i.dir_read)
    dir_read                                 0x0800327f   Thumb Code    96  ff.o(i.dir_read)
    i.dir_register                           0x080032de   Section        0  ff.o(i.dir_register)
    dir_register                             0x080032df   Thumb Code   102  ff.o(i.dir_register)
    i.dir_remove                             0x08003344   Section        0  ff.o(i.dir_remove)
    dir_remove                               0x08003345   Thumb Code    30  ff.o(i.dir_remove)
    i.dir_sdi                                0x08003362   Section        0  ff.o(i.dir_sdi)
    dir_sdi                                  0x08003363   Thumb Code   142  ff.o(i.dir_sdi)
    i.disk_initialize                        0x080033f0   Section        0  diskio.o(i.disk_initialize)
    i.disk_ioctl                             0x08003418   Section        0  diskio.o(i.disk_ioctl)
    i.disk_read                              0x08003434   Section        0  diskio.o(i.disk_read)
    i.disk_status                            0x08003450   Section        0  diskio.o(i.disk_status)
    i.disk_write                             0x08003468   Section        0  diskio.o(i.disk_write)
    i.f_close                                0x08003484   Section        0  ff.o(i.f_close)
    i.f_mount                                0x080034ac   Section        0  ff.o(i.f_mount)
    i.f_open                                 0x08003504   Section        0  ff.o(i.f_open)
    i.f_read                                 0x080036fc   Section        0  ff.o(i.f_read)
    i.f_sync                                 0x08003838   Section        0  ff.o(i.f_sync)
    i.f_unlink                               0x080038a4   Section        0  ff.o(i.f_unlink)
    i.find_volume                            0x08003944   Section        0  ff.o(i.find_volume)
    find_volume                              0x08003945   Thumb Code   662  ff.o(i.find_volume)
    i.firmware_program                       0x08003bec   Section        0  flash.o(i.firmware_program)
    i.follow_path                            0x08003d0c   Section        0  ff.o(i.follow_path)
    follow_path                              0x08003d0d   Thumb Code   122  ff.o(i.follow_path)
    i.get_fat                                0x08003d86   Section        0  ff.o(i.get_fat)
    get_fat                                  0x08003d87   Thumb Code   232  ff.o(i.get_fat)
    i.get_fattime                            0x08003e6e   Section        0  fatfs.o(i.get_fattime)
    i.get_ldnumber                           0x08003e72   Section        0  ff.o(i.get_ldnumber)
    get_ldnumber                             0x08003e73   Thumb Code    60  ff.o(i.get_ldnumber)
    i.inc_lock                               0x08003eb0   Section        0  ff.o(i.inc_lock)
    inc_lock                                 0x08003eb1   Thumb Code   124  ff.o(i.inc_lock)
    i.ld_clust                               0x08003f30   Section        0  ff.o(i.ld_clust)
    ld_clust                                 0x08003f31   Thumb Code    38  ff.o(i.ld_clust)
    i.ld_dword                               0x08003f56   Section        0  ff.o(i.ld_dword)
    ld_dword                                 0x08003f57   Thumb Code    22  ff.o(i.ld_dword)
    i.ld_word                                0x08003f6c   Section        0  ff.o(i.ld_word)
    ld_word                                  0x08003f6d   Thumb Code    10  ff.o(i.ld_word)
    i.main                                   0x08003f78   Section        0  main.o(i.main)
    i.mem_cpy                                0x08004028   Section        0  ff.o(i.mem_cpy)
    mem_cpy                                  0x08004029   Thumb Code    18  ff.o(i.mem_cpy)
    i.mem_set                                0x0800403c   Section        0  ff.o(i.mem_set)
    mem_set                                  0x0800403d   Thumb Code    14  ff.o(i.mem_set)
    i.move_window                            0x0800404a   Section        0  ff.o(i.move_window)
    move_window                              0x0800404b   Thumb Code    50  ff.o(i.move_window)
    i.put_fat                                0x0800407c   Section        0  ff.o(i.put_fat)
    put_fat                                  0x0800407d   Thumb Code   292  ff.o(i.put_fat)
    i.remove_chain                           0x080041a0   Section        0  ff.o(i.remove_chain)
    remove_chain                             0x080041a1   Thumb Code   116  ff.o(i.remove_chain)
    i.st_clust                               0x08004214   Section        0  ff.o(i.st_clust)
    st_clust                                 0x08004215   Thumb Code    40  ff.o(i.st_clust)
    i.st_dword                               0x0800423c   Section        0  ff.o(i.st_dword)
    st_dword                                 0x0800423d   Thumb Code    16  ff.o(i.st_dword)
    i.st_word                                0x0800424c   Section        0  ff.o(i.st_word)
    st_word                                  0x0800424d   Thumb Code     8  ff.o(i.st_word)
    i.sync_fs                                0x08004254   Section        0  ff.o(i.sync_fs)
    sync_fs                                  0x08004255   Thumb Code   126  ff.o(i.sync_fs)
    i.sync_window                            0x080042dc   Section        0  ff.o(i.sync_window)
    sync_window                              0x080042dd   Thumb Code    82  ff.o(i.sync_window)
    i.validate                               0x0800432e   Section        0  ff.o(i.validate)
    validate                                 0x0800432f   Thumb Code    50  ff.o(i.validate)
    x$fpl$fpinit                             0x08004360   Section       10  fpinit.o(x$fpl$fpinit)
    $v0                                      0x08004360   Number         0  fpinit.o(x$fpl$fpinit)
    .constdata                               0x0800436c   Section       20  sd_diskio.o(.constdata)
    .constdata                               0x08004380   Section       16  system_stm32f4xx.o(.constdata)
    .constdata                               0x08004390   Section        8  system_stm32f4xx.o(.constdata)
    .constdata                               0x08004398   Section      128  ff.o(.constdata)
    ExCvt                                    0x08004398   Data         128  ff.o(.constdata)
    .data                                    0x20000000   Section        1  sd_diskio.o(.data)
    Stat                                     0x20000000   Data           1  sd_diskio.o(.data)
    .data                                    0x20000001   Section        4  fatfs.o(.data)
    .data                                    0x20000005   Section       10  fatfs.o(.data)
    .data                                    0x2000000f   Section        1  user_diskio.o(.data)
    Stat                                     0x2000000f   Data           1  user_diskio.o(.data)
    .data                                    0x20000010   Section       20  user_diskio.o(.data)
    .data                                    0x20000024   Section       12  stm32f4xx_hal.o(.data)
    .data                                    0x20000030   Section        4  system_stm32f4xx.o(.data)
    .data                                    0x20000034   Section       12  ff.o(.data)
    Fsid                                     0x20000034   Data           2  ff.o(.data)
    FatFs                                    0x20000038   Data           8  ff.o(.data)
    .bss                                     0x20000040   Section     4148  fatfs.o(.bss)
    .bss                                     0x20001074   Section     4148  fatfs.o(.bss)
    .bss                                     0x200020a8   Section      132  sdio.o(.bss)
    .bss                                     0x2000212c   Section       88  spi.o(.bss)
    .bss                                     0x20002184   Section       64  usart.o(.bss)
    .bss                                     0x200021c4   Section       32  stm32f4xx_hal_flash.o(.bss)
    .bss                                     0x200021e4   Section       32  ff.o(.bss)
    Files                                    0x200021e4   Data          32  ff.o(.bss)
    .bss                                     0x20002204   Section       16  ff_gen_drv.o(.bss)
    .bss                                     0x20002214   Section       96  libspace.o(.bss)
    HEAP                                     0x20002278   Section      512  startup_stm32f407xx.o(HEAP)
    Heap_Mem                                 0x20002278   Data         512  startup_stm32f407xx.o(HEAP)
    STACK                                    0x20002478   Section     4096  startup_stm32f407xx.o(STACK)
    Stack_Mem                                0x20002478   Data        4096  startup_stm32f407xx.o(STACK)
    __initial_sp                             0x20003478   Data           0  startup_stm32f407xx.o(STACK)

    Global Symbols

    Symbol Name                              Value     Ov Type        Size  Object(Section)

    BuildAttributes$$THM_ISAv4$E$P$D$K$B$S$7EM$VFPi3$EXTD16$VFPS$VFMA$PE$A:L22UL41UL21$X:L11$S22US41US21$IEEE1$IW$USESV6$~STKCKD$USESV7$~SHL$OSPACE$ROPI$EBA8$UX$STANDARDLIB$REQ8$PRES8$EABIv2 0x00000000   Number         0  anon$$obj.o ABSOLUTE
    __ARM_use_no_argv                        0x00000000   Number         0  main.o ABSOLUTE
    __ARM_exceptions_init                     - Undefined Weak Reference
    __alloca_initialize                       - Undefined Weak Reference
    __arm_preinit_                            - Undefined Weak Reference
    __cpp_initialize__aeabi_                  - Undefined Weak Reference
    __cxa_finalize                            - Undefined Weak Reference
    __rt_locale                               - Undefined Weak Reference
    __sigvec_lookup                           - Undefined Weak Reference
    _atexit_init                              - Undefined Weak Reference
    _call_atexit_fns                          - Undefined Weak Reference
    _clock_init                               - Undefined Weak Reference
    _fp_trap_init                             - Undefined Weak Reference
    _fp_trap_shutdown                         - Undefined Weak Reference
    _get_lc_collate                           - Undefined Weak Reference
    _get_lc_ctype                             - Undefined Weak Reference
    _get_lc_monetary                          - Undefined Weak Reference
    _get_lc_numeric                           - Undefined Weak Reference
    _get_lc_time                              - Undefined Weak Reference
    _getenv_init                              - Undefined Weak Reference
    _handle_redirection                       - Undefined Weak Reference
    _init_alloc                               - Undefined Weak Reference
    _init_user_alloc                          - Undefined Weak Reference
    _initio                                   - Undefined Weak Reference
    _rand_init                                - Undefined Weak Reference
    _signal_finish                            - Undefined Weak Reference
    _signal_init                              - Undefined Weak Reference
    _terminate_alloc                          - Undefined Weak Reference
    _terminate_user_alloc                     - Undefined Weak Reference
    _terminateio                              - Undefined Weak Reference
    __Vectors_Size                           0x00000188   Number         0  startup_stm32f407xx.o ABSOLUTE
    __Vectors                                0x08000000   Data           4  startup_stm32f407xx.o(RESET)
    __Vectors_End                            0x08000188   Data           0  startup_stm32f407xx.o(RESET)
    __main                                   0x08000189   Thumb Code     8  __main.o(!!!main)
    __scatterload                            0x08000191   Thumb Code     0  __scatter.o(!!!scatter)
    __scatterload_rt2                        0x08000191   Thumb Code    44  __scatter.o(!!!scatter)
    __scatterload_rt2_thumb_only             0x08000191   Thumb Code     0  __scatter.o(!!!scatter)
    __scatterload_null                       0x0800019f   Thumb Code     0  __scatter.o(!!!scatter)
    __scatterload_copy                       0x080001c5   Thumb Code    26  __scatter_copy.o(!!handler_copy)
    __scatterload_zeroinit                   0x080001e1   Thumb Code    28  __scatter_zi.o(!!handler_zi)
    __rt_lib_init                            0x080001fd   Thumb Code     0  libinit.o(.ARM.Collect$$libinit$$00000000)
    __rt_lib_init_fp_1                       0x080001ff   Thumb Code     0  libinit2.o(.ARM.Collect$$libinit$$00000001)
    __rt_lib_init_alloca_1                   0x08000203   Thumb Code     0  libinit2.o(.ARM.Collect$$libinit$$0000002E)
    __rt_lib_init_argv_1                     0x08000203   Thumb Code     0  libinit2.o(.ARM.Collect$$libinit$$0000002C)
    __rt_lib_init_atexit_1                   0x08000203   Thumb Code     0  libinit2.o(.ARM.Collect$$libinit$$0000001B)
    __rt_lib_init_clock_1                    0x08000203   Thumb Code     0  libinit2.o(.ARM.Collect$$libinit$$00000021)
    __rt_lib_init_cpp_1                      0x08000203   Thumb Code     0  libinit2.o(.ARM.Collect$$libinit$$00000032)
    __rt_lib_init_exceptions_1               0x08000203   Thumb Code     0  libinit2.o(.ARM.Collect$$libinit$$00000030)
    __rt_lib_init_fp_trap_1                  0x08000203   Thumb Code     0  libinit2.o(.ARM.Collect$$libinit$$0000001F)
    __rt_lib_init_getenv_1                   0x08000203   Thumb Code     0  libinit2.o(.ARM.Collect$$libinit$$00000023)
    __rt_lib_init_heap_1                     0x08000203   Thumb Code     0  libinit2.o(.ARM.Collect$$libinit$$0000000A)
    __rt_lib_init_lc_collate_1               0x08000203   Thumb Code     0  libinit2.o(.ARM.Collect$$libinit$$00000011)
    __rt_lib_init_lc_ctype_1                 0x08000203   Thumb Code     0  libinit2.o(.ARM.Collect$$libinit$$00000013)
    __rt_lib_init_lc_monetary_1              0x08000203   Thumb Code     0  libinit2.o(.ARM.Collect$$libinit$$00000015)
    __rt_lib_init_lc_numeric_1               0x08000203   Thumb Code     0  libinit2.o(.ARM.Collect$$libinit$$00000017)
    __rt_lib_init_lc_time_1                  0x08000203   Thumb Code     0  libinit2.o(.ARM.Collect$$libinit$$00000019)
    __rt_lib_init_preinit_1                  0x08000203   Thumb Code     0  libinit2.o(.ARM.Collect$$libinit$$00000004)
    __rt_lib_init_rand_1                     0x08000203   Thumb Code     0  libinit2.o(.ARM.Collect$$libinit$$0000000E)
    __rt_lib_init_return                     0x08000203   Thumb Code     0  libinit2.o(.ARM.Collect$$libinit$$00000033)
    __rt_lib_init_signal_1                   0x08000203   Thumb Code     0  libinit2.o(.ARM.Collect$$libinit$$0000001D)
    __rt_lib_init_stdio_1                    0x08000203   Thumb Code     0  libinit2.o(.ARM.Collect$$libinit$$00000025)
    __rt_lib_init_user_alloc_1               0x08000203   Thumb Code     0  libinit2.o(.ARM.Collect$$libinit$$0000000C)
    __rt_lib_shutdown                        0x08000205   Thumb Code     0  libshutdown.o(.ARM.Collect$$libshutdown$$00000000)
    __rt_lib_shutdown_cpp_1                  0x08000207   Thumb Code     0  libshutdown2.o(.ARM.Collect$$libshutdown$$00000002)
    __rt_lib_shutdown_fp_trap_1              0x08000207   Thumb Code     0  libshutdown2.o(.ARM.Collect$$libshutdown$$00000007)
    __rt_lib_shutdown_heap_1                 0x08000207   Thumb Code     0  libshutdown2.o(.ARM.Collect$$libshutdown$$0000000F)
    __rt_lib_shutdown_return                 0x08000207   Thumb Code     0  libshutdown2.o(.ARM.Collect$$libshutdown$$00000010)
    __rt_lib_shutdown_signal_1               0x08000207   Thumb Code     0  libshutdown2.o(.ARM.Collect$$libshutdown$$0000000A)
    __rt_lib_shutdown_stdio_1                0x08000207   Thumb Code     0  libshutdown2.o(.ARM.Collect$$libshutdown$$00000004)
    __rt_lib_shutdown_user_alloc_1           0x08000207   Thumb Code     0  libshutdown2.o(.ARM.Collect$$libshutdown$$0000000C)
    __rt_entry                               0x08000209   Thumb Code     0  __rtentry.o(.ARM.Collect$$rtentry$$00000000)
    __rt_entry_presh_1                       0x08000209   Thumb Code     0  __rtentry2.o(.ARM.Collect$$rtentry$$00000002)
    __rt_entry_sh                            0x08000209   Thumb Code     0  __rtentry4.o(.ARM.Collect$$rtentry$$00000004)
    __rt_entry_li                            0x0800020f   Thumb Code     0  __rtentry2.o(.ARM.Collect$$rtentry$$0000000A)
    __rt_entry_postsh_1                      0x0800020f   Thumb Code     0  __rtentry2.o(.ARM.Collect$$rtentry$$00000009)
    __rt_entry_main                          0x08000213   Thumb Code     0  __rtentry2.o(.ARM.Collect$$rtentry$$0000000D)
    __rt_entry_postli_1                      0x08000213   Thumb Code     0  __rtentry2.o(.ARM.Collect$$rtentry$$0000000C)
    __rt_exit                                0x0800021b   Thumb Code     0  rtexit.o(.ARM.Collect$$rtexit$$00000000)
    __rt_exit_ls                             0x0800021d   Thumb Code     0  rtexit2.o(.ARM.Collect$$rtexit$$00000003)
    __rt_exit_prels_1                        0x0800021d   Thumb Code     0  rtexit2.o(.ARM.Collect$$rtexit$$00000002)
    __rt_exit_exit                           0x08000221   Thumb Code     0  rtexit2.o(.ARM.Collect$$rtexit$$00000004)
    MSR_MSP                                  0x08000229   Thumb Code     6  bootloader.o(.emb_text)
    Reset_Handler                            0x08000231   Thumb Code     8  startup_stm32f407xx.o(.text)
    ADC_IRQHandler                           0x0800024b   Thumb Code     0  startup_stm32f407xx.o(.text)
    CAN1_RX0_IRQHandler                      0x0800024b   Thumb Code     0  startup_stm32f407xx.o(.text)
    CAN1_RX1_IRQHandler                      0x0800024b   Thumb Code     0  startup_stm32f407xx.o(.text)
    CAN1_SCE_IRQHandler                      0x0800024b   Thumb Code     0  startup_stm32f407xx.o(.text)
    CAN1_TX_IRQHandler                       0x0800024b   Thumb Code     0  startup_stm32f407xx.o(.text)
    CAN2_RX0_IRQHandler                      0x0800024b   Thumb Code     0  startup_stm32f407xx.o(.text)
    CAN2_RX1_IRQHandler                      0x0800024b   Thumb Code     0  startup_stm32f407xx.o(.text)
    CAN2_SCE_IRQHandler                      0x0800024b   Thumb Code     0  startup_stm32f407xx.o(.text)
    CAN2_TX_IRQHandler                       0x0800024b   Thumb Code     0  startup_stm32f407xx.o(.text)
    DCMI_IRQHandler                          0x0800024b   Thumb Code     0  startup_stm32f407xx.o(.text)
    DMA1_Stream0_IRQHandler                  0x0800024b   Thumb Code     0  startup_stm32f407xx.o(.text)
    DMA1_Stream1_IRQHandler                  0x0800024b   Thumb Code     0  startup_stm32f407xx.o(.text)
    DMA1_Stream2_IRQHandler                  0x0800024b   Thumb Code     0  startup_stm32f407xx.o(.text)
    DMA1_Stream3_IRQHandler                  0x0800024b   Thumb Code     0  startup_stm32f407xx.o(.text)
    DMA1_Stream4_IRQHandler                  0x0800024b   Thumb Code     0  startup_stm32f407xx.o(.text)
    DMA1_Stream5_IRQHandler                  0x0800024b   Thumb Code     0  startup_stm32f407xx.o(.text)
    DMA1_Stream6_IRQHandler                  0x0800024b   Thumb Code     0  startup_stm32f407xx.o(.text)
    DMA1_Stream7_IRQHandler                  0x0800024b   Thumb Code     0  startup_stm32f407xx.o(.text)
    DMA2_Stream0_IRQHandler                  0x0800024b   Thumb Code     0  startup_stm32f407xx.o(.text)
    DMA2_Stream1_IRQHandler                  0x0800024b   Thumb Code     0  startup_stm32f407xx.o(.text)
    DMA2_Stream2_IRQHandler                  0x0800024b   Thumb Code     0  startup_stm32f407xx.o(.text)
    DMA2_Stream3_IRQHandler                  0x0800024b   Thumb Code     0  startup_stm32f407xx.o(.text)
    DMA2_Stream4_IRQHandler                  0x0800024b   Thumb Code     0  startup_stm32f407xx.o(.text)
    DMA2_Stream5_IRQHandler                  0x0800024b   Thumb Code     0  startup_stm32f407xx.o(.text)
    DMA2_Stream6_IRQHandler                  0x0800024b   Thumb Code     0  startup_stm32f407xx.o(.text)
    DMA2_Stream7_IRQHandler                  0x0800024b   Thumb Code     0  startup_stm32f407xx.o(.text)
    ETH_IRQHandler                           0x0800024b   Thumb Code     0  startup_stm32f407xx.o(.text)
    ETH_WKUP_IRQHandler                      0x0800024b   Thumb Code     0  startup_stm32f407xx.o(.text)
    EXTI0_IRQHandler                         0x0800024b   Thumb Code     0  startup_stm32f407xx.o(.text)
    EXTI15_10_IRQHandler                     0x0800024b   Thumb Code     0  startup_stm32f407xx.o(.text)
    EXTI1_IRQHandler                         0x0800024b   Thumb Code     0  startup_stm32f407xx.o(.text)
    EXTI2_IRQHandler                         0x0800024b   Thumb Code     0  startup_stm32f407xx.o(.text)
    EXTI3_IRQHandler                         0x0800024b   Thumb Code     0  startup_stm32f407xx.o(.text)
    EXTI4_IRQHandler                         0x0800024b   Thumb Code     0  startup_stm32f407xx.o(.text)
    EXTI9_5_IRQHandler                       0x0800024b   Thumb Code     0  startup_stm32f407xx.o(.text)
    FLASH_IRQHandler                         0x0800024b   Thumb Code     0  startup_stm32f407xx.o(.text)
    FMC_IRQHandler                           0x0800024b   Thumb Code     0  startup_stm32f407xx.o(.text)
    FPU_IRQHandler                           0x0800024b   Thumb Code     0  startup_stm32f407xx.o(.text)
    HASH_RNG_IRQHandler                      0x0800024b   Thumb Code     0  startup_stm32f407xx.o(.text)
    I2C1_ER_IRQHandler                       0x0800024b   Thumb Code     0  startup_stm32f407xx.o(.text)
    I2C1_EV_IRQHandler                       0x0800024b   Thumb Code     0  startup_stm32f407xx.o(.text)
    I2C2_ER_IRQHandler                       0x0800024b   Thumb Code     0  startup_stm32f407xx.o(.text)
    I2C2_EV_IRQHandler                       0x0800024b   Thumb Code     0  startup_stm32f407xx.o(.text)
    I2C3_ER_IRQHandler                       0x0800024b   Thumb Code     0  startup_stm32f407xx.o(.text)
    I2C3_EV_IRQHandler                       0x0800024b   Thumb Code     0  startup_stm32f407xx.o(.text)
    OTG_FS_IRQHandler                        0x0800024b   Thumb Code     0  startup_stm32f407xx.o(.text)
    OTG_FS_WKUP_IRQHandler                   0x0800024b   Thumb Code     0  startup_stm32f407xx.o(.text)
    OTG_HS_EP1_IN_IRQHandler                 0x0800024b   Thumb Code     0  startup_stm32f407xx.o(.text)
    OTG_HS_EP1_OUT_IRQHandler                0x0800024b   Thumb Code     0  startup_stm32f407xx.o(.text)
    OTG_HS_IRQHandler                        0x0800024b   Thumb Code     0  startup_stm32f407xx.o(.text)
    OTG_HS_WKUP_IRQHandler                   0x0800024b   Thumb Code     0  startup_stm32f407xx.o(.text)
    PVD_IRQHandler                           0x0800024b   Thumb Code     0  startup_stm32f407xx.o(.text)
    RCC_IRQHandler                           0x0800024b   Thumb Code     0  startup_stm32f407xx.o(.text)
    RTC_Alarm_IRQHandler                     0x0800024b   Thumb Code     0  startup_stm32f407xx.o(.text)
    RTC_WKUP_IRQHandler                      0x0800024b   Thumb Code     0  startup_stm32f407xx.o(.text)
    SDIO_IRQHandler                          0x0800024b   Thumb Code     0  startup_stm32f407xx.o(.text)
    SPI1_IRQHandler                          0x0800024b   Thumb Code     0  startup_stm32f407xx.o(.text)
    SPI2_IRQHandler                          0x0800024b   Thumb Code     0  startup_stm32f407xx.o(.text)
    SPI3_IRQHandler                          0x0800024b   Thumb Code     0  startup_stm32f407xx.o(.text)
    TAMP_STAMP_IRQHandler                    0x0800024b   Thumb Code     0  startup_stm32f407xx.o(.text)
    TIM1_BRK_TIM9_IRQHandler                 0x0800024b   Thumb Code     0  startup_stm32f407xx.o(.text)
    TIM1_CC_IRQHandler                       0x0800024b   Thumb Code     0  startup_stm32f407xx.o(.text)
    TIM1_TRG_COM_TIM11_IRQHandler            0x0800024b   Thumb Code     0  startup_stm32f407xx.o(.text)
    TIM1_UP_TIM10_IRQHandler                 0x0800024b   Thumb Code     0  startup_stm32f407xx.o(.text)
    TIM2_IRQHandler                          0x0800024b   Thumb Code     0  startup_stm32f407xx.o(.text)
    TIM3_IRQHandler                          0x0800024b   Thumb Code     0  startup_stm32f407xx.o(.text)
    TIM4_IRQHandler                          0x0800024b   Thumb Code     0  startup_stm32f407xx.o(.text)
    TIM5_IRQHandler                          0x0800024b   Thumb Code     0  startup_stm32f407xx.o(.text)
    TIM6_DAC_IRQHandler                      0x0800024b   Thumb Code     0  startup_stm32f407xx.o(.text)
    TIM7_IRQHandler                          0x0800024b   Thumb Code     0  startup_stm32f407xx.o(.text)
    TIM8_BRK_TIM12_IRQHandler                0x0800024b   Thumb Code     0  startup_stm32f407xx.o(.text)
    TIM8_CC_IRQHandler                       0x0800024b   Thumb Code     0  startup_stm32f407xx.o(.text)
    TIM8_TRG_COM_TIM14_IRQHandler            0x0800024b   Thumb Code     0  startup_stm32f407xx.o(.text)
    TIM8_UP_TIM13_IRQHandler                 0x0800024b   Thumb Code     0  startup_stm32f407xx.o(.text)
    UART4_IRQHandler                         0x0800024b   Thumb Code     0  startup_stm32f407xx.o(.text)
    UART5_IRQHandler                         0x0800024b   Thumb Code     0  startup_stm32f407xx.o(.text)
    USART1_IRQHandler                        0x0800024b   Thumb Code     0  startup_stm32f407xx.o(.text)
    USART2_IRQHandler                        0x0800024b   Thumb Code     0  startup_stm32f407xx.o(.text)
    USART3_IRQHandler                        0x0800024b   Thumb Code     0  startup_stm32f407xx.o(.text)
    USART6_IRQHandler                        0x0800024b   Thumb Code     0  startup_stm32f407xx.o(.text)
    WWDG_IRQHandler                          0x0800024b   Thumb Code     0  startup_stm32f407xx.o(.text)
    __user_initial_stackheap                 0x0800024d   Thumb Code     0  startup_stm32f407xx.o(.text)
    __aeabi_uldivmod                         0x08000271   Thumb Code     0  lludivv7m.o(.text)
    _ll_udiv                                 0x08000271   Thumb Code   238  lludivv7m.o(.text)
    __use_two_region_memory                  0x0800035f   Thumb Code     2  heapauxi.o(.text)
    __rt_heap_escrow$2region                 0x08000361   Thumb Code     2  heapauxi.o(.text)
    __rt_heap_expand$2region                 0x08000363   Thumb Code     2  heapauxi.o(.text)
    __user_setup_stackheap                   0x08000365   Thumb Code    74  sys_stackheap_outer.o(.text)
    exit                                     0x080003af   Thumb Code    18  exit.o(.text)
    __user_libspace                          0x080003c1   Thumb Code     8  libspace.o(.text)
    __user_perproc_libspace                  0x080003c1   Thumb Code     0  libspace.o(.text)
    __user_perthread_libspace                0x080003c1   Thumb Code     0  libspace.o(.text)
    _sys_exit                                0x080003c9   Thumb Code     8  sys_exit.o(.text)
    __I$use$semihosting                      0x080003d5   Thumb Code     0  use_no_semi.o(.text)
    __use_no_semihosting_swi                 0x080003d5   Thumb Code     2  use_no_semi.o(.text)
    __semihosting_library_function           0x080003d7   Thumb Code     0  indicate_semi.o(.text)
    BSP_SD_GetCardInfo                       0x080003d9   Thumb Code     8  bsp_driver_sd.o(i.BSP_SD_GetCardInfo)
    BSP_SD_GetCardState                      0x080003e5   Thumb Code    20  bsp_driver_sd.o(i.BSP_SD_GetCardState)
    BSP_SD_Init                              0x080003fd   Thumb Code    48  bsp_driver_sd.o(i.BSP_SD_Init)
    BSP_SD_ReadBlocks                        0x08000431   Thumb Code    26  bsp_driver_sd.o(i.BSP_SD_ReadBlocks)
    BSP_SD_WriteBlocks                       0x08000451   Thumb Code    26  bsp_driver_sd.o(i.BSP_SD_WriteBlocks)
    BusFault_Handler                         0x08000471   Thumb Code     2  stm32f4xx_it.o(i.BusFault_Handler)
    DebugMon_Handler                         0x08000473   Thumb Code     2  stm32f4xx_it.o(i.DebugMon_Handler)
    FATFS_LinkDriver                         0x08000475   Thumb Code     6  ff_gen_drv.o(i.FATFS_LinkDriver)
    FATFS_LinkDriverEx                       0x0800047d   Thumb Code    60  ff_gen_drv.o(i.FATFS_LinkDriverEx)
    FLASH_Erase_Sector                       0x080004bd   Thumb Code    74  stm32f4xx_hal_flash_ex.o(i.FLASH_Erase_Sector)
    FLASH_FlushCaches                        0x0800050d   Thumb Code    80  stm32f4xx_hal_flash_ex.o(i.FLASH_FlushCaches)
    FLASH_WaitForLastOperation               0x08000681   Thumb Code    72  stm32f4xx_hal_flash.o(i.FLASH_WaitForLastOperation)
    GetSector                                0x080006d1   Thumb Code   146  flash.o(i.GetSector)
    HAL_Delay                                0x0800078d   Thumb Code    32  stm32f4xx_hal.o(i.HAL_Delay)
    HAL_FLASHEx_Erase                        0x080007b1   Thumb Code   144  stm32f4xx_hal_flash_ex.o(i.HAL_FLASHEx_Erase)
    HAL_FLASH_Lock                           0x08000849   Thumb Code    14  stm32f4xx_hal_flash.o(i.HAL_FLASH_Lock)
    HAL_FLASH_Program                        0x0800085d   Thumb Code   116  stm32f4xx_hal_flash.o(i.HAL_FLASH_Program)
    HAL_FLASH_Unlock                         0x080008d9   Thumb Code    32  stm32f4xx_hal_flash.o(i.HAL_FLASH_Unlock)
    HAL_GPIO_Init                            0x08000905   Thumb Code   388  stm32f4xx_hal_gpio.o(i.HAL_GPIO_Init)
    HAL_GPIO_TogglePin                       0x08000ab5   Thumb Code     8  stm32f4xx_hal_gpio.o(i.HAL_GPIO_TogglePin)
    HAL_GPIO_WritePin                        0x08000abd   Thumb Code    10  stm32f4xx_hal_gpio.o(i.HAL_GPIO_WritePin)
    HAL_GetTick                              0x08000ac9   Thumb Code     6  stm32f4xx_hal.o(i.HAL_GetTick)
    HAL_IncTick                              0x08000ad5   Thumb Code    12  stm32f4xx_hal.o(i.HAL_IncTick)
    HAL_Init                                 0x08000ae5   Thumb Code    48  stm32f4xx_hal.o(i.HAL_Init)
    HAL_InitTick                             0x08000b19   Thumb Code    54  stm32f4xx_hal.o(i.HAL_InitTick)
    HAL_MspInit                              0x08000b59   Thumb Code   126  stm32f4xx_hal_msp.o(i.HAL_MspInit)
    HAL_NVIC_SetPriority                     0x08000bdd   Thumb Code    60  stm32f4xx_hal_cortex.o(i.HAL_NVIC_SetPriority)
    HAL_NVIC_SetPriorityGrouping             0x08000c1d   Thumb Code    26  stm32f4xx_hal_cortex.o(i.HAL_NVIC_SetPriorityGrouping)
    HAL_RCC_ClockConfig                      0x08000c41   Thumb Code   286  stm32f4xx_hal_rcc.o(i.HAL_RCC_ClockConfig)
    HAL_RCC_GetHCLKFreq                      0x08000d71   Thumb Code     6  stm32f4xx_hal_rcc.o(i.HAL_RCC_GetHCLKFreq)
    HAL_RCC_GetPCLK1Freq                     0x08000d7d   Thumb Code    20  stm32f4xx_hal_rcc.o(i.HAL_RCC_GetPCLK1Freq)
    HAL_RCC_GetPCLK2Freq                     0x08000d9d   Thumb Code    20  stm32f4xx_hal_rcc.o(i.HAL_RCC_GetPCLK2Freq)
    HAL_RCC_GetSysClockFreq                  0x08000dbd   Thumb Code    88  stm32f4xx_hal_rcc.o(i.HAL_RCC_GetSysClockFreq)
    HAL_RCC_OscConfig                        0x08000e1d   Thumb Code   770  stm32f4xx_hal_rcc.o(i.HAL_RCC_OscConfig)
    HAL_SD_ConfigWideBusOperation            0x08001139   Thumb Code   120  stm32f4xx_hal_sd.o(i.HAL_SD_ConfigWideBusOperation)
    HAL_SD_GetCardCSD                        0x080011b1   Thumb Code   474  stm32f4xx_hal_sd.o(i.HAL_SD_GetCardCSD)
    HAL_SD_GetCardInfo                       0x0800138b   Thumb Code    36  stm32f4xx_hal_sd.o(i.HAL_SD_GetCardInfo)
    HAL_SD_GetCardState                      0x080013af   Thumb Code    44  stm32f4xx_hal_sd.o(i.HAL_SD_GetCardState)
    HAL_SD_Init                              0x080013db   Thumb Code    54  stm32f4xx_hal_sd.o(i.HAL_SD_Init)
    HAL_SD_InitCard                          0x08001411   Thumb Code    80  stm32f4xx_hal_sd.o(i.HAL_SD_InitCard)
    HAL_SD_MspInit                           0x08001465   Thumb Code    84  sdio.o(i.HAL_SD_MspInit)
    HAL_SD_ReadBlocks                        0x080014c9   Thumb Code   434  stm32f4xx_hal_sd.o(i.HAL_SD_ReadBlocks)
    HAL_SD_WriteBlocks                       0x0800167d   Thumb Code   410  stm32f4xx_hal_sd.o(i.HAL_SD_WriteBlocks)
    HAL_SPI_Init                             0x08001817   Thumb Code   128  stm32f4xx_hal_spi.o(i.HAL_SPI_Init)
    HAL_SPI_MspInit                          0x08001899   Thumb Code    62  spi.o(i.HAL_SPI_MspInit)
    HAL_SPI_TransmitReceive                  0x080018e5   Thumb Code   472  stm32f4xx_hal_spi.o(i.HAL_SPI_TransmitReceive)
    HAL_SYSTICK_CLKSourceConfig              0x08001abd   Thumb Code    24  stm32f4xx_hal_cortex.o(i.HAL_SYSTICK_CLKSourceConfig)
    HAL_SYSTICK_Callback                     0x08001ad5   Thumb Code     2  stm32f4xx_hal_cortex.o(i.HAL_SYSTICK_Callback)
    HAL_SYSTICK_Config                       0x08001ad7   Thumb Code    40  stm32f4xx_hal_cortex.o(i.HAL_SYSTICK_Config)
    HAL_SYSTICK_IRQHandler                   0x08001aff   Thumb Code     8  stm32f4xx_hal_cortex.o(i.HAL_SYSTICK_IRQHandler)
    HAL_UART_Init                            0x08001b07   Thumb Code    98  stm32f4xx_hal_uart.o(i.HAL_UART_Init)
    HAL_UART_MspInit                         0x08001b69   Thumb Code    64  usart.o(i.HAL_UART_MspInit)
    HardFault_Handler                        0x08001bb5   Thumb Code     2  stm32f4xx_it.o(i.HardFault_Handler)
    MX_FATFS_Init                            0x08001bb9   Thumb Code    28  fatfs.o(i.MX_FATFS_Init)
    MX_GPIO_Init                             0x08001be1   Thumb Code   174  gpio.o(i.MX_GPIO_Init)
    MX_SDIO_SD_Init                          0x08001c9d   Thumb Code    22  sdio.o(i.MX_SDIO_SD_Init)
    MX_SPI1_Init                             0x08001cbd   Thumb Code    66  spi.o(i.MX_SPI1_Init)
    MX_USART1_UART_Init                      0x08001d19   Thumb Code    52  usart.o(i.MX_USART1_UART_Init)
    MemManage_Handler                        0x08001d65   Thumb Code     2  stm32f4xx_it.o(i.MemManage_Handler)
    NMI_Handler                              0x08001d67   Thumb Code     2  stm32f4xx_it.o(i.NMI_Handler)
    PendSV_Handler                           0x08001d89   Thumb Code     2  stm32f4xx_it.o(i.PendSV_Handler)
    SDIO_ConfigData                          0x08001d8b   Thumb Code    36  stm32f4xx_ll_sdmmc.o(i.SDIO_ConfigData)
    SDIO_GetPowerState                       0x08001daf   Thumb Code     8  stm32f4xx_ll_sdmmc.o(i.SDIO_GetPowerState)
    SDIO_GetResponse                         0x08001db7   Thumb Code    12  stm32f4xx_ll_sdmmc.o(i.SDIO_GetResponse)
    SDIO_Init                                0x08001dc3   Thumb Code    36  stm32f4xx_ll_sdmmc.o(i.SDIO_Init)
    SDIO_PowerState_ON                       0x08001de7   Thumb Code     8  stm32f4xx_ll_sdmmc.o(i.SDIO_PowerState_ON)
    SDIO_ReadFIFO                            0x08001def   Thumb Code     6  stm32f4xx_ll_sdmmc.o(i.SDIO_ReadFIFO)
    SDIO_SendCommand                         0x08001df5   Thumb Code    32  stm32f4xx_ll_sdmmc.o(i.SDIO_SendCommand)
    SDIO_WriteFIFO                           0x08001e15   Thumb Code    10  stm32f4xx_ll_sdmmc.o(i.SDIO_WriteFIFO)
    SDMMC_CmdAppCommand                      0x08001e1f   Thumb Code    50  stm32f4xx_ll_sdmmc.o(i.SDMMC_CmdAppCommand)
    SDMMC_CmdAppOperCommand                  0x08001e51   Thumb Code    48  stm32f4xx_ll_sdmmc.o(i.SDMMC_CmdAppOperCommand)
    SDMMC_CmdBlockLength                     0x08001e85   Thumb Code    50  stm32f4xx_ll_sdmmc.o(i.SDMMC_CmdBlockLength)
    SDMMC_CmdBusWidth                        0x08001eb7   Thumb Code    50  stm32f4xx_ll_sdmmc.o(i.SDMMC_CmdBusWidth)
    SDMMC_CmdGoIdleState                     0x08001ee9   Thumb Code    76  stm32f4xx_ll_sdmmc.o(i.SDMMC_CmdGoIdleState)
    SDMMC_CmdOperCond                        0x08001f39   Thumb Code    98  stm32f4xx_ll_sdmmc.o(i.SDMMC_CmdOperCond)
    SDMMC_CmdReadMultiBlock                  0x08001fa1   Thumb Code    50  stm32f4xx_ll_sdmmc.o(i.SDMMC_CmdReadMultiBlock)
    SDMMC_CmdReadSingleBlock                 0x08001fd3   Thumb Code    50  stm32f4xx_ll_sdmmc.o(i.SDMMC_CmdReadSingleBlock)
    SDMMC_CmdSelDesel                        0x08002005   Thumb Code    50  stm32f4xx_ll_sdmmc.o(i.SDMMC_CmdSelDesel)
    SDMMC_CmdSendCID                         0x08002037   Thumb Code    44  stm32f4xx_ll_sdmmc.o(i.SDMMC_CmdSendCID)
    SDMMC_CmdSendCSD                         0x08002063   Thumb Code    44  stm32f4xx_ll_sdmmc.o(i.SDMMC_CmdSendCSD)
    SDMMC_CmdSendSCR                         0x0800208f   Thumb Code    48  stm32f4xx_ll_sdmmc.o(i.SDMMC_CmdSendSCR)
    SDMMC_CmdSendStatus                      0x080020bf   Thumb Code    50  stm32f4xx_ll_sdmmc.o(i.SDMMC_CmdSendStatus)
    SDMMC_CmdSetRelAdd                       0x080020f1   Thumb Code    48  stm32f4xx_ll_sdmmc.o(i.SDMMC_CmdSetRelAdd)
    SDMMC_CmdStopTransfer                    0x08002121   Thumb Code    46  stm32f4xx_ll_sdmmc.o(i.SDMMC_CmdStopTransfer)
    SDMMC_CmdWriteMultiBlock                 0x08002155   Thumb Code    50  stm32f4xx_ll_sdmmc.o(i.SDMMC_CmdWriteMultiBlock)
    SDMMC_CmdWriteSingleBlock                0x08002187   Thumb Code    50  stm32f4xx_ll_sdmmc.o(i.SDMMC_CmdWriteSingleBlock)
    SD_initialize                            0x08002701   Thumb Code    28  sd_diskio.o(i.SD_initialize)
    SD_ioctl                                 0x08002721   Thumb Code    76  sd_diskio.o(i.SD_ioctl)
    SD_read                                  0x08002771   Thumb Code    38  sd_diskio.o(i.SD_read)
    SD_status                                0x08002797   Thumb Code     4  sd_diskio.o(i.SD_status)
    SD_write                                 0x0800279d   Thumb Code    38  sd_diskio.o(i.SD_write)
    SVC_Handler                              0x080028bf   Thumb Code     2  stm32f4xx_it.o(i.SVC_Handler)
    SysTick_Handler                          0x080028c1   Thumb Code    14  stm32f4xx_it.o(i.SysTick_Handler)
    SystemClock_Config                       0x080028d1   Thumb Code   150  main.o(i.SystemClock_Config)
    SystemInit                               0x08002971   Thumb Code    66  system_stm32f4xx.o(i.SystemInit)
    USER_initialize                          0x08002c71   Thumb Code    10  user_diskio.o(i.USER_initialize)
    USER_ioctl                               0x08002c81   Thumb Code    38  user_diskio.o(i.USER_ioctl)
    USER_read                                0x08002ca7   Thumb Code    46  user_diskio.o(i.USER_read)
    USER_status                              0x08002cd5   Thumb Code    10  user_diskio.o(i.USER_status)
    USER_write                               0x08002ce5   Thumb Code    52  user_diskio.o(i.USER_write)
    UsageFault_Handler                       0x08002d19   Thumb Code     2  stm32f4xx_it.o(i.UsageFault_Handler)
    W25QXX_Erase_Sector                      0x08002d1b   Thumb Code    56  w25qxx.o(i.W25QXX_Erase_Sector)
    W25QXX_Read                              0x08002d53   Thumb Code    68  w25qxx.o(i.W25QXX_Read)
    W25QXX_ReadSR                            0x08002d97   Thumb Code    28  w25qxx.o(i.W25QXX_ReadSR)
    W25QXX_Wait_Busy                         0x08002db5   Thumb Code    14  w25qxx.o(i.W25QXX_Wait_Busy)
    W25QXX_Write_Enable                      0x08002dc3   Thumb Code    20  w25qxx.o(i.W25QXX_Write_Enable)
    W25QXX_Write_NoCheck                     0x08002dd7   Thumb Code    62  w25qxx.o(i.W25QXX_Write_NoCheck)
    W25QXX_Write_Page                        0x08002e15   Thumb Code    74  w25qxx.o(i.W25QXX_Write_Page)
    _Error_Handler                           0x08002e5f   Thumb Code     2  main.o(i._Error_Handler)
    bootloader_jump_to_app                   0x08002e61   Thumb Code    24  bootloader.o(i.bootloader_jump_to_app)
    disk_initialize                          0x080033f1   Thumb Code    36  diskio.o(i.disk_initialize)
    disk_ioctl                               0x08003419   Thumb Code    24  diskio.o(i.disk_ioctl)
    disk_read                                0x08003435   Thumb Code    24  diskio.o(i.disk_read)
    disk_status                              0x08003451   Thumb Code    18  diskio.o(i.disk_status)
    disk_write                               0x08003469   Thumb Code    24  diskio.o(i.disk_write)
    f_close                                  0x08003485   Thumb Code    40  ff.o(i.f_close)
    f_mount                                  0x080034ad   Thumb Code    84  ff.o(i.f_mount)
    f_open                                   0x08003505   Thumb Code   498  ff.o(i.f_open)
    f_read                                   0x080036fd   Thumb Code   316  ff.o(i.f_read)
    f_sync                                   0x08003839   Thumb Code   108  ff.o(i.f_sync)
    f_unlink                                 0x080038a5   Thumb Code   158  ff.o(i.f_unlink)
    firmware_program                         0x08003bed   Thumb Code   278  flash.o(i.firmware_program)
    get_fattime                              0x08003e6f   Thumb Code     4  fatfs.o(i.get_fattime)
    main                                     0x08003f79   Thumb Code   134  main.o(i.main)
    _fp_init                                 0x08004361   Thumb Code    10  fpinit.o(x$fpl$fpinit)
    __fplib_config_fpu_vfp                   0x08004369   Thumb Code     0  fpinit.o(x$fpl$fpinit)
    __fplib_config_pureend_doubles           0x08004369   Thumb Code     0  fpinit.o(x$fpl$fpinit)
    SD_Driver                                0x0800436c   Data          20  sd_diskio.o(.constdata)
    AHBPrescTable                            0x08004380   Data          16  system_stm32f4xx.o(.constdata)
    APBPrescTable                            0x08004390   Data           8  system_stm32f4xx.o(.constdata)
    Region$$Table$$Base                      0x08004418   Number         0  anon$$obj.o(Region$$Table)
    Region$$Table$$Limit                     0x08004438   Number         0  anon$$obj.o(Region$$Table)
    VolToPart                                0x20000001   Data           4  fatfs.o(.data)
    retSD                                    0x20000005   Data           1  fatfs.o(.data)
    retUSER                                  0x20000006   Data           1  fatfs.o(.data)
    SDPath                                   0x20000007   Data           4  fatfs.o(.data)
    USERPath                                 0x2000000b   Data           4  fatfs.o(.data)
    USER_Driver                              0x20000010   Data          20  user_diskio.o(.data)
    uwTickFreq                               0x20000024   Data           1  stm32f4xx_hal.o(.data)
    uwTickPrio                               0x20000028   Data           4  stm32f4xx_hal.o(.data)
    uwTick                                   0x2000002c   Data           4  stm32f4xx_hal.o(.data)
    SystemCoreClock                          0x20000030   Data           4  system_stm32f4xx.o(.data)
    SDFatFS                                  0x20000040   Data        4148  fatfs.o(.bss)
    USERFatFS                                0x20001074   Data        4148  fatfs.o(.bss)
    hsd                                      0x200020a8   Data         132  sdio.o(.bss)
    hspi1                                    0x2000212c   Data          88  spi.o(.bss)
    huart1                                   0x20002184   Data          64  usart.o(.bss)
    pFlash                                   0x200021c4   Data          32  stm32f4xx_hal_flash.o(.bss)
    disk                                     0x20002204   Data          16  ff_gen_drv.o(.bss)
    __libspace_start                         0x20002214   Data          96  libspace.o(.bss)
    __temporary_stack_top$libspace           0x20002274   Data           0  libspace.o(.bss)



==============================================================================

Memory Map of the image

  Image Entry point : 0x08000189

  Load Region LR_IROM1 (Base: 0x08000000, Size: 0x00004478, Max: 0x00008000, ABSOLUTE)

    Execution Region ER_IROM1 (Exec base: 0x08000000, Load base: 0x08000000, Size: 0x00004438, Max: 0x00008000, ABSOLUTE)

    Exec Addr    Load Addr    Size         Type   Attr      Idx    E Section Name        Object

    0x08000000   0x08000000   0x00000188   Data   RO            3    RESET               startup_stm32f407xx.o
    0x08000188   0x08000188   0x00000008   Code   RO         3616  * !!!main             c_w.l(__main.o)
    0x08000190   0x08000190   0x00000034   Code   RO         3783    !!!scatter          c_w.l(__scatter.o)
    0x080001c4   0x080001c4   0x0000001a   Code   RO         3785    !!handler_copy      c_w.l(__scatter_copy.o)
    0x080001de   0x080001de   0x00000002   PAD
    0x080001e0   0x080001e0   0x0000001c   Code   RO         3787    !!handler_zi        c_w.l(__scatter_zi.o)
    0x080001fc   0x080001fc   0x00000002   Code   RO         3653    .ARM.Collect$$libinit$$00000000  c_w.l(libinit.o)
    0x080001fe   0x080001fe   0x00000004   Code   RO         3665    .ARM.Collect$$libinit$$00000001  c_w.l(libinit2.o)
    0x08000202   0x08000202   0x00000000   Code   RO         3668    .ARM.Collect$$libinit$$00000004  c_w.l(libinit2.o)
    0x08000202   0x08000202   0x00000000   Code   RO         3671    .ARM.Collect$$libinit$$0000000A  c_w.l(libinit2.o)
    0x08000202   0x08000202   0x00000000   Code   RO         3673    .ARM.Collect$$libinit$$0000000C  c_w.l(libinit2.o)
    0x08000202   0x08000202   0x00000000   Code   RO         3675    .ARM.Collect$$libinit$$0000000E  c_w.l(libinit2.o)
    0x08000202   0x08000202   0x00000000   Code   RO         3678    .ARM.Collect$$libinit$$00000011  c_w.l(libinit2.o)
    0x08000202   0x08000202   0x00000000   Code   RO         3680    .ARM.Collect$$libinit$$00000013  c_w.l(libinit2.o)
    0x08000202   0x08000202   0x00000000   Code   RO         3682    .ARM.Collect$$libinit$$00000015  c_w.l(libinit2.o)
    0x08000202   0x08000202   0x00000000   Code   RO         3684    .ARM.Collect$$libinit$$00000017  c_w.l(libinit2.o)
    0x08000202   0x08000202   0x00000000   Code   RO         3686    .ARM.Collect$$libinit$$00000019  c_w.l(libinit2.o)
    0x08000202   0x08000202   0x00000000   Code   RO         3688    .ARM.Collect$$libinit$$0000001B  c_w.l(libinit2.o)
    0x08000202   0x08000202   0x00000000   Code   RO         3690    .ARM.Collect$$libinit$$0000001D  c_w.l(libinit2.o)
    0x08000202   0x08000202   0x00000000   Code   RO         3692    .ARM.Collect$$libinit$$0000001F  c_w.l(libinit2.o)
    0x08000202   0x08000202   0x00000000   Code   RO         3694    .ARM.Collect$$libinit$$00000021  c_w.l(libinit2.o)
    0x08000202   0x08000202   0x00000000   Code   RO         3696    .ARM.Collect$$libinit$$00000023  c_w.l(libinit2.o)
    0x08000202   0x08000202   0x00000000   Code   RO         3698    .ARM.Collect$$libinit$$00000025  c_w.l(libinit2.o)
    0x08000202   0x08000202   0x00000000   Code   RO         3702    .ARM.Collect$$libinit$$0000002C  c_w.l(libinit2.o)
    0x08000202   0x08000202   0x00000000   Code   RO         3704    .ARM.Collect$$libinit$$0000002E  c_w.l(libinit2.o)
    0x08000202   0x08000202   0x00000000   Code   RO         3706    .ARM.Collect$$libinit$$00000030  c_w.l(libinit2.o)
    0x08000202   0x08000202   0x00000000   Code   RO         3708    .ARM.Collect$$libinit$$00000032  c_w.l(libinit2.o)
    0x08000202   0x08000202   0x00000002   Code   RO         3709    .ARM.Collect$$libinit$$00000033  c_w.l(libinit2.o)
    0x08000204   0x08000204   0x00000002   Code   RO         3740    .ARM.Collect$$libshutdown$$00000000  c_w.l(libshutdown.o)
    0x08000206   0x08000206   0x00000000   Code   RO         3766    .ARM.Collect$$libshutdown$$00000002  c_w.l(libshutdown2.o)
    0x08000206   0x08000206   0x00000000   Code   RO         3768    .ARM.Collect$$libshutdown$$00000004  c_w.l(libshutdown2.o)
    0x08000206   0x08000206   0x00000000   Code   RO         3771    .ARM.Collect$$libshutdown$$00000007  c_w.l(libshutdown2.o)
    0x08000206   0x08000206   0x00000000   Code   RO         3774    .ARM.Collect$$libshutdown$$0000000A  c_w.l(libshutdown2.o)
    0x08000206   0x08000206   0x00000000   Code   RO         3776    .ARM.Collect$$libshutdown$$0000000C  c_w.l(libshutdown2.o)
    0x08000206   0x08000206   0x00000000   Code   RO         3779    .ARM.Collect$$libshutdown$$0000000F  c_w.l(libshutdown2.o)
    0x08000206   0x08000206   0x00000002   Code   RO         3780    .ARM.Collect$$libshutdown$$00000010  c_w.l(libshutdown2.o)
    0x08000208   0x08000208   0x00000000   Code   RO         3618    .ARM.Collect$$rtentry$$00000000  c_w.l(__rtentry.o)
    0x08000208   0x08000208   0x00000000   Code   RO         3624    .ARM.Collect$$rtentry$$00000002  c_w.l(__rtentry2.o)
    0x08000208   0x08000208   0x00000006   Code   RO         3636    .ARM.Collect$$rtentry$$00000004  c_w.l(__rtentry4.o)
    0x0800020e   0x0800020e   0x00000000   Code   RO         3626    .ARM.Collect$$rtentry$$00000009  c_w.l(__rtentry2.o)
    0x0800020e   0x0800020e   0x00000004   Code   RO         3627    .ARM.Collect$$rtentry$$0000000A  c_w.l(__rtentry2.o)
    0x08000212   0x08000212   0x00000000   Code   RO         3629    .ARM.Collect$$rtentry$$0000000C  c_w.l(__rtentry2.o)
    0x08000212   0x08000212   0x00000008   Code   RO         3630    .ARM.Collect$$rtentry$$0000000D  c_w.l(__rtentry2.o)
    0x0800021a   0x0800021a   0x00000002   Code   RO         3657    .ARM.Collect$$rtexit$$00000000  c_w.l(rtexit.o)
    0x0800021c   0x0800021c   0x00000000   Code   RO         3713    .ARM.Collect$$rtexit$$00000002  c_w.l(rtexit2.o)
    0x0800021c   0x0800021c   0x00000004   Code   RO         3714    .ARM.Collect$$rtexit$$00000003  c_w.l(rtexit2.o)
    0x08000220   0x08000220   0x00000006   Code   RO         3715    .ARM.Collect$$rtexit$$00000004  c_w.l(rtexit2.o)
    0x08000226   0x08000226   0x00000002   PAD
    0x08000228   0x08000228   0x00000006   Code   RO         3438    .emb_text           bootloader.o
    0x0800022e   0x0800022e   0x00000002   PAD
    0x08000230   0x08000230   0x00000040   Code   RO            4    .text               startup_stm32f407xx.o
    0x08000270   0x08000270   0x000000ee   Code   RO         3612    .text               c_w.l(lludivv7m.o)
    0x0800035e   0x0800035e   0x00000006   Code   RO         3614    .text               c_w.l(heapauxi.o)
    0x08000364   0x08000364   0x0000004a   Code   RO         3640    .text               c_w.l(sys_stackheap_outer.o)
    0x080003ae   0x080003ae   0x00000012   Code   RO         3642    .text               c_w.l(exit.o)
    0x080003c0   0x080003c0   0x00000008   Code   RO         3654    .text               c_w.l(libspace.o)
    0x080003c8   0x080003c8   0x0000000c   Code   RO         3710    .text               c_w.l(sys_exit.o)
    0x080003d4   0x080003d4   0x00000002   Code   RO         3729    .text               c_w.l(use_no_semi.o)
    0x080003d6   0x080003d6   0x00000000   Code   RO         3731    .text               c_w.l(indicate_semi.o)
    0x080003d6   0x080003d6   0x00000002   PAD
    0x080003d8   0x080003d8   0x0000000c   Code   RO          231    i.BSP_SD_GetCardInfo  bsp_driver_sd.o
    0x080003e4   0x080003e4   0x00000018   Code   RO          232    i.BSP_SD_GetCardState  bsp_driver_sd.o
    0x080003fc   0x080003fc   0x00000034   Code   RO          235    i.BSP_SD_Init       bsp_driver_sd.o
    0x08000430   0x08000430   0x00000020   Code   RO          237    i.BSP_SD_ReadBlocks  bsp_driver_sd.o
    0x08000450   0x08000450   0x00000020   Code   RO          240    i.BSP_SD_WriteBlocks  bsp_driver_sd.o
    0x08000470   0x08000470   0x00000002   Code   RO          664    i.BusFault_Handler  stm32f4xx_it.o
    0x08000472   0x08000472   0x00000002   Code   RO          665    i.DebugMon_Handler  stm32f4xx_it.o
    0x08000474   0x08000474   0x00000006   Code   RO         3388    i.FATFS_LinkDriver  ff_gen_drv.o
    0x0800047a   0x0800047a   0x00000002   PAD
    0x0800047c   0x0800047c   0x00000040   Code   RO         3389    i.FATFS_LinkDriverEx  ff_gen_drv.o
    0x080004bc   0x080004bc   0x00000050   Code   RO         2215    i.FLASH_Erase_Sector  stm32f4xx_hal_flash_ex.o
    0x0800050c   0x0800050c   0x00000054   Code   RO         2216    i.FLASH_FlushCaches  stm32f4xx_hal_flash_ex.o
    0x08000560   0x08000560   0x00000028   Code   RO         2217    i.FLASH_MassErase   stm32f4xx_hal_flash_ex.o
    0x08000588   0x08000588   0x00000020   Code   RO         2097    i.FLASH_Program_Byte  stm32f4xx_hal_flash.o
    0x080005a8   0x080005a8   0x00000028   Code   RO         2098    i.FLASH_Program_DoubleWord  stm32f4xx_hal_flash.o
    0x080005d0   0x080005d0   0x00000024   Code   RO         2099    i.FLASH_Program_HalfWord  stm32f4xx_hal_flash.o
    0x080005f4   0x080005f4   0x00000024   Code   RO         2100    i.FLASH_Program_Word  stm32f4xx_hal_flash.o
    0x08000618   0x08000618   0x00000068   Code   RO         2101    i.FLASH_SetErrorCode  stm32f4xx_hal_flash.o
    0x08000680   0x08000680   0x00000050   Code   RO         2102    i.FLASH_WaitForLastOperation  stm32f4xx_hal_flash.o
    0x080006d0   0x080006d0   0x000000bc   Code   RO         3466    i.GetSector         flash.o
    0x0800078c   0x0800078c   0x00000024   Code   RO         2822    i.HAL_Delay         stm32f4xx_hal.o
    0x080007b0   0x080007b0   0x00000098   Code   RO         2218    i.HAL_FLASHEx_Erase  stm32f4xx_hal_flash_ex.o
    0x08000848   0x08000848   0x00000014   Code   RO         2106    i.HAL_FLASH_Lock    stm32f4xx_hal_flash.o
    0x0800085c   0x0800085c   0x0000007c   Code   RO         2111    i.HAL_FLASH_Program  stm32f4xx_hal_flash.o
    0x080008d8   0x080008d8   0x0000002c   Code   RO         2113    i.HAL_FLASH_Unlock  stm32f4xx_hal_flash.o
    0x08000904   0x08000904   0x000001b0   Code   RO         2296    i.HAL_GPIO_Init     stm32f4xx_hal_gpio.o
    0x08000ab4   0x08000ab4   0x00000008   Code   RO         2299    i.HAL_GPIO_TogglePin  stm32f4xx_hal_gpio.o
    0x08000abc   0x08000abc   0x0000000a   Code   RO         2300    i.HAL_GPIO_WritePin  stm32f4xx_hal_gpio.o
    0x08000ac6   0x08000ac6   0x00000002   PAD
    0x08000ac8   0x08000ac8   0x0000000c   Code   RO         2828    i.HAL_GetTick       stm32f4xx_hal.o
    0x08000ad4   0x08000ad4   0x00000010   Code   RO         2832    i.HAL_IncTick       stm32f4xx_hal.o
    0x08000ae4   0x08000ae4   0x00000034   Code   RO         2833    i.HAL_Init          stm32f4xx_hal.o
    0x08000b18   0x08000b18   0x00000040   Code   RO         2834    i.HAL_InitTick      stm32f4xx_hal.o
    0x08000b58   0x08000b58   0x00000084   Code   RO          739    i.HAL_MspInit       stm32f4xx_hal_msp.o
    0x08000bdc   0x08000bdc   0x00000040   Code   RO         2691    i.HAL_NVIC_SetPriority  stm32f4xx_hal_cortex.o
    0x08000c1c   0x08000c1c   0x00000024   Code   RO         2692    i.HAL_NVIC_SetPriorityGrouping  stm32f4xx_hal_cortex.o
    0x08000c40   0x08000c40   0x00000130   Code   RO         1942    i.HAL_RCC_ClockConfig  stm32f4xx_hal_rcc.o
    0x08000d70   0x08000d70   0x0000000c   Code   RO         1947    i.HAL_RCC_GetHCLKFreq  stm32f4xx_hal_rcc.o
    0x08000d7c   0x08000d7c   0x00000020   Code   RO         1949    i.HAL_RCC_GetPCLK1Freq  stm32f4xx_hal_rcc.o
    0x08000d9c   0x08000d9c   0x00000020   Code   RO         1950    i.HAL_RCC_GetPCLK2Freq  stm32f4xx_hal_rcc.o
    0x08000dbc   0x08000dbc   0x00000060   Code   RO         1951    i.HAL_RCC_GetSysClockFreq  stm32f4xx_hal_rcc.o
    0x08000e1c   0x08000e1c   0x0000031c   Code   RO         1954    i.HAL_RCC_OscConfig  stm32f4xx_hal_rcc.o
    0x08001138   0x08001138   0x00000078   Code   RO         1030    i.HAL_SD_ConfigWideBusOperation  stm32f4xx_hal_sd.o
    0x080011b0   0x080011b0   0x000001da   Code   RO         1035    i.HAL_SD_GetCardCSD  stm32f4xx_hal_sd.o
    0x0800138a   0x0800138a   0x00000024   Code   RO         1036    i.HAL_SD_GetCardInfo  stm32f4xx_hal_sd.o
    0x080013ae   0x080013ae   0x0000002c   Code   RO         1037    i.HAL_SD_GetCardState  stm32f4xx_hal_sd.o
    0x080013da   0x080013da   0x00000036   Code   RO         1042    i.HAL_SD_Init       stm32f4xx_hal_sd.o
    0x08001410   0x08001410   0x00000054   Code   RO         1043    i.HAL_SD_InitCard   stm32f4xx_hal_sd.o
    0x08001464   0x08001464   0x00000064   Code   RO          539    i.HAL_SD_MspInit    sdio.o
    0x080014c8   0x080014c8   0x000001b2   Code   RO         1046    i.HAL_SD_ReadBlocks  stm32f4xx_hal_sd.o
    0x0800167a   0x0800167a   0x00000002   PAD
    0x0800167c   0x0800167c   0x0000019a   Code   RO         1051    i.HAL_SD_WriteBlocks  stm32f4xx_hal_sd.o
    0x08001816   0x08001816   0x00000080   Code   RO         1273    i.HAL_SPI_Init      stm32f4xx_hal_spi.o
    0x08001896   0x08001896   0x00000002   PAD
    0x08001898   0x08001898   0x0000004c   Code   RO          581    i.HAL_SPI_MspInit   spi.o
    0x080018e4   0x080018e4   0x000001d8   Code   RO         1282    i.HAL_SPI_TransmitReceive  stm32f4xx_hal_spi.o
    0x08001abc   0x08001abc   0x00000018   Code   RO         2694    i.HAL_SYSTICK_CLKSourceConfig  stm32f4xx_hal_cortex.o
    0x08001ad4   0x08001ad4   0x00000002   Code   RO         2695    i.HAL_SYSTICK_Callback  stm32f4xx_hal_cortex.o
    0x08001ad6   0x08001ad6   0x00000028   Code   RO         2696    i.HAL_SYSTICK_Config  stm32f4xx_hal_cortex.o
    0x08001afe   0x08001afe   0x00000008   Code   RO         2697    i.HAL_SYSTICK_IRQHandler  stm32f4xx_hal_cortex.o
    0x08001b06   0x08001b06   0x00000062   Code   RO         1640    i.HAL_UART_Init     stm32f4xx_hal_uart.o
    0x08001b68   0x08001b68   0x0000004c   Code   RO          623    i.HAL_UART_MspInit  usart.o
    0x08001bb4   0x08001bb4   0x00000002   Code   RO          666    i.HardFault_Handler  stm32f4xx_it.o
    0x08001bb6   0x08001bb6   0x00000002   PAD
    0x08001bb8   0x08001bb8   0x00000028   Code   RO          429    i.MX_FATFS_Init     fatfs.o
    0x08001be0   0x08001be0   0x000000bc   Code   RO          201    i.MX_GPIO_Init      gpio.o
    0x08001c9c   0x08001c9c   0x00000020   Code   RO          540    i.MX_SDIO_SD_Init   sdio.o
    0x08001cbc   0x08001cbc   0x0000005c   Code   RO          582    i.MX_SPI1_Init      spi.o
    0x08001d18   0x08001d18   0x0000004c   Code   RO          624    i.MX_USART1_UART_Init  usart.o
    0x08001d64   0x08001d64   0x00000002   Code   RO          667    i.MemManage_Handler  stm32f4xx_it.o
    0x08001d66   0x08001d66   0x00000002   Code   RO          668    i.NMI_Handler       stm32f4xx_it.o
    0x08001d68   0x08001d68   0x00000020   Code   RO         2698    i.NVIC_SetPriority  stm32f4xx_hal_cortex.o
    0x08001d88   0x08001d88   0x00000002   Code   RO          669    i.PendSV_Handler    stm32f4xx_it.o
    0x08001d8a   0x08001d8a   0x00000024   Code   RO          763    i.SDIO_ConfigData   stm32f4xx_ll_sdmmc.o
    0x08001dae   0x08001dae   0x00000008   Code   RO          767    i.SDIO_GetPowerState  stm32f4xx_ll_sdmmc.o
    0x08001db6   0x08001db6   0x0000000c   Code   RO          768    i.SDIO_GetResponse  stm32f4xx_ll_sdmmc.o
    0x08001dc2   0x08001dc2   0x00000024   Code   RO          769    i.SDIO_Init         stm32f4xx_ll_sdmmc.o
    0x08001de6   0x08001de6   0x00000008   Code   RO          771    i.SDIO_PowerState_ON  stm32f4xx_ll_sdmmc.o
    0x08001dee   0x08001dee   0x00000006   Code   RO          772    i.SDIO_ReadFIFO     stm32f4xx_ll_sdmmc.o
    0x08001df4   0x08001df4   0x00000020   Code   RO          773    i.SDIO_SendCommand  stm32f4xx_ll_sdmmc.o
    0x08001e14   0x08001e14   0x0000000a   Code   RO          775    i.SDIO_WriteFIFO    stm32f4xx_ll_sdmmc.o
    0x08001e1e   0x08001e1e   0x00000032   Code   RO          776    i.SDMMC_CmdAppCommand  stm32f4xx_ll_sdmmc.o
    0x08001e50   0x08001e50   0x00000034   Code   RO          777    i.SDMMC_CmdAppOperCommand  stm32f4xx_ll_sdmmc.o
    0x08001e84   0x08001e84   0x00000032   Code   RO          778    i.SDMMC_CmdBlockLength  stm32f4xx_ll_sdmmc.o
    0x08001eb6   0x08001eb6   0x00000032   Code   RO          779    i.SDMMC_CmdBusWidth  stm32f4xx_ll_sdmmc.o
    0x08001ee8   0x08001ee8   0x00000050   Code   RO          783    i.SDMMC_CmdGoIdleState  stm32f4xx_ll_sdmmc.o
    0x08001f38   0x08001f38   0x00000068   Code   RO          785    i.SDMMC_CmdOperCond  stm32f4xx_ll_sdmmc.o
    0x08001fa0   0x08001fa0   0x00000032   Code   RO          786    i.SDMMC_CmdReadMultiBlock  stm32f4xx_ll_sdmmc.o
    0x08001fd2   0x08001fd2   0x00000032   Code   RO          787    i.SDMMC_CmdReadSingleBlock  stm32f4xx_ll_sdmmc.o
    0x08002004   0x08002004   0x00000032   Code   RO          790    i.SDMMC_CmdSelDesel  stm32f4xx_ll_sdmmc.o
    0x08002036   0x08002036   0x0000002c   Code   RO          791    i.SDMMC_CmdSendCID  stm32f4xx_ll_sdmmc.o
    0x08002062   0x08002062   0x0000002c   Code   RO          792    i.SDMMC_CmdSendCSD  stm32f4xx_ll_sdmmc.o
    0x0800208e   0x0800208e   0x00000030   Code   RO          793    i.SDMMC_CmdSendSCR  stm32f4xx_ll_sdmmc.o
    0x080020be   0x080020be   0x00000032   Code   RO          794    i.SDMMC_CmdSendStatus  stm32f4xx_ll_sdmmc.o
    0x080020f0   0x080020f0   0x00000030   Code   RO          795    i.SDMMC_CmdSetRelAdd  stm32f4xx_ll_sdmmc.o
    0x08002120   0x08002120   0x00000034   Code   RO          797    i.SDMMC_CmdStopTransfer  stm32f4xx_ll_sdmmc.o
    0x08002154   0x08002154   0x00000032   Code   RO          799    i.SDMMC_CmdWriteMultiBlock  stm32f4xx_ll_sdmmc.o
    0x08002186   0x08002186   0x00000032   Code   RO          800    i.SDMMC_CmdWriteSingleBlock  stm32f4xx_ll_sdmmc.o
    0x080021b8   0x080021b8   0x0000011c   Code   RO          801    i.SDMMC_GetCmdResp1  stm32f4xx_ll_sdmmc.o
    0x080022d4   0x080022d4   0x00000050   Code   RO          802    i.SDMMC_GetCmdResp2  stm32f4xx_ll_sdmmc.o
    0x08002324   0x08002324   0x00000040   Code   RO          803    i.SDMMC_GetCmdResp3  stm32f4xx_ll_sdmmc.o
    0x08002364   0x08002364   0x00000084   Code   RO          804    i.SDMMC_GetCmdResp6  stm32f4xx_ll_sdmmc.o
    0x080023e8   0x080023e8   0x00000020   Code   RO          369    i.SD_CheckStatus    sd_diskio.o
    0x08002408   0x08002408   0x000000d4   Code   RO         1059    i.SD_FindSCR        stm32f4xx_hal_sd.o
    0x080024dc   0x080024dc   0x000000e6   Code   RO         1060    i.SD_InitCard       stm32f4xx_hal_sd.o
    0x080025c2   0x080025c2   0x000000a2   Code   RO         1061    i.SD_PowerON        stm32f4xx_hal_sd.o
    0x08002664   0x08002664   0x0000004e   Code   RO         1063    i.SD_WideBus_Disable  stm32f4xx_hal_sd.o
    0x080026b2   0x080026b2   0x0000004e   Code   RO         1064    i.SD_WideBus_Enable  stm32f4xx_hal_sd.o
    0x08002700   0x08002700   0x00000020   Code   RO          370    i.SD_initialize     sd_diskio.o
    0x08002720   0x08002720   0x00000050   Code   RO          371    i.SD_ioctl          sd_diskio.o
    0x08002770   0x08002770   0x00000026   Code   RO          372    i.SD_read           sd_diskio.o
    0x08002796   0x08002796   0x00000004   Code   RO          373    i.SD_status         sd_diskio.o
    0x0800279a   0x0800279a   0x00000002   PAD
    0x0800279c   0x0800279c   0x00000026   Code   RO          374    i.SD_write          sd_diskio.o
    0x080027c2   0x080027c2   0x00000002   PAD
    0x080027c4   0x080027c4   0x00000010   Code   RO         3496    i.SPI_CS_High       w25qxx.o
    0x080027d4   0x080027d4   0x00000010   Code   RO         3497    i.SPI_CS_Low        w25qxx.o
    0x080027e4   0x080027e4   0x00000020   Code   RO         1297    i.SPI_CheckFlag_BSY  stm32f4xx_hal_spi.o
    0x08002804   0x08002804   0x00000024   Code   RO         3498    i.SPI_ReadWriteByte  w25qxx.o
    0x08002828   0x08002828   0x00000096   Code   RO         1315    i.SPI_WaitFlagStateUntilTimeout  stm32f4xx_hal_spi.o
    0x080028be   0x080028be   0x00000002   Code   RO          670    i.SVC_Handler       stm32f4xx_it.o
    0x080028c0   0x080028c0   0x0000000e   Code   RO          671    i.SysTick_Handler   stm32f4xx_it.o
    0x080028ce   0x080028ce   0x00000002   PAD
    0x080028d0   0x080028d0   0x000000a0   Code   RO           13    i.SystemClock_Config  main.o
    0x08002970   0x08002970   0x00000054   Code   RO         2987    i.SystemInit        system_stm32f4xx.o
    0x080029c4   0x080029c4   0x000002ac   Code   RO         1666    i.UART_SetConfig    stm32f4xx_hal_uart.o
    0x08002c70   0x08002c70   0x00000010   Code   RO          473    i.USER_initialize   user_diskio.o
    0x08002c80   0x08002c80   0x00000026   Code   RO          474    i.USER_ioctl        user_diskio.o
    0x08002ca6   0x08002ca6   0x0000002e   Code   RO          475    i.USER_read         user_diskio.o
    0x08002cd4   0x08002cd4   0x00000010   Code   RO          476    i.USER_status       user_diskio.o
    0x08002ce4   0x08002ce4   0x00000034   Code   RO          477    i.USER_write        user_diskio.o
    0x08002d18   0x08002d18   0x00000002   Code   RO          672    i.UsageFault_Handler  stm32f4xx_it.o
    0x08002d1a   0x08002d1a   0x00000038   Code   RO         3500    i.W25QXX_Erase_Sector  w25qxx.o
    0x08002d52   0x08002d52   0x00000044   Code   RO         3502    i.W25QXX_Read       w25qxx.o
    0x08002d96   0x08002d96   0x0000001c   Code   RO         3504    i.W25QXX_ReadSR     w25qxx.o
    0x08002db2   0x08002db2   0x00000002   PAD
    0x08002db4   0x08002db4   0x0000000e   Code   RO         3506    i.W25QXX_Wait_Busy  w25qxx.o
    0x08002dc2   0x08002dc2   0x00000014   Code   RO         3509    i.W25QXX_Write_Enable  w25qxx.o
    0x08002dd6   0x08002dd6   0x0000003e   Code   RO         3510    i.W25QXX_Write_NoCheck  w25qxx.o
    0x08002e14   0x08002e14   0x0000004a   Code   RO         3511    i.W25QXX_Write_Page  w25qxx.o
    0x08002e5e   0x08002e5e   0x00000002   Code   RO           14    i._Error_Handler    main.o
    0x08002e60   0x08002e60   0x00000020   Code   RO         3439    i.bootloader_jump_to_app  bootloader.o
    0x08002e80   0x08002e80   0x00000070   Code   RO         3104    i.check_fs          ff.o
    0x08002ef0   0x08002ef0   0x0000005c   Code   RO         3105    i.chk_lock          ff.o
    0x08002f4c   0x08002f4c   0x00000020   Code   RO         3106    i.clear_lock        ff.o
    0x08002f6c   0x08002f6c   0x00000018   Code   RO         3107    i.clust2sect        ff.o
    0x08002f84   0x08002f84   0x000000a4   Code   RO         3108    i.create_chain      ff.o
    0x08003028   0x08003028   0x000000bc   Code   RO         3109    i.create_name       ff.o
    0x080030e4   0x080030e4   0x00000034   Code   RO         3110    i.dec_lock          ff.o
    0x08003118   0x08003118   0x00000064   Code   RO         3111    i.dir_find          ff.o
    0x0800317c   0x0800317c   0x00000102   Code   RO         3112    i.dir_next          ff.o
    0x0800327e   0x0800327e   0x00000060   Code   RO         3113    i.dir_read          ff.o
    0x080032de   0x080032de   0x00000066   Code   RO         3114    i.dir_register      ff.o
    0x08003344   0x08003344   0x0000001e   Code   RO         3115    i.dir_remove        ff.o
    0x08003362   0x08003362   0x0000008e   Code   RO         3116    i.dir_sdi           ff.o
    0x080033f0   0x080033f0   0x00000028   Code   RO         3049    i.disk_initialize   diskio.o
    0x08003418   0x08003418   0x0000001c   Code   RO         3050    i.disk_ioctl        diskio.o
    0x08003434   0x08003434   0x0000001c   Code   RO         3051    i.disk_read         diskio.o
    0x08003450   0x08003450   0x00000018   Code   RO         3052    i.disk_status       diskio.o
    0x08003468   0x08003468   0x0000001c   Code   RO         3053    i.disk_write        diskio.o
    0x08003484   0x08003484   0x00000028   Code   RO         3117    i.f_close           ff.o
    0x080034ac   0x080034ac   0x00000058   Code   RO         3122    i.f_mount           ff.o
    0x08003504   0x08003504   0x000001f8   Code   RO         3123    i.f_open            ff.o
    0x080036fc   0x080036fc   0x0000013c   Code   RO         3125    i.f_read            ff.o
    0x08003838   0x08003838   0x0000006c   Code   RO         3129    i.f_sync            ff.o
    0x080038a4   0x080038a4   0x0000009e   Code   RO         3131    i.f_unlink          ff.o
    0x08003942   0x08003942   0x00000002   PAD
    0x08003944   0x08003944   0x000002a8   Code   RO         3133    i.find_volume       ff.o
    0x08003bec   0x08003bec   0x00000120   Code   RO         3467    i.firmware_program  flash.o
    0x08003d0c   0x08003d0c   0x0000007a   Code   RO         3134    i.follow_path       ff.o
    0x08003d86   0x08003d86   0x000000e8   Code   RO         3135    i.get_fat           ff.o
    0x08003e6e   0x08003e6e   0x00000004   Code   RO          430    i.get_fattime       fatfs.o
    0x08003e72   0x08003e72   0x0000003c   Code   RO         3137    i.get_ldnumber      ff.o
    0x08003eae   0x08003eae   0x00000002   PAD
    0x08003eb0   0x08003eb0   0x00000080   Code   RO         3138    i.inc_lock          ff.o
    0x08003f30   0x08003f30   0x00000026   Code   RO         3139    i.ld_clust          ff.o
    0x08003f56   0x08003f56   0x00000016   Code   RO         3140    i.ld_dword          ff.o
    0x08003f6c   0x08003f6c   0x0000000a   Code   RO         3141    i.ld_word           ff.o
    0x08003f76   0x08003f76   0x00000002   PAD
    0x08003f78   0x08003f78   0x000000b0   Code   RO           15    i.main              main.o
    0x08004028   0x08004028   0x00000012   Code   RO         3142    i.mem_cpy           ff.o
    0x0800403a   0x0800403a   0x00000002   PAD
    0x0800403c   0x0800403c   0x0000000e   Code   RO         3143    i.mem_set           ff.o
    0x0800404a   0x0800404a   0x00000032   Code   RO         3144    i.move_window       ff.o
    0x0800407c   0x0800407c   0x00000124   Code   RO         3145    i.put_fat           ff.o
    0x080041a0   0x080041a0   0x00000074   Code   RO         3146    i.remove_chain      ff.o
    0x08004214   0x08004214   0x00000028   Code   RO         3147    i.st_clust          ff.o
    0x0800423c   0x0800423c   0x00000010   Code   RO         3148    i.st_dword          ff.o
    0x0800424c   0x0800424c   0x00000008   Code   RO         3149    i.st_word           ff.o
    0x08004254   0x08004254   0x00000088   Code   RO         3150    i.sync_fs           ff.o
    0x080042dc   0x080042dc   0x00000052   Code   RO         3151    i.sync_window       ff.o
    0x0800432e   0x0800432e   0x00000032   Code   RO         3152    i.validate          ff.o
    0x08004360   0x08004360   0x0000000a   Code   RO         3725    x$fpl$fpinit        fz_wm.l(fpinit.o)
    0x0800436a   0x0800436a   0x00000002   PAD
    0x0800436c   0x0800436c   0x00000014   Data   RO          375    .constdata          sd_diskio.o
    0x08004380   0x08004380   0x00000010   Data   RO         2988    .constdata          system_stm32f4xx.o
    0x08004390   0x08004390   0x00000008   Data   RO         2989    .constdata          system_stm32f4xx.o
    0x08004398   0x08004398   0x00000080   Data   RO         3154    .constdata          ff.o
    0x08004418   0x08004418   0x00000020   Data   RO         3781    Region$$Table       anon$$obj.o


    Execution Region RW_IRAM1 (Exec base: 0x20000000, Load base: 0x08004438, Size: 0x00003478, Max: 0x00020000, ABSOLUTE)

    Exec Addr    Load Addr    Size         Type   Attr      Idx    E Section Name        Object

    0x20000000   0x08004438   0x00000001   Data   RW          376    .data               sd_diskio.o
    0x20000001   0x08004439   0x00000004   Data   RW          435    .data               fatfs.o
    0x20000005   0x0800443d   0x0000000a   Data   RW          436    .data               fatfs.o
    0x2000000f   0x08004447   0x00000001   Data   RW          478    .data               user_diskio.o
    0x20000010   0x08004448   0x00000014   Data   RW          479    .data               user_diskio.o
    0x20000024   0x0800445c   0x0000000c   Data   RW         2840    .data               stm32f4xx_hal.o
    0x20000030   0x08004468   0x00000004   Data   RW         2990    .data               system_stm32f4xx.o
    0x20000034   0x0800446c   0x0000000c   Data   RW         3155    .data               ff.o
    0x20000040        -       0x00001034   Zero   RW          431    .bss                fatfs.o
    0x20001074        -       0x00001034   Zero   RW          433    .bss                fatfs.o
    0x200020a8        -       0x00000084   Zero   RW          541    .bss                sdio.o
    0x2000212c        -       0x00000058   Zero   RW          583    .bss                spi.o
    0x20002184        -       0x00000040   Zero   RW          625    .bss                usart.o
    0x200021c4        -       0x00000020   Zero   RW         2114    .bss                stm32f4xx_hal_flash.o
    0x200021e4        -       0x00000020   Zero   RW         3153    .bss                ff.o
    0x20002204        -       0x00000010   Zero   RW         3392    .bss                ff_gen_drv.o
    0x20002214        -       0x00000060   Zero   RW         3655    .bss                c_w.l(libspace.o)
    0x20002274   0x08004478   0x00000004   PAD
    0x20002278        -       0x00000200   Zero   RW            2    HEAP                startup_stm32f407xx.o
    0x20002478        -       0x00001000   Zero   RW            1    STACK               startup_stm32f407xx.o


==============================================================================

Image component sizes


      Code (inc. data)   RO Data    RW Data    ZI Data      Debug   Object Name

        38          8          0          0          0       1005   bootloader.o
       152         24          0          0          0       3770   bsp_driver_sd.o
       148         22          0          0          0       3985   diskio.o
        44         12          0         14       8296       4122   fatfs.o
      4720         86        128         12         32      37506   ff.o
        70          4          0          0         16       1759   ff_gen_drv.o
       476         52          0          0          0       2359   flash.o
       188         14          0          0          0       1111   gpio.o
       338         52          0          0          0     695873   main.o
       224         14         20          1          0       4700   sd_diskio.o
       132         26          0          0        132       1725   sdio.o
       168         40          0          0         88       1777   spi.o
        64         26        392          0       4608        880   startup_stm32f407xx.o
       180         28          0         12          0       4869   stm32f4xx_hal.o
       206         14          0          0          0      31808   stm32f4xx_hal_cortex.o
       516         66          0          0         32       7046   stm32f4xx_hal_flash.o
       356         24          0          0          0       4210   stm32f4xx_hal_flash_ex.o
       450         44          0          0          0       3205   stm32f4xx_hal_gpio.o
       132          6          0          0          0        994   stm32f4xx_hal_msp.o
      1272         82          0          0          0       5924   stm32f4xx_hal_rcc.o
      2416          4          0          0          0      13708   stm32f4xx_hal_sd.o
       782          0          0          0          0       4625   stm32f4xx_hal_spi.o
       782          8          0          0          0       2176   stm32f4xx_hal_uart.o
        30          0          0          0          0       4506   stm32f4xx_it.o
      1630         42          0          0          0      23983   stm32f4xx_ll_sdmmc.o
        84         18         24          4          0       1287   system_stm32f4xx.o
       152         36          0          0         64       1814   usart.o
       168         18          0         21          0       4052   user_diskio.o
       390         14          0          0          0       6510   w25qxx.o

    ----------------------------------------------------------------------
     16336        784        596         64      13268     881289   Object Totals
         0          0         32          0          0          0   (incl. Generated)
        28          0          0          0          0          0   (incl. Padding)

    ----------------------------------------------------------------------

      Code (inc. data)   RO Data    RW Data    ZI Data      Debug   Library Member Name

         8          0          0          0          0         68   __main.o
         0          0          0          0          0          0   __rtentry.o
        12          0          0          0          0          0   __rtentry2.o
         6          0          0          0          0          0   __rtentry4.o
        52          8          0          0          0          0   __scatter.o
        26          0          0          0          0          0   __scatter_copy.o
        28          0          0          0          0          0   __scatter_zi.o
        18          0          0          0          0         80   exit.o
         6          0          0          0          0        152   heapauxi.o
         0          0          0          0          0          0   indicate_semi.o
         2          0          0          0          0          0   libinit.o
         6          0          0          0          0          0   libinit2.o
         2          0          0          0          0          0   libshutdown.o
         2          0          0          0          0          0   libshutdown2.o
         8          4          0          0         96         68   libspace.o
       238          0          0          0          0        100   lludivv7m.o
         2          0          0          0          0          0   rtexit.o
        10          0          0          0          0          0   rtexit2.o
        12          4          0          0          0         68   sys_exit.o
        74          0          0          0          0         80   sys_stackheap_outer.o
         2          0          0          0          0         68   use_no_semi.o
        10          0          0          0          0        116   fpinit.o

    ----------------------------------------------------------------------
       532         16          0          0        100        800   Library Totals
         8          0          0          0          4          0   (incl. Padding)

    ----------------------------------------------------------------------

      Code (inc. data)   RO Data    RW Data    ZI Data      Debug   Library Name

       514         16          0          0         96        684   c_w.l
        10          0          0          0          0        116   fz_wm.l

    ----------------------------------------------------------------------
       532         16          0          0        100        800   Library Totals

    ----------------------------------------------------------------------

==============================================================================


      Code (inc. data)   RO Data    RW Data    ZI Data      Debug   

     16868        800        596         64      13368     864681   Grand Totals
     16868        800        596         64      13368     864681   ELF Image Totals
     16868        800        596         64          0          0   ROM Totals

==============================================================================

    Total RO  Size (Code + RO Data)                17464 (  17.05kB)
    Total RW  Size (RW Data + ZI Data)             13432 (  13.12kB)
    Total ROM Size (Code + RO Data + RW Data)      17528 (  17.12kB)

==============================================================================

